******************************************************************************
             TMS320C2000 Linker Unix v22.6.1                   
******************************************************************************
>> Linked Fri Mar 22 17:35:56 2024

OUTPUT FILE NAME:   <tlc698x_lp589x_f28003x.out>
ENTRY POINT SYMBOL: "code_start"  address: 00080000


MEMORY CONFIGURATION

         name            origin    length      used     unused   attr    fill
----------------------  --------  ---------  --------  --------  ----  --------
  BOOT_RSVD             00000002   00000126  00000000  00000126  RWIX
  RAMM0                 00000128   000002d8  00000000  000002d8  RWIX
  RAMM1                 00000400   000003f8  00000200  000001f8  RWIX
  RAMLS0                00008000   00000800  0000012e  000006d2  RWIX
  RAMLS1                00008800   00000800  00000000  00000800  RWIX
  RAMLS2                00009000   00000800  00000000  00000800  RWIX
  RAMLS3                00009800   00000800  00000000  00000800  RWIX
  RAMLS4567             0000a000   00002000  00000249  00001db7  RWIX
  RAMGS0                0000c000   00001000  00000000  00001000  RWIX
  RAMGS1                0000d000   00001000  00000000  00001000  RWIX
  RAMGS2                0000e000   00001000  00000000  00001000  RWIX
  RAMGS3                0000f000   00000ff8  00000000  00000ff8  RWIX
  BEGIN                 00080000   00000002  00000002  00000000  RWIX
  FLASH_BANK0_SEC0      00080002   00000ffe  00000000  00000ffe  RWIX
  FLASH_BANK0_SEC1      00081000   00001000  00000164  00000e9c  RWIX
  FLASH_BANK0_SEC2      00082000   00001000  00001000  00000000  RWIX
  FLASH_BANK0_SEC3      00083000   00001000  00001000  00000000  RWIX
  FLASH_BANK0_SEC4      00084000   00001000  00000cff  00000301  RWIX
  FLASH_BANK0_SEC5      00085000   00001000  00000000  00001000  RWIX
  FLASH_BANK0_SEC6      00086000   00001000  00000000  00001000  RWIX
  FLASH_BANK0_SEC7      00087000   00001000  00000000  00001000  RWIX
  FLASH_BANK0_SEC8      00088000   00001000  00000000  00001000  RWIX
  FLASH_BANK0_SEC9      00089000   00001000  00000000  00001000  RWIX
  FLASH_BANK0_SEC10     0008a000   00001000  00000000  00001000  RWIX
  FLASH_BANK0_SEC11     0008b000   00001000  00000000  00001000  RWIX
  FLASH_BANK0_SEC12     0008c000   00001000  00000000  00001000  RWIX
  FLASH_BANK0_SEC13     0008d000   00001000  00000000  00001000  RWIX
  FLASH_BANK0_SEC14     0008e000   00001000  00000000  00001000  RWIX
  FLASH_BANK0_SEC15     0008f000   00001000  00000000  00001000  RWIX
  FLASH_BANK1_SEC0      00090000   00001000  00000000  00001000  RWIX
  FLASH_BANK1_SEC1      00091000   00001000  00000000  00001000  RWIX
  FLASH_BANK1_SEC2      00092000   00001000  00000000  00001000  RWIX
  FLASH_BANK1_SEC3      00093000   00001000  00000000  00001000  RWIX
  FLASH_BANK1_SEC4      00094000   00001000  00000000  00001000  RWIX
  FLASH_BANK1_SEC5      00095000   00001000  00000000  00001000  RWIX
  FLASH_BANK1_SEC6      00096000   00001000  00000000  00001000  RWIX
  FLASH_BANK1_SEC7      00097000   00001000  00000000  00001000  RWIX
  FLASH_BANK1_SEC8      00098000   00001000  00000000  00001000  RWIX
  FLASH_BANK1_SEC9      00099000   00001000  00000000  00001000  RWIX
  FLASH_BANK1_SEC10     0009a000   00001000  00000000  00001000  RWIX
  FLASH_BANK1_SEC11     0009b000   00001000  00000000  00001000  RWIX
  FLASH_BANK1_SEC12     0009c000   00001000  00000000  00001000  RWIX
  FLASH_BANK1_SEC13     0009d000   00001000  00000000  00001000  RWIX
  FLASH_BANK1_SEC14     0009e000   00001000  00000000  00001000  RWIX
  FLASH_BANK1_SEC15     0009f000   00001000  00000000  00001000  RWIX
  FLASH_BANK2_SEC0      000a0000   00001000  00000000  00001000  RWIX
  FLASH_BANK2_SEC1      000a1000   00001000  00000000  00001000  RWIX
  FLASH_BANK2_SEC2      000a2000   00001000  00000000  00001000  RWIX
  FLASH_BANK2_SEC3      000a3000   00001000  00000000  00001000  RWIX
  FLASH_BANK2_SEC4      000a4000   00001000  00000000  00001000  RWIX
  FLASH_BANK2_SEC5      000a5000   00001000  00000000  00001000  RWIX
  FLASH_BANK2_SEC6      000a6000   00001000  00000000  00001000  RWIX
  FLASH_BANK2_SEC7      000a7000   00001000  00000000  00001000  RWIX
  FLASH_BANK2_SEC8      000a8000   00001000  00000000  00001000  RWIX
  FLASH_BANK2_SEC9      000a9000   00001000  00000000  00001000  RWIX
  FLASH_BANK2_SEC10     000aa000   00001000  00000000  00001000  RWIX
  FLASH_BANK2_SEC11     000ab000   00001000  00000000  00001000  RWIX
  FLASH_BANK2_SEC12     000ac000   00001000  00000000  00001000  RWIX
  FLASH_BANK2_SEC13     000ad000   00001000  00000000  00001000  RWIX
  FLASH_BANK2_SEC14     000ae000   00001000  00000000  00001000  RWIX
  FLASH_BANK2_SEC15     000af000   00000ff0  00000000  00000ff0  RWIX
  SECURE_ROM            003f2000   00006000  00000000  00006000  RWIX
  BOOTROM               003f8000   00007fc0  00000000  00007fc0  RWIX
  RESET                 003fffc0   00000002  00000000  00000002  RWIX


SECTION ALLOCATION MAP

 output                                  attributes/
section   page    origin      length       input sections
--------  ----  ----------  ----------   ----------------
codestart 
*          0    00080000    00000002     
                  00080000    00000002     f28003x_codestartbranch.obj (codestart)

.cinit     0    00081130    00000036     
                  00081130    00000023     (.cinit..data.load) [load image, compression = lzss]
                  00081153    00000001     --HOLE-- [fill = 0]
                  00081154    00000006     (__TI_handler_table)
                  0008115a    00000004     (.cinit..bss.load) [load image, compression = zero_init]
                  0008115e    00000008     (__TI_cinit_table)

.reset     0    003fffc0    00000000     DSECT

.stack     0    00000400    00000200     UNINITIALIZED
                  00000400    00000200     --HOLE--

.init_array 
*          0    00081000    00000000     UNINITIALIZED

.data      0    0000a000    00000053     UNINITIALIZED
                  0000a000    00000020     clb_config.obj (.data:TILE1HLCInstr)
                  0000a020    00000020     clb_config.obj (.data:TILE2HLCInstr)
                  0000a040    00000006     rts2800_fpu32_eabi.lib : exit.c.obj (.data)
                  0000a046    00000004     led_hal.obj (.data:rxTileBase)
                  0000a04a    00000004     led_hal.obj (.data:txTileBase)
                  0000a04e    00000002     rts2800_fpu32_eabi.lib : _lock.c.obj (.data:_lock)
                  0000a050    00000002                            : _lock.c.obj (.data:_unlock)
                  0000a052    00000001     main.obj (.data)

.TI.ramfunc 
*          0    00081000    0000012e     RUN ADDR = 00008000
                  00081000    00000049     driverlib.lib : flash.obj (.TI.ramfunc:Flash_initModule)
                  00081049    0000002c                   : flash.obj (.TI.ramfunc:Flash_setBankPowerMode)
                  00081075    00000024                   : flash.obj (.TI.ramfunc:Flash_setWaitstates)
                  00081099    0000001d                   : flash.obj (.TI.ramfunc:Flash_setPumpPowerMode)
                  000810b6    00000018                   : flash.obj (.TI.ramfunc:Flash_disableCache)
                  000810ce    00000018                   : flash.obj (.TI.ramfunc:Flash_disablePrefetch)
                  000810e6    00000017                   : flash.obj (.TI.ramfunc:Flash_enableCache)
                  000810fd    00000017                   : flash.obj (.TI.ramfunc:Flash_enablePrefetch)
                  00081114    00000016                   : flash.obj (.TI.ramfunc:Flash_enableECC)
                  0008112a    00000004                   : sysctl.obj (.TI.ramfunc)

.bss       0    0000a058    000001f6     UNINITIALIZED
                  0000a058    00000100     led_hal.obj (.bss:clbRxRingBuff)
                  0000a158    00000079     TLC698x_LP589x_APIs.obj (.bss:img_mono)
                  0000a1d1    00000062     system_info.obj (.bss:chip_status)
                  0000a233    00000001     led_hal.obj (.bss:ringBuffHead)
                  0000a234    00000008     led_hal.obj (.bss:ledXmtBuffer)
                  0000a23c    00000004     TLC698x_LP589x_APIs.obj (.bss)
                  0000a240    00000004     TLC698x_LP589x_APIs.obj (.bss:data)
                  0000a244    00000004     led_hal.obj (.bss:ledRcvBuffer)
                  0000a248    00000002     led_hal.obj (.bss:xmtBufPtr)
                  0000a24a    00000001     led_hal.obj (.bss:ringBuffTail)
                  0000a24b    00000001     led_hal.obj (.bss:xmtCount)
                  0000a24c    00000001     led_hal.obj (.bss:xmtDone)
                  0000a24d    00000001     led_hal.obj (.bss:xmtXferSize)

.text.1    0    00082000    00001000     
                  00082000    00000461     clb_config.obj (.text:initTILE1)
                  00082461    00000461     clb_config.obj (.text:initTILE2)
                  000828c2    00000303     TLC698x_LP589x_APIs.obj (.text:LED_lod_lsd_detection)
                  00082bc5    00000141     led_hal.obj (.text:LED_HAL_clbTransferNonBlocking)
                  00082d06    00000120     driverlib.lib : sysctl.obj (.text:SysCtl_setClock)
                  00082e26    000000fe                   : sysctl.obj (.text:SysCtl_isPLLValid)
                  00082f24    000000d3     device.obj (.text:Device_enableAllPeripherals)
                  00082ff7    00000009     TLC698x_LP589x_APIs.obj (.text:LED_Write_White_ALL)

.text.2    0    00083000    00001000     
                  00083000    000000f4     board.obj (.text:CCSI1_TX_TILE_init)
                  000830f4    000000f4     board.obj (.text:CCSI2_TX_TILE_init)
                  000831e8    000000ef     led_hal.obj (.text:LED_HAL_initClbLogic)
                  000832d7    00000001     led_hal.obj (.text:LED_HAL_setupInterrupts)
                  000832d8    000000c0     main.obj (.text:main)
                  00083398    0000009c     rts2800_fpu32_eabi.lib : fd_add28.asm.obj (.text)
                  00083434    00000093     board.obj (.text:CCSI1_RX_TILE_init)
                  000834c7    00000093     board.obj (.text:EPWM_init)
                  0008355a    0000008e     board.obj (.text:CCSI2_RX_TILE_init)
                  000835e8    0000008e     main.obj (.text:configCPUTimer)
                  00083676    0000008b     rts2800_fpu32_eabi.lib : fd_div28.asm.obj (.text)
                  00083701    00000088                            : fs_div28.asm.obj (.text)
                  00083789    0000007f     driverlib.lib : interrupt.obj (.text:Interrupt_clearIFR)
                  00083808    0000007d     led_hal.obj (.text:INT_CCSI1_TX_TILE_ISR)
                  00083885    0000007d     led_hal.obj (.text:INT_CCSI2_TX_TILE_ISR)
                  00083902    00000073     board.obj (.text:CLB_configLocalInputMux)
                  00083975    00000073     driverlib.lib : sysctl.obj (.text:DCC_setCounterSeeds)
                  000839e8    0000006a                   : gpio.obj (.text:GPIO_setAnalogMode)
                  00083a52    00000065     led_hal.obj (.text:INT_CCSI1_RX_TILE_ISR)
                  00083ab7    00000065     led_hal.obj (.text:INT_CCSI2_RX_TILE_ISR)
                  00083b1c    00000065     driverlib.lib : sysctl.obj (.text:SysCtl_getClock)
                  00083b81    0000005b     led_hal.obj (.text:LED_HAL_disableClbReceiver)
                  00083bdc    0000005a     device.obj (.text:Device_init)
                  00083c36    00000059     driverlib.lib : clb.obj (.text:CLB_configCounterLoadMatch)
                  00083c8f    00000059     led_hal.obj (.text:LED_HAL_enableClbReceiver)
                  00083ce8    00000056     CCSI_Socket.obj (.text:processReadData)
                  00083d3e    00000052     driverlib.lib : gpio.obj (.text:GPIO_setPadConfig)
                  00083d90    0000004e                   : interrupt.obj (.text:Interrupt_disable)
                  00083dde    0000004c     CCSI_Socket.obj (.text:CCSI_write)
                  00083e2a    00000049     driverlib.lib : sysctl.obj (.text:SysCtl_selectOscSource)
                  00083e73    00000045                   : sysctl.obj (.text:SysCtl_pollX1Counter)
                  00083eb8    00000043     led_hal.obj (.text:LED_HAL_startLedClocks)
                  00083efb    0000003d     driverlib.lib : interrupt.obj (.text:Interrupt_initModule)
                  00083f38    0000003d                   : sysctl.obj (.text:SysCtl_selectXTAL)
                  00083f75    00000038     board.obj (.text:PinMux_init)
                  00083fad    00000038     driverlib.lib : xbar.obj (.text:XBAR_setOutputMuxConfig)
                  00083fe5    0000001b                   : clb.obj (.text:CLB_isBaseValid)

.text.3    0    00084000    000007c9     
                  00084000    00000037     driverlib.lib : gpio.obj (.text:GPIO_setPinConfig)
                  00084037    00000037                   : gpio.obj (.text:GPIO_setQualificationMode)
                  0008406e    00000037                   : interrupt.obj (.text:Interrupt_enable)
                  000840a5    00000034     TLC698x_LP589x_APIs.obj (.text:LED_Write_RGB_Custom_ALL)
                  000840d9    00000032     CCSI_Socket.obj (.text:CCSI_write_sync)
                  0008410b    00000031     board.obj (.text:Board_init)
                  0008413c    00000031     CCSI_Socket.obj (.text:CCSI_read)
                  0008416d    00000031     driverlib.lib : gpio.obj (.text:GPIO_setDirectionMode)
                  0008419e    00000030     rts2800_fpu32_eabi.lib : copy_decompress_lzss.c.obj (.text:decompress:lzss)
                  000841ce    0000002f     driverlib.lib : xbar.obj (.text:XBAR_setCLBMuxConfig)
                  000841fd    0000002e                   : clb.obj (.text:CLB_writeInterface)
                  0008422b    0000002d     board.obj (.text:INTERRUPT_init)
                  00084258    0000002b     driverlib.lib : epwm.obj (.text:EPWM_isBaseValid)
                  00084283    0000002b     rts2800_fpu32_eabi.lib : autoinit.c.obj (.text:__TI_auto_init_nobinit_nopinit)
                  000842ae    00000029                            : exit.c.obj (.text)
                  000842d7    00000024     driverlib.lib : sysctl.obj (.text:DCC_enableSingleShotMode)
                  000842fb    00000024     led_hal.obj (.text:LED_HAL_clbRxRingBuffWrite)
                  0008431f    00000022     led_hal.obj (.text:LED_HAL_clbRxRingBuffRead)
                  00084341    00000020     driverlib.lib : sysctl.obj (.text:SysCtl_selectXTALSingleEnded)
                  00084361    0000001e     board.obj (.text:CLB_SCLK_1_init)
                  0008437f    0000001e     board.obj (.text:CLB_SCLK_2_init)
                  0008439d    0000001e     board.obj (.text:CLB_SOUT_1_init)
                  000843bb    0000001e     board.obj (.text:CLB_SOUT_2_init)
                  000843d9    0000001e     board.obj (.text:CLB_SPICLK_1_init)
                  000843f7    0000001e     driverlib.lib : sysctl.obj (.text:DCC_setCounter0ClkSource)
                  00084415    0000001e                   : sysctl.obj (.text:DCC_setCounter1ClkSource)
                  00084433    0000001e                   : interrupt.obj (.text:Interrupt_initVectorTable)
                  00084451    0000001e     TLC698x_LP589x_APIs.obj (.text:LED_Write_Reg_Broadcast)
                  0008446f    0000001d     rts2800_fpu32_eabi.lib : memcpy.c.obj (.text)
                  0008448c    0000001c     main.obj (.text:initCPUTimer)
                  000844a8    0000001c     TLC698x_LP589x_APIs.obj (.text:sendSYNCinternal)
                  000844c4    0000001b     driverlib.lib : xbar.obj (.text:XBAR_isBaseValid)
                  000844df    0000001b     rts2800_fpu32_eabi.lib : fd_toul28.asm.obj (.text)
                  000844fa    0000001a     driverlib.lib : sysctl.obj (.text:SysCtl_getLowSpeedClock)
                  00084514    00000019     led_hal.obj (.text:LED_HAL_setupProfilingGPIO)
                  0008452d    00000017     driverlib.lib : cputimer.obj (.text:CPUTimer_isBaseValid)
                  00084544    00000017                   : sysctl.obj (.text:SysCtl_enablePeripheral)
                  0008455b    00000017     main.obj (.text:cpuTimer0ISR)
                  00084572    00000017     rts2800_fpu32_eabi.lib : boot28.asm.obj (.text)
                  00084589    00000016     driverlib.lib : sysctl.obj (.text:DCC_disableDoneSignal)
                  0008459f    00000016                   : epwm.obj (.text:EPWM_setEmulationMode)
                  000845b5    00000016                   : interrupt.obj (.text:Interrupt_defaultHandler)
                  000845cb    00000016     rts2800_fpu32_eabi.lib : ul_tofd28.asm.obj (.text)
                  000845e1    00000015     driverlib.lib : sysctl.obj (.text:DCC_clearDoneFlag)
                  000845f6    00000015                   : sysctl.obj (.text:DCC_clearErrorFlag)
                  0008460b    00000015                   : sysctl.obj (.text:DCC_disableErrorSignal)
                  00084620    00000015                   : sysctl.obj (.text:DCC_isBaseValid)
                  00084635    00000014                   : sysctl.obj (.text:DCC_disableModule)
                  00084649    00000014                   : sysctl.obj (.text:DCC_enableModule)
                  0008465d    00000014                   : gpio.obj (.text:GPIO_isPinValid)
                  00084671    00000014                   : sysctl.obj (.text:SysCtl_setPLLSysClk)
                  00084685    00000013                   : cputimer.obj (.text:CPUTimer_setEmulationMode)
                  00084698    00000012     TLC698x_LP589x_APIs.obj (.text:LED_Set_Chip_Index)
                  000846aa    00000011     board.obj (.text:SYNC_init)
                  000846bb    00000010     device.obj (.text:Device_initGPIO)
                  000846cb    00000010     driverlib.lib : flash.obj (.text:Flash_isCtrlBaseValid)
                  000846db    00000010                   : flash.obj (.text:Flash_isECCBaseValid)
                  000846eb    0000000e                   : clb.obj (.text:CLB_isAddressValid)
                  000846f9    0000000e     rts2800_fpu32_eabi.lib : fd_sub28.asm.obj (.text)
                  00084707    0000000d     driverlib.lib : interrupt.obj (.text:Interrupt_disableGlobal)
                  00084714    0000000d                   : interrupt.obj (.text:Interrupt_enableGlobal)
                  00084721    0000000d     rts2800_fpu32_eabi.lib : copy_zero_init.c.obj (.text:decompress:ZI:__TI_zero_init_nomemset)
                  0008472e    0000000d     TLC698x_LP589x_APIs.obj (.text:setData)
                  0008473b    0000000c     rts2800_fpu32_eabi.lib : args_main.c.obj (.text)
                  00084747    0000000b     driverlib.lib : sysctl.obj (.text:SysCtl_isMCDClockFailureDetected)
                  00084752    0000000a                   : interrupt.obj (.text:Interrupt_illegalOperationHandler)
                  0008475c    0000000a                   : interrupt.obj (.text:Interrupt_nmiHandler)
                  00084766    00000009     rts2800_fpu32_eabi.lib : _lock.c.obj (.text)
                  0008476f    00000008     led_hal.obj (.text:LED_HAL_ringBufferReset)
                  00084777    00000008     rts2800_fpu32_eabi.lib : copy_decompress_none.c.obj (.text:decompress:none)
                  0008477f    00000008     f28003x_codestartbranch.obj (.text)
                  00084787    00000007     TLC698x_LP589x_APIs.obj (.text:LED_Update_Chip_Status)
                  0008478e    00000007     driverlib.lib : sysctl.obj (.text:SysCtl_resetMCD)
                  00084795    00000006     TLC698x_LP589x_APIs.obj (.text:LED_Write_Black_ALL)
                  0008479b    00000006     board.obj (.text:myCLBINPUTXBARINPUT0_init)
                  000847a1    00000006     board.obj (.text:myCLBINPUTXBARINPUT1_init)
                  000847a7    00000006     board.obj (.text:myCLBINPUTXBARINPUT2_init)
                  000847ad    00000006     board.obj (.text:myCLBINPUTXBARINPUT3_init)
                  000847b3    00000004     led_hal.obj (.text:LED_HAL_SclkInHz)
                  000847b7    00000004     led_hal.obj (.text:LED_HAL_clbSyncTransferStart)
                  000847bb    00000004     TLC698x_LP589x_APIs.obj (.text:sendSYNC)
                  000847bf    00000004     TLC698x_LP589x_APIs.obj (.text:sendSYNCnoWait)
                  000847c3    00000003     device.obj (.text:__error__)
                  000847c6    00000002     rts2800_fpu32_eabi.lib : pre_init.c.obj (.text)
                  000847c8    00000001                            : startup.c.obj (.text)

.const     0    000847d0    00000536     
                  000847d0    0000009b     driverlib.lib : flash.obj (.const:.string)
                  0008486b    00000001     system_info.obj (.const:CASCADED_UNITS)
                  0008486c    0000009a     driverlib.lib : sysctl.obj (.const:.string)
                  00084906    00000098                   : epwm.obj (.const:.string)
                  0008499e    00000098                   : gpio.obj (.const:.string)
                  00084a36    00000097                   : clb.obj (.const:.string)
                  00084acd    00000001     system_info.obj (.const)
                  00084ace    00000053     main.obj (.const:.string)
                  00084b21    00000001     --HOLE-- [fill = 0]
                  00084b22    00000051     driverlib.lib : interrupt.obj (.const:.string)
                  00084b73    00000001     --HOLE-- [fill = 0]
                  00084b74    00000050                   : cputimer.obj (.const:.string)
                  00084bc4    0000004e     board.obj (.const:.string)
                  00084c12    0000004e     clb_config.obj (.const:.string)
                  00084c60    0000004e     led_hal.obj (.const:.string)
                  00084cae    0000004c     driverlib.lib : xbar.obj (.const:.string)
                  00084cfa    0000000c     TLC698x_LP589x_APIs.obj (.const)

MODULE SUMMARY

       Module                        code    ro data   rw data
       ------                        ----    -------   -------
    ./
       led_hal.obj                   1371    78        283    
       TLC698x_LP589x_APIs.obj       942     12        129    
       main.obj                      385     83        1      
       CCSI_Socket.obj               261     0         0      
       system_info.obj               0       2         98     
    +--+-----------------------------+-------+---------+---------+
       Total:                        2959    175       511    
                                                              
    ./device/
       device.obj                    320     0         0      
       f28003x_codestartbranch.obj   10      0         0      
    +--+-----------------------------+-------+---------+---------+
       Total:                        330     0         0      
                                                              
    ./syscfg/
       clb_config.obj                2242    78        64     
       board.obj                     1380    78        0      
    +--+-----------------------------+-------+---------+---------+
       Total:                        3622    156       64     
                                                              
    /Applications/ti/c2000/C2000Ware_5_01_00_00/driverlib/f28003x/driverlib/ccs/Debug/driverlib.lib
       sysctl.obj                    1330    154       0      
       flash.obj                     628     155       0      
       gpio.obj                      367     152       0      
       interrupt.obj                 419     81        0      
       clb.obj                       176     151       0      
       epwm.obj                      65      152       0      
       xbar.obj                      130     76        0      
       cputimer.obj                  42      80        0      
    +--+-----------------------------+-------+---------+---------+
       Total:                        3157    1001      0      
                                                              
    /Applications/ti/ccs1260/ccs/tools/compiler/ti-cgt-c2000_22.6.1.LTS/lib/rts2800_fpu32_eabi.lib
       fd_add28.asm.obj              156     0         0      
       fd_div28.asm.obj              139     0         0      
       fs_div28.asm.obj              136     0         0      
       copy_decompress_lzss.c.obj    48      0         0      
       exit.c.obj                    41      0         6      
       autoinit.c.obj                43      0         0      
       memcpy.c.obj                  29      0         0      
       fd_toul28.asm.obj             27      0         0      
       boot28.asm.obj                23      0         0      
       ul_tofd28.asm.obj             22      0         0      
       fd_sub28.asm.obj              14      0         0      
       _lock.c.obj                   9       0         4      
       copy_zero_init.c.obj          13      0         0      
       args_main.c.obj               12      0         0      
       copy_decompress_none.c.obj    8       0         0      
       pre_init.c.obj                2       0         0      
       startup.c.obj                 1       0         0      
    +--+-----------------------------+-------+---------+---------+
       Total:                        723     0         10     
                                                              
       Stack:                        0       0         512    
       Linker Generated:             0       53        0      
    +--+-----------------------------+-------+---------+---------+
       Grand Total:                  10791   1385      1097   


LINKER GENERATED COPY TABLES

__TI_cinit_table @ 0008115e records: 2, size/record: 4, table size: 8
	.data: load addr=00081130, load size=00000023 bytes, run addr=0000a000, run size=00000053 bytes, compression=lzss
	.bss: load addr=0008115a, load size=00000004 bytes, run addr=0000a058, run size=000001f6 bytes, compression=zero_init


LINKER GENERATED HANDLER TABLE

__TI_handler_table @ 00081154 records: 3, size/record: 2, table size: 6
	index: 0, handler: __TI_zero_init
	index: 1, handler: __TI_decompress_lzss
	index: 2, handler: __TI_decompress_none


GLOBAL DATA SYMBOLS: SORTED BY DATA PAGE

address     data page           name
--------    ----------------    ----
00000400      10 (00000400)     __stack

0000a000     280 (0000a000)     TILE1HLCInstr
0000a020     280 (0000a000)     TILE2HLCInstr

0000a040     281 (0000a040)     __TI_enable_exit_profile_output
0000a042     281 (0000a040)     __TI_cleanup_ptr
0000a044     281 (0000a040)     __TI_dtors_ptr
0000a046     281 (0000a040)     rxTileBase
0000a04a     281 (0000a040)     txTileBase
0000a04e     281 (0000a040)     _lock
0000a050     281 (0000a040)     _unlock
0000a052     281 (0000a040)     cpuTimer0IntCount
0000a058     281 (0000a040)     clbRxRingBuff

0000a158     285 (0000a140)     img_mono

0000a1d1     287 (0000a1c0)     chip_status

0000a233     288 (0000a200)     ringBuffHead
0000a234     288 (0000a200)     ledXmtBuffer
0000a23c     288 (0000a200)     vsyncDone
0000a23e     288 (0000a200)     sub_period_in_us

0000a240     289 (0000a240)     data
0000a244     289 (0000a240)     ledRcvBuffer
0000a248     289 (0000a240)     xmtBufPtr
0000a24a     289 (0000a240)     ringBuffTail
0000a24b     289 (0000a240)     xmtCount
0000a24c     289 (0000a240)     xmtDone
0000a24d     289 (0000a240)     xmtXferSize

0008486b    2121 (00084840)     CASCADED_UNITS

00084acd    212b (00084ac0)     FRAME_PERIOD


GLOBAL SYMBOLS: SORTED ALPHABETICALLY BY Name 

page  address   name                             
----  -------   ----                             
0     0008410b  Board_init                       
0     000842ae  C$$EXIT                          
0     0008486b  CASCADED_UNITS                   
0     00083434  CCSI1_RX_TILE_init               
0     00083000  CCSI1_TX_TILE_init               
0     0008355a  CCSI2_RX_TILE_init               
0     000830f4  CCSI2_TX_TILE_init               
0     0008413c  CCSI_read                        
0     00083dde  CCSI_write                       
0     000840d9  CCSI_write_sync                  
0     00084361  CLB_SCLK_1_init                  
0     0008437f  CLB_SCLK_2_init                  
0     0008439d  CLB_SOUT_1_init                  
0     000843bb  CLB_SOUT_2_init                  
0     000843d9  CLB_SPICLK_1_init                
0     00083c36  CLB_configCounterLoadMatch       
0     00084685  CPUTimer_setEmulationMode        
0     00082f24  Device_enableAllPeripherals      
0     00083bdc  Device_init                      
0     000846bb  Device_initGPIO                  
0     000834c7  EPWM_init                        
0     0008459f  EPWM_setEmulationMode            
0     00084acd  FRAME_PERIOD                     
0     00008000  Flash_initModule                 
0     000839e8  GPIO_setAnalogMode               
0     0008416d  GPIO_setDirectionMode            
0     00083d3e  GPIO_setPadConfig                
0     00084000  GPIO_setPinConfig                
0     00084037  GPIO_setQualificationMode        
0     0008422b  INTERRUPT_init                   
0     00083a52  INT_CCSI1_RX_TILE_ISR            
0     00083808  INT_CCSI1_TX_TILE_ISR            
0     00083ab7  INT_CCSI2_RX_TILE_ISR            
0     00083885  INT_CCSI2_TX_TILE_ISR            
0     000845b5  Interrupt_defaultHandler         
0     00083d90  Interrupt_disable                
0     0008406e  Interrupt_enable                 
0     00084752  Interrupt_illegalOperationHandler
0     00083efb  Interrupt_initModule             
0     00084433  Interrupt_initVectorTable        
0     0008475c  Interrupt_nmiHandler             
0     000847b3  LED_HAL_SclkInHz                 
0     0008431f  LED_HAL_clbRxRingBuffRead        
0     000842fb  LED_HAL_clbRxRingBuffWrite       
0     000847b7  LED_HAL_clbSyncTransferStart     
0     00082bc5  LED_HAL_clbTransferNonBlocking   
0     00083b81  LED_HAL_disableClbReceiver       
0     00083c8f  LED_HAL_enableClbReceiver        
0     000831e8  LED_HAL_initClbLogic             
0     0008476f  LED_HAL_ringBufferReset          
0     000832d7  LED_HAL_setupInterrupts          
0     00084514  LED_HAL_setupProfilingGPIO       
0     00083eb8  LED_HAL_startLedClocks           
0     00084698  LED_Set_Chip_Index               
0     00084787  LED_Update_Chip_Status           
0     00084795  LED_Write_Black_ALL              
0     000840a5  LED_Write_RGB_Custom_ALL         
0     00084451  LED_Write_Reg_Broadcast          
0     00082ff7  LED_Write_White_ALL              
0     000828c2  LED_lod_lsd_detection            
0     000843bb  OUTPUTXBAR_init                  
0     00083f75  PinMux_init                      
0     0008112e  RamfuncsLoadEnd                  
abs   0000012e  RamfuncsLoadSize                 
0     00081000  RamfuncsLoadStart                
0     0000812e  RamfuncsRunEnd                   
abs   0000012e  RamfuncsRunSize                  
0     00008000  RamfuncsRunStart                 
0     000846aa  SYNC_init                        
0     0000812a  SysCtl_delay                     
0     00083b1c  SysCtl_getClock                  
0     000844fa  SysCtl_getLowSpeedClock          
0     00082e26  SysCtl_isPLLValid                
0     00083e2a  SysCtl_selectOscSource           
0     00083f38  SysCtl_selectXTAL                
0     00084341  SysCtl_selectXTALSingleEnded     
0     00082d06  SysCtl_setClock                  
0     0000a000  TILE1HLCInstr                    
0     0000a020  TILE2HLCInstr                    
0     000841ce  XBAR_setCLBMuxConfig             
0     00083fad  XBAR_setOutputMuxConfig          
0     0008115e  __TI_CINIT_Base                  
0     00081166  __TI_CINIT_Limit                 
0     00081166  __TI_CINIT_Warm                  
0     00081154  __TI_Handler_Table_Base          
0     0008115a  __TI_Handler_Table_Limit         
0     00000600  __TI_STACK_END                   
abs   00000200  __TI_STACK_SIZE                  
0     00084283  __TI_auto_init_nobinit_nopinit   
0     0000a042  __TI_cleanup_ptr                 
0     0008419e  __TI_decompress_lzss             
0     00084777  __TI_decompress_none             
0     0000a044  __TI_dtors_ptr                   
0     0000a040  __TI_enable_exit_profile_output  
abs   ffffffff  __TI_pprof_out_hndl              
abs   ffffffff  __TI_prof_data_size              
abs   ffffffff  __TI_prof_data_start             
0     00084721  __TI_zero_init_nomemset          
0     00083398  __c28xabi_addd                   
0     00083676  __c28xabi_divd                   
0     00083701  __c28xabi_divf                   
0     000844df  __c28xabi_dtoul                  
0     000846f9  __c28xabi_subd                   
0     000845cb  __c28xabi_ultod                  
n/a   UNDEFED   __c_args__                       
0     000847c3  __error__                        
0     00000400  __stack                          
0     0008473b  _args_main                       
0     00084572  _c_int00                         
0     0000a04e  _lock                            
0     0008476e  _nop                             
0     0008476a  _register_lock                   
0     00084766  _register_unlock                 
0     000847c8  _system_post_cinit               
0     000847c6  _system_pre_init                 
0     0000a050  _unlock                          
0     000842ae  abort                            
0     0000a1d1  chip_status                      
0     0000a058  clbRxRingBuff                    
0     00080000  code_start                       
0     000835e8  configCPUTimer                   
0     0008455b  cpuTimer0ISR                     
0     0000a052  cpuTimer0IntCount                
0     0000a240  data                             
0     000842b0  exit                             
0     0000a158  img_mono                         
0     0008448c  initCPUTimer                     
0     00082000  initTILE1                        
0     00082461  initTILE2                        
0     0000a244  ledRcvBuffer                     
0     0000a234  ledXmtBuffer                     
0     000832d8  main                             
0     0008446f  memcpy                           
0     0008479b  myCLBINPUTXBARINPUT0_init        
0     000847a1  myCLBINPUTXBARINPUT1_init        
0     000847a7  myCLBINPUTXBARINPUT2_init        
0     000847ad  myCLBINPUTXBARINPUT3_init        
0     00083ce8  processReadData                  
0     0000a233  ringBuffHead                     
0     0000a24a  ringBuffTail                     
0     0000a046  rxTileBase                       
0     000847bb  sendSYNC                         
0     000844a8  sendSYNCinternal                 
0     000847bf  sendSYNCnoWait                   
0     0008472e  setData                          
0     0000a23e  sub_period_in_us                 
0     0000a04a  txTileBase                       
0     0000a23c  vsyncDone                        
0     0000a248  xmtBufPtr                        
0     0000a24b  xmtCount                         
0     0000a24c  xmtDone                          
0     0000a24d  xmtXferSize                      


GLOBAL SYMBOLS: SORTED BY Symbol Address 

page  address   name                             
----  -------   ----                             
0     00000400  __stack                          
0     00000600  __TI_STACK_END                   
0     00008000  Flash_initModule                 
0     00008000  RamfuncsRunStart                 
0     0000812a  SysCtl_delay                     
0     0000812e  RamfuncsRunEnd                   
0     0000a000  TILE1HLCInstr                    
0     0000a020  TILE2HLCInstr                    
0     0000a040  __TI_enable_exit_profile_output  
0     0000a042  __TI_cleanup_ptr                 
0     0000a044  __TI_dtors_ptr                   
0     0000a046  rxTileBase                       
0     0000a04a  txTileBase                       
0     0000a04e  _lock                            
0     0000a050  _unlock                          
0     0000a052  cpuTimer0IntCount                
0     0000a058  clbRxRingBuff                    
0     0000a158  img_mono                         
0     0000a1d1  chip_status                      
0     0000a233  ringBuffHead                     
0     0000a234  ledXmtBuffer                     
0     0000a23c  vsyncDone                        
0     0000a23e  sub_period_in_us                 
0     0000a240  data                             
0     0000a244  ledRcvBuffer                     
0     0000a248  xmtBufPtr                        
0     0000a24a  ringBuffTail                     
0     0000a24b  xmtCount                         
0     0000a24c  xmtDone                          
0     0000a24d  xmtXferSize                      
0     00080000  code_start                       
0     00081000  RamfuncsLoadStart                
0     0008112e  RamfuncsLoadEnd                  
0     00081154  __TI_Handler_Table_Base          
0     0008115a  __TI_Handler_Table_Limit         
0     0008115e  __TI_CINIT_Base                  
0     00081166  __TI_CINIT_Limit                 
0     00081166  __TI_CINIT_Warm                  
0     00082000  initTILE1                        
0     00082461  initTILE2                        
0     000828c2  LED_lod_lsd_detection            
0     00082bc5  LED_HAL_clbTransferNonBlocking   
0     00082d06  SysCtl_setClock                  
0     00082e26  SysCtl_isPLLValid                
0     00082f24  Device_enableAllPeripherals      
0     00082ff7  LED_Write_White_ALL              
0     00083000  CCSI1_TX_TILE_init               
0     000830f4  CCSI2_TX_TILE_init               
0     000831e8  LED_HAL_initClbLogic             
0     000832d7  LED_HAL_setupInterrupts          
0     000832d8  main                             
0     00083398  __c28xabi_addd                   
0     00083434  CCSI1_RX_TILE_init               
0     000834c7  EPWM_init                        
0     0008355a  CCSI2_RX_TILE_init               
0     000835e8  configCPUTimer                   
0     00083676  __c28xabi_divd                   
0     00083701  __c28xabi_divf                   
0     00083808  INT_CCSI1_TX_TILE_ISR            
0     00083885  INT_CCSI2_TX_TILE_ISR            
0     000839e8  GPIO_setAnalogMode               
0     00083a52  INT_CCSI1_RX_TILE_ISR            
0     00083ab7  INT_CCSI2_RX_TILE_ISR            
0     00083b1c  SysCtl_getClock                  
0     00083b81  LED_HAL_disableClbReceiver       
0     00083bdc  Device_init                      
0     00083c36  CLB_configCounterLoadMatch       
0     00083c8f  LED_HAL_enableClbReceiver        
0     00083ce8  processReadData                  
0     00083d3e  GPIO_setPadConfig                
0     00083d90  Interrupt_disable                
0     00083dde  CCSI_write                       
0     00083e2a  SysCtl_selectOscSource           
0     00083eb8  LED_HAL_startLedClocks           
0     00083efb  Interrupt_initModule             
0     00083f38  SysCtl_selectXTAL                
0     00083f75  PinMux_init                      
0     00083fad  XBAR_setOutputMuxConfig          
0     00084000  GPIO_setPinConfig                
0     00084037  GPIO_setQualificationMode        
0     0008406e  Interrupt_enable                 
0     000840a5  LED_Write_RGB_Custom_ALL         
0     000840d9  CCSI_write_sync                  
0     0008410b  Board_init                       
0     0008413c  CCSI_read                        
0     0008416d  GPIO_setDirectionMode            
0     0008419e  __TI_decompress_lzss             
0     000841ce  XBAR_setCLBMuxConfig             
0     0008422b  INTERRUPT_init                   
0     00084283  __TI_auto_init_nobinit_nopinit   
0     000842ae  C$$EXIT                          
0     000842ae  abort                            
0     000842b0  exit                             
0     000842fb  LED_HAL_clbRxRingBuffWrite       
0     0008431f  LED_HAL_clbRxRingBuffRead        
0     00084341  SysCtl_selectXTALSingleEnded     
0     00084361  CLB_SCLK_1_init                  
0     0008437f  CLB_SCLK_2_init                  
0     0008439d  CLB_SOUT_1_init                  
0     000843bb  CLB_SOUT_2_init                  
0     000843bb  OUTPUTXBAR_init                  
0     000843d9  CLB_SPICLK_1_init                
0     00084433  Interrupt_initVectorTable        
0     00084451  LED_Write_Reg_Broadcast          
0     0008446f  memcpy                           
0     0008448c  initCPUTimer                     
0     000844a8  sendSYNCinternal                 
0     000844df  __c28xabi_dtoul                  
0     000844fa  SysCtl_getLowSpeedClock          
0     00084514  LED_HAL_setupProfilingGPIO       
0     0008455b  cpuTimer0ISR                     
0     00084572  _c_int00                         
0     0008459f  EPWM_setEmulationMode            
0     000845b5  Interrupt_defaultHandler         
0     000845cb  __c28xabi_ultod                  
0     00084685  CPUTimer_setEmulationMode        
0     00084698  LED_Set_Chip_Index               
0     000846aa  SYNC_init                        
0     000846bb  Device_initGPIO                  
0     000846f9  __c28xabi_subd                   
0     00084721  __TI_zero_init_nomemset          
0     0008472e  setData                          
0     0008473b  _args_main                       
0     00084752  Interrupt_illegalOperationHandler
0     0008475c  Interrupt_nmiHandler             
0     00084766  _register_unlock                 
0     0008476a  _register_lock                   
0     0008476e  _nop                             
0     0008476f  LED_HAL_ringBufferReset          
0     00084777  __TI_decompress_none             
0     00084787  LED_Update_Chip_Status           
0     00084795  LED_Write_Black_ALL              
0     0008479b  myCLBINPUTXBARINPUT0_init        
0     000847a1  myCLBINPUTXBARINPUT1_init        
0     000847a7  myCLBINPUTXBARINPUT2_init        
0     000847ad  myCLBINPUTXBARINPUT3_init        
0     000847b3  LED_HAL_SclkInHz                 
0     000847b7  LED_HAL_clbSyncTransferStart     
0     000847bb  sendSYNC                         
0     000847bf  sendSYNCnoWait                   
0     000847c3  __error__                        
0     000847c6  _system_pre_init                 
0     000847c8  _system_post_cinit               
0     0008486b  CASCADED_UNITS                   
0     00084acd  FRAME_PERIOD                     
abs   0000012e  RamfuncsLoadSize                 
abs   0000012e  RamfuncsRunSize                  
abs   00000200  __TI_STACK_SIZE                  
abs   ffffffff  __TI_pprof_out_hndl              
abs   ffffffff  __TI_prof_data_size              
abs   ffffffff  __TI_prof_data_start             
n/a   UNDEFED   __c_args__                       

[152 symbols]
