<?xml version="1.0" encoding="ISO-8859-1" ?>
<link_info>
   <banner>TMS320C2000 Linker Unix v22.6.1.LTS</banner>
   <copyright>Copyright (c) 1996-2018 Texas Instruments Incorporated</copyright>
   <link_time>0x65b9ac1b</link_time>
   <link_errors>0x0</link_errors>
   <output_file>tlc698x_lp589x_f28003x.out</output_file>
   <entry_point>
      <name>code_start</name>
      <address>0x80000</address>
   </entry_point>
   <input_file_list>
      <input_file id="fl-2">
         <path>./</path>
         <kind>object</kind>
         <file>CCSI_Socket.obj</file>
         <name>CCSI_Socket.obj</name>
      </input_file>
      <input_file id="fl-3">
         <path>./</path>
         <kind>object</kind>
         <file>TLC698x_LP589x_APIs.obj</file>
         <name>TLC698x_LP589x_APIs.obj</name>
      </input_file>
      <input_file id="fl-4">
         <path>./</path>
         <kind>object</kind>
         <file>frames.obj</file>
         <name>frames.obj</name>
      </input_file>
      <input_file id="fl-5">
         <path>./</path>
         <kind>object</kind>
         <file>led_hal.obj</file>
         <name>led_hal.obj</name>
      </input_file>
      <input_file id="fl-6">
         <path>./</path>
         <kind>object</kind>
         <file>main.obj</file>
         <name>main.obj</name>
      </input_file>
      <input_file id="fl-7">
         <path>./</path>
         <kind>object</kind>
         <file>system_info.obj</file>
         <name>system_info.obj</name>
      </input_file>
      <input_file id="fl-8">
         <path>./syscfg/</path>
         <kind>object</kind>
         <file>board.obj</file>
         <name>board.obj</name>
      </input_file>
      <input_file id="fl-9">
         <path>./syscfg/</path>
         <kind>object</kind>
         <file>clb_config.obj</file>
         <name>clb_config.obj</name>
      </input_file>
      <input_file id="fl-a">
         <path>./syscfg/</path>
         <kind>object</kind>
         <file>clb_sim.obj</file>
         <name>clb_sim.obj</name>
      </input_file>
      <input_file id="fl-b">
         <path>./syscfg/</path>
         <kind>object</kind>
         <file>c2000ware_libraries.obj</file>
         <name>c2000ware_libraries.obj</name>
      </input_file>
      <input_file id="fl-c">
         <path>./device/</path>
         <kind>object</kind>
         <file>device.obj</file>
         <name>device.obj</name>
      </input_file>
      <input_file id="fl-d">
         <path>./device/</path>
         <kind>object</kind>
         <file>f28003x_codestartbranch.obj</file>
         <name>f28003x_codestartbranch.obj</name>
      </input_file>
      <input_file id="fl-12">
         <kind>object</kind>
         <file>&lt;internal&gt;</file>
         <name>&lt;internal&gt;</name>
      </input_file>
      <input_file id="fl-13">
         <path>/Applications/ti/c2000/C2000Ware_5_01_00_00/driverlib/f28003x/driverlib/ccs/Debug/</path>
         <kind>archive</kind>
         <file>driverlib.lib</file>
         <name>clb.obj</name>
      </input_file>
      <input_file id="fl-14">
         <path>/Applications/ti/c2000/C2000Ware_5_01_00_00/driverlib/f28003x/driverlib/ccs/Debug/</path>
         <kind>archive</kind>
         <file>driverlib.lib</file>
         <name>cputimer.obj</name>
      </input_file>
      <input_file id="fl-15">
         <path>/Applications/ti/c2000/C2000Ware_5_01_00_00/driverlib/f28003x/driverlib/ccs/Debug/</path>
         <kind>archive</kind>
         <file>driverlib.lib</file>
         <name>epwm.obj</name>
      </input_file>
      <input_file id="fl-16">
         <path>/Applications/ti/c2000/C2000Ware_5_01_00_00/driverlib/f28003x/driverlib/ccs/Debug/</path>
         <kind>archive</kind>
         <file>driverlib.lib</file>
         <name>flash.obj</name>
      </input_file>
      <input_file id="fl-17">
         <path>/Applications/ti/c2000/C2000Ware_5_01_00_00/driverlib/f28003x/driverlib/ccs/Debug/</path>
         <kind>archive</kind>
         <file>driverlib.lib</file>
         <name>gpio.obj</name>
      </input_file>
      <input_file id="fl-18">
         <path>/Applications/ti/c2000/C2000Ware_5_01_00_00/driverlib/f28003x/driverlib/ccs/Debug/</path>
         <kind>archive</kind>
         <file>driverlib.lib</file>
         <name>interrupt.obj</name>
      </input_file>
      <input_file id="fl-19">
         <path>/Applications/ti/c2000/C2000Ware_5_01_00_00/driverlib/f28003x/driverlib/ccs/Debug/</path>
         <kind>archive</kind>
         <file>driverlib.lib</file>
         <name>sysctl.obj</name>
      </input_file>
      <input_file id="fl-1a">
         <path>/Applications/ti/c2000/C2000Ware_5_01_00_00/driverlib/f28003x/driverlib/ccs/Debug/</path>
         <kind>archive</kind>
         <file>driverlib.lib</file>
         <name>xbar.obj</name>
      </input_file>
      <input_file id="fl-26">
         <path>/Applications/ti/ccs1260/ccs/tools/compiler/ti-cgt-c2000_22.6.1.LTS/lib/</path>
         <kind>archive</kind>
         <file>rts2800_fpu32_eabi.lib</file>
         <name>boot28.asm.obj</name>
      </input_file>
      <input_file id="fl-27">
         <path>/Applications/ti/ccs1260/ccs/tools/compiler/ti-cgt-c2000_22.6.1.LTS/lib/</path>
         <kind>archive</kind>
         <file>rts2800_fpu32_eabi.lib</file>
         <name>fd_sub28.asm.obj</name>
      </input_file>
      <input_file id="fl-28">
         <path>/Applications/ti/ccs1260/ccs/tools/compiler/ti-cgt-c2000_22.6.1.LTS/lib/</path>
         <kind>archive</kind>
         <file>rts2800_fpu32_eabi.lib</file>
         <name>fd_toul28.asm.obj</name>
      </input_file>
      <input_file id="fl-29">
         <path>/Applications/ti/ccs1260/ccs/tools/compiler/ti-cgt-c2000_22.6.1.LTS/lib/</path>
         <kind>archive</kind>
         <file>rts2800_fpu32_eabi.lib</file>
         <name>fs_div28.asm.obj</name>
      </input_file>
      <input_file id="fl-2a">
         <path>/Applications/ti/ccs1260/ccs/tools/compiler/ti-cgt-c2000_22.6.1.LTS/lib/</path>
         <kind>archive</kind>
         <file>rts2800_fpu32_eabi.lib</file>
         <name>ul_tofd28.asm.obj</name>
      </input_file>
      <input_file id="fl-2b">
         <path>/Applications/ti/ccs1260/ccs/tools/compiler/ti-cgt-c2000_22.6.1.LTS/lib/</path>
         <kind>archive</kind>
         <file>rts2800_fpu32_eabi.lib</file>
         <name>fd_div28.asm.obj</name>
      </input_file>
      <input_file id="fl-2c">
         <path>/Applications/ti/ccs1260/ccs/tools/compiler/ti-cgt-c2000_22.6.1.LTS/lib/</path>
         <kind>archive</kind>
         <file>rts2800_fpu32_eabi.lib</file>
         <name>memcpy.c.obj</name>
      </input_file>
      <input_file id="fl-2d">
         <path>/Applications/ti/ccs1260/ccs/tools/compiler/ti-cgt-c2000_22.6.1.LTS/lib/</path>
         <kind>archive</kind>
         <file>rts2800_fpu32_eabi.lib</file>
         <name>pre_init.c.obj</name>
      </input_file>
      <input_file id="fl-2e">
         <path>/Applications/ti/ccs1260/ccs/tools/compiler/ti-cgt-c2000_22.6.1.LTS/lib/</path>
         <kind>archive</kind>
         <file>rts2800_fpu32_eabi.lib</file>
         <name>autoinit.c.obj</name>
      </input_file>
      <input_file id="fl-2f">
         <path>/Applications/ti/ccs1260/ccs/tools/compiler/ti-cgt-c2000_22.6.1.LTS/lib/</path>
         <kind>archive</kind>
         <file>rts2800_fpu32_eabi.lib</file>
         <name>copy_zero_init.c.obj</name>
      </input_file>
      <input_file id="fl-30">
         <path>/Applications/ti/ccs1260/ccs/tools/compiler/ti-cgt-c2000_22.6.1.LTS/lib/</path>
         <kind>archive</kind>
         <file>rts2800_fpu32_eabi.lib</file>
         <name>copy_decompress_none.c.obj</name>
      </input_file>
      <input_file id="fl-31">
         <path>/Applications/ti/ccs1260/ccs/tools/compiler/ti-cgt-c2000_22.6.1.LTS/lib/</path>
         <kind>archive</kind>
         <file>rts2800_fpu32_eabi.lib</file>
         <name>copy_decompress_lzss.c.obj</name>
      </input_file>
      <input_file id="fl-32">
         <path>/Applications/ti/ccs1260/ccs/tools/compiler/ti-cgt-c2000_22.6.1.LTS/lib/</path>
         <kind>archive</kind>
         <file>rts2800_fpu32_eabi.lib</file>
         <name>exit.c.obj</name>
      </input_file>
      <input_file id="fl-33">
         <path>/Applications/ti/ccs1260/ccs/tools/compiler/ti-cgt-c2000_22.6.1.LTS/lib/</path>
         <kind>archive</kind>
         <file>rts2800_fpu32_eabi.lib</file>
         <name>_lock.c.obj</name>
      </input_file>
      <input_file id="fl-34">
         <path>/Applications/ti/ccs1260/ccs/tools/compiler/ti-cgt-c2000_22.6.1.LTS/lib/</path>
         <kind>archive</kind>
         <file>rts2800_fpu32_eabi.lib</file>
         <name>args_main.c.obj</name>
      </input_file>
      <input_file id="fl-35">
         <path>/Applications/ti/ccs1260/ccs/tools/compiler/ti-cgt-c2000_22.6.1.LTS/lib/</path>
         <kind>archive</kind>
         <file>rts2800_fpu32_eabi.lib</file>
         <name>memset.c.obj</name>
      </input_file>
      <input_file id="fl-36">
         <path>/Applications/ti/ccs1260/ccs/tools/compiler/ti-cgt-c2000_22.6.1.LTS/lib/</path>
         <kind>archive</kind>
         <file>rts2800_fpu32_eabi.lib</file>
         <name>fd_add28.asm.obj</name>
      </input_file>
      <input_file id="fl-37">
         <path>/Applications/ti/ccs1260/ccs/tools/compiler/ti-cgt-c2000_22.6.1.LTS/lib/</path>
         <kind>archive</kind>
         <file>rts2800_fpu32_eabi.lib</file>
         <name>cpy_tbl.c.obj</name>
      </input_file>
      <input_file id="fl-38">
         <path>/Applications/ti/ccs1260/ccs/tools/compiler/ti-cgt-c2000_22.6.1.LTS/lib/</path>
         <kind>archive</kind>
         <file>rts2800_fpu32_eabi.lib</file>
         <name>startup.c.obj</name>
      </input_file>
   </input_file_list>
   <object_component_list>
      <object_component id="oc-22">
         <name>codestart</name>
         <load_address>0x80000</load_address>
         <run_address>0x80000</run_address>
         <size>0x2</size>
         <input_file_ref idref="fl-d"/>
      </object_component>
      <object_component id="oc-22f">
         <name>.text:initTILE1</name>
         <load_address>0x82000</load_address>
         <run_address>0x82000</run_address>
         <size>0x461</size>
         <input_file_ref idref="fl-9"/>
      </object_component>
      <object_component id="oc-235">
         <name>.text:initTILE2</name>
         <load_address>0x82461</load_address>
         <run_address>0x82461</run_address>
         <size>0x461</size>
         <input_file_ref idref="fl-9"/>
      </object_component>
      <object_component id="oc-4c">
         <name>.text:main</name>
         <load_address>0x828c2</load_address>
         <run_address>0x828c2</run_address>
         <size>0x184</size>
         <input_file_ref idref="fl-6"/>
      </object_component>
      <object_component id="oc-399">
         <name>.text:LED_HAL_clbTransferNonBlocking</name>
         <load_address>0x82a46</load_address>
         <run_address>0x82a46</run_address>
         <size>0x141</size>
         <input_file_ref idref="fl-5"/>
      </object_component>
      <object_component id="oc-11a">
         <name>.text:prepareFrame</name>
         <load_address>0x82b87</load_address>
         <run_address>0x82b87</run_address>
         <size>0x126</size>
         <input_file_ref idref="fl-6"/>
      </object_component>
      <object_component id="oc-187">
         <name>.text:SysCtl_setClock</name>
         <load_address>0x82cad</load_address>
         <run_address>0x82cad</run_address>
         <size>0x120</size>
         <input_file_ref idref="fl-19"/>
      </object_component>
      <object_component id="oc-326">
         <name>.text:SysCtl_isPLLValid</name>
         <load_address>0x82dcd</load_address>
         <run_address>0x82dcd</run_address>
         <size>0xfe</size>
         <input_file_ref idref="fl-19"/>
      </object_component>
      <object_component id="oc-1c1">
         <name>.text:CCSI1_TX_TILE_init</name>
         <load_address>0x82ecb</load_address>
         <run_address>0x82ecb</run_address>
         <size>0xf4</size>
         <input_file_ref idref="fl-8"/>
      </object_component>
      <object_component id="oc-bd">
         <name>.text:Interrupt_initModule</name>
         <load_address>0x82fbf</load_address>
         <run_address>0x82fbf</run_address>
         <size>0x3d</size>
         <input_file_ref idref="fl-18"/>
      </object_component>
      <object_component id="oc-3af">
         <name>.text:LED_HAL_clbSyncTransferStart</name>
         <load_address>0x82ffc</load_address>
         <run_address>0x82ffc</run_address>
         <size>0x4</size>
         <input_file_ref idref="fl-5"/>
      </object_component>
      <object_component id="oc-1cd">
         <name>.text:CCSI2_TX_TILE_init</name>
         <load_address>0x83000</load_address>
         <run_address>0x83000</run_address>
         <size>0xf4</size>
         <input_file_ref idref="fl-8"/>
      </object_component>
      <object_component id="oc-cf">
         <name>.text:LED_HAL_initClbLogic</name>
         <load_address>0x830f4</load_address>
         <run_address>0x830f4</run_address>
         <size>0xef</size>
         <input_file_ref idref="fl-5"/>
      </object_component>
      <object_component id="oc-19f">
         <name>.text:Device_enableAllPeripherals</name>
         <load_address>0x831e3</load_address>
         <run_address>0x831e3</run_address>
         <size>0xd3</size>
         <input_file_ref idref="fl-c"/>
      </object_component>
      <object_component id="oc-1bb">
         <name>.text:CCSI1_RX_TILE_init</name>
         <load_address>0x832b6</load_address>
         <run_address>0x832b6</run_address>
         <size>0x93</size>
         <input_file_ref idref="fl-8"/>
      </object_component>
      <object_component id="oc-209">
         <name>.text:EPWM_init</name>
         <load_address>0x83349</load_address>
         <run_address>0x83349</run_address>
         <size>0x93</size>
         <input_file_ref idref="fl-8"/>
      </object_component>
      <object_component id="oc-1c7">
         <name>.text:CCSI2_RX_TILE_init</name>
         <load_address>0x833dc</load_address>
         <run_address>0x833dc</run_address>
         <size>0x8e</size>
         <input_file_ref idref="fl-8"/>
      </object_component>
      <object_component id="oc-e7">
         <name>.text:configCPUTimer</name>
         <load_address>0x8346a</load_address>
         <run_address>0x8346a</run_address>
         <size>0x8e</size>
         <input_file_ref idref="fl-6"/>
      </object_component>
      <object_component id="oc-24c">
         <name>.text</name>
         <load_address>0x834f8</load_address>
         <run_address>0x834f8</run_address>
         <size>0x88</size>
         <input_file_ref idref="fl-29"/>
      </object_component>
      <object_component id="oc-162">
         <name>.text:Interrupt_clearIFR</name>
         <load_address>0x83580</load_address>
         <run_address>0x83580</run_address>
         <size>0x7f</size>
         <input_file_ref idref="fl-18"/>
      </object_component>
      <object_component id="oc-3f">
         <name>.text:INT_CCSI1_TX_TILE_ISR</name>
         <load_address>0x835ff</load_address>
         <run_address>0x835ff</run_address>
         <size>0x7d</size>
         <input_file_ref idref="fl-5"/>
      </object_component>
      <object_component id="oc-2d">
         <name>.text:INT_CCSI2_TX_TILE_ISR</name>
         <load_address>0x8367c</load_address>
         <run_address>0x8367c</run_address>
         <size>0x7d</size>
         <input_file_ref idref="fl-5"/>
      </object_component>
      <object_component id="oc-340">
         <name>.text:CLB_configLocalInputMux</name>
         <load_address>0x836f9</load_address>
         <run_address>0x836f9</run_address>
         <size>0x73</size>
         <input_file_ref idref="fl-8"/>
      </object_component>
      <object_component id="oc-459">
         <name>.text:DCC_setCounterSeeds</name>
         <load_address>0x8376c</load_address>
         <run_address>0x8376c</run_address>
         <size>0x73</size>
         <input_file_ref idref="fl-19"/>
      </object_component>
      <object_component id="oc-120">
         <name>.text:LED_sendSRAM</name>
         <load_address>0x837df</load_address>
         <run_address>0x837df</run_address>
         <size>0x73</size>
         <input_file_ref idref="fl-3"/>
      </object_component>
      <object_component id="oc-1a5">
         <name>.text:GPIO_setAnalogMode</name>
         <load_address>0x83852</load_address>
         <run_address>0x83852</run_address>
         <size>0x6a</size>
         <input_file_ref idref="fl-17"/>
      </object_component>
      <object_component id="oc-45">
         <name>.text:INT_CCSI1_RX_TILE_ISR</name>
         <load_address>0x838bc</load_address>
         <run_address>0x838bc</run_address>
         <size>0x65</size>
         <input_file_ref idref="fl-5"/>
      </object_component>
      <object_component id="oc-39">
         <name>.text:INT_CCSI2_RX_TILE_ISR</name>
         <load_address>0x83921</load_address>
         <run_address>0x83921</run_address>
         <size>0x65</size>
         <input_file_ref idref="fl-5"/>
      </object_component>
      <object_component id="oc-18d">
         <name>.text:SysCtl_getClock</name>
         <load_address>0x83986</load_address>
         <run_address>0x83986</run_address>
         <size>0x65</size>
         <input_file_ref idref="fl-19"/>
      </object_component>
      <object_component id="oc-28a">
         <name>.text:fadeFrame</name>
         <load_address>0x839eb</load_address>
         <run_address>0x839eb</run_address>
         <size>0x61</size>
         <input_file_ref idref="fl-6"/>
      </object_component>
      <object_component id="oc-23c">
         <name>.text:LED_HAL_disableClbReceiver</name>
         <load_address>0x83a4c</load_address>
         <run_address>0x83a4c</run_address>
         <size>0x5b</size>
         <input_file_ref idref="fl-5"/>
      </object_component>
      <object_component id="oc-d5">
         <name>.text:LED_HAL_setupInterrupts</name>
         <load_address>0x83aa7</load_address>
         <run_address>0x83aa7</run_address>
         <size>0x1</size>
         <input_file_ref idref="fl-5"/>
      </object_component>
      <object_component id="oc-281">
         <name>.text:animateFrame</name>
         <load_address>0x83aa8</load_address>
         <run_address>0x83aa8</run_address>
         <size>0x5b</size>
         <input_file_ref idref="fl-6"/>
      </object_component>
      <object_component id="oc-b1">
         <name>.text:Device_init</name>
         <load_address>0x83b03</load_address>
         <run_address>0x83b03</run_address>
         <size>0x5a</size>
         <input_file_ref idref="fl-c"/>
      </object_component>
      <object_component id="oc-36a">
         <name>.text:CLB_configCounterLoadMatch</name>
         <load_address>0x83b5d</load_address>
         <run_address>0x83b5d</run_address>
         <size>0x59</size>
         <input_file_ref idref="fl-13"/>
      </object_component>
      <object_component id="oc-393">
         <name>.text:LED_HAL_enableClbReceiver</name>
         <load_address>0x83bb6</load_address>
         <run_address>0x83bb6</run_address>
         <size>0x59</size>
         <input_file_ref idref="fl-5"/>
      </object_component>
      <object_component id="oc-39f">
         <name>.text:processReadData</name>
         <load_address>0x83c0f</load_address>
         <run_address>0x83c0f</run_address>
         <size>0x56</size>
         <input_file_ref idref="fl-2"/>
      </object_component>
      <object_component id="oc-338">
         <name>.text:GPIO_setPadConfig</name>
         <load_address>0x83c65</load_address>
         <run_address>0x83c65</run_address>
         <size>0x52</size>
         <input_file_ref idref="fl-17"/>
      </object_component>
      <object_component id="oc-9a">
         <name>.text:Interrupt_disable</name>
         <load_address>0x83cb7</load_address>
         <run_address>0x83cb7</run_address>
         <size>0x4e</size>
         <input_file_ref idref="fl-18"/>
      </object_component>
      <object_component id="oc-25e">
         <name>.text:CCSI_write</name>
         <load_address>0x83d05</load_address>
         <run_address>0x83d05</run_address>
         <size>0x4c</size>
         <input_file_ref idref="fl-2"/>
      </object_component>
      <object_component id="oc-31a">
         <name>.text:SysCtl_selectOscSource</name>
         <load_address>0x83d51</load_address>
         <run_address>0x83d51</run_address>
         <size>0x49</size>
         <input_file_ref idref="fl-19"/>
      </object_component>
      <object_component id="oc-4db">
         <name>.text:SysCtl_pollX1Counter</name>
         <load_address>0x83d9a</load_address>
         <run_address>0x83d9a</run_address>
         <size>0x45</size>
         <input_file_ref idref="fl-19"/>
      </object_component>
      <object_component id="oc-db">
         <name>.text:LED_HAL_startLedClocks</name>
         <load_address>0x83ddf</load_address>
         <run_address>0x83ddf</run_address>
         <size>0x43</size>
         <input_file_ref idref="fl-5"/>
      </object_component>
      <object_component id="oc-41b">
         <name>.text:SysCtl_selectXTAL</name>
         <load_address>0x83e22</load_address>
         <run_address>0x83e22</run_address>
         <size>0x3d</size>
         <input_file_ref idref="fl-19"/>
      </object_component>
      <object_component id="oc-1af">
         <name>.text:PinMux_init</name>
         <load_address>0x83e5f</load_address>
         <run_address>0x83e5f</run_address>
         <size>0x38</size>
         <input_file_ref idref="fl-8"/>
      </object_component>
      <object_component id="oc-34e">
         <name>.text:XBAR_setOutputMuxConfig</name>
         <load_address>0x83e97</load_address>
         <run_address>0x83e97</run_address>
         <size>0x38</size>
         <input_file_ref idref="fl-1a"/>
      </object_component>
      <object_component id="oc-222">
         <name>.text:GPIO_setPinConfig</name>
         <load_address>0x83ecf</load_address>
         <run_address>0x83ecf</run_address>
         <size>0x37</size>
         <input_file_ref idref="fl-17"/>
      </object_component>
      <object_component id="oc-21c">
         <name>.text:GPIO_setQualificationMode</name>
         <load_address>0x83f06</load_address>
         <run_address>0x83f06</run_address>
         <size>0x37</size>
         <input_file_ref idref="fl-17"/>
      </object_component>
      <object_component id="oc-ed">
         <name>.text:Interrupt_enable</name>
         <load_address>0x83f3d</load_address>
         <run_address>0x83f3d</run_address>
         <size>0x37</size>
         <input_file_ref idref="fl-18"/>
      </object_component>
      <object_component id="oc-26e">
         <name>.text:LED_Write_RGB_Custom_ALL</name>
         <load_address>0x83f74</load_address>
         <run_address>0x83f74</run_address>
         <size>0x34</size>
         <input_file_ref idref="fl-3"/>
      </object_component>
      <object_component id="oc-3a9">
         <name>.text:CCSI_write_sync</name>
         <load_address>0x83fa8</load_address>
         <run_address>0x83fa8</run_address>
         <size>0x32</size>
         <input_file_ref idref="fl-2"/>
      </object_component>
      <object_component id="oc-45f">
         <name>.text:DCC_enableSingleShotMode</name>
         <load_address>0x83fda</load_address>
         <run_address>0x83fda</run_address>
         <size>0x24</size>
         <input_file_ref idref="fl-19"/>
      </object_component>
      <object_component id="oc-2b2">
         <name>.text</name>
         <load_address>0x83ffe</load_address>
         <run_address>0x83ffe</run_address>
         <size>0x2</size>
         <input_file_ref idref="fl-2d"/>
      </object_component>
      <object_component id="oc-c3">
         <name>.text:Board_init</name>
         <load_address>0x84000</load_address>
         <run_address>0x84000</run_address>
         <size>0x31</size>
         <input_file_ref idref="fl-8"/>
      </object_component>
      <object_component id="oc-216">
         <name>.text:GPIO_setDirectionMode</name>
         <load_address>0x84031</load_address>
         <run_address>0x84031</run_address>
         <size>0x31</size>
         <input_file_ref idref="fl-17"/>
      </object_component>
      <object_component id="oc-15">
         <name>.text:decompress:lzss</name>
         <load_address>0x84062</load_address>
         <run_address>0x84062</run_address>
         <size>0x30</size>
         <input_file_ref idref="fl-31"/>
      </object_component>
      <object_component id="oc-203">
         <name>.text:XBAR_setCLBMuxConfig</name>
         <load_address>0x84092</load_address>
         <run_address>0x84092</run_address>
         <size>0x2f</size>
         <input_file_ref idref="fl-1a"/>
      </object_component>
      <object_component id="oc-488">
         <name>.text:CLB_writeInterface</name>
         <load_address>0x840c1</load_address>
         <run_address>0x840c1</run_address>
         <size>0x2e</size>
         <input_file_ref idref="fl-13"/>
      </object_component>
      <object_component id="oc-33">
         <name>.text:INTERRUPT_init</name>
         <load_address>0x840ef</load_address>
         <run_address>0x840ef</run_address>
         <size>0x2d</size>
         <input_file_ref idref="fl-8"/>
      </object_component>
      <object_component id="oc-37a">
         <name>.text:EPWM_isBaseValid</name>
         <load_address>0x8411c</load_address>
         <run_address>0x8411c</run_address>
         <size>0x2b</size>
         <input_file_ref idref="fl-15"/>
      </object_component>
      <object_component id="oc-3d3">
         <name>.text:__TI_auto_init_nobinit_nopinit</name>
         <load_address>0x84147</load_address>
         <run_address>0x84147</run_address>
         <size>0x2b</size>
         <input_file_ref idref="fl-2e"/>
      </object_component>
      <object_component id="oc-2bf">
         <name>.text</name>
         <load_address>0x84172</load_address>
         <run_address>0x84172</run_address>
         <size>0x29</size>
         <input_file_ref idref="fl-32"/>
      </object_component>
      <object_component id="oc-a2">
         <name>.text:LED_HAL_clbRxRingBuffWrite</name>
         <load_address>0x8419b</load_address>
         <run_address>0x8419b</run_address>
         <size>0x24</size>
         <input_file_ref idref="fl-5"/>
      </object_component>
      <object_component id="oc-4a2">
         <name>.text:LED_HAL_clbRxRingBuffRead</name>
         <load_address>0x841bf</load_address>
         <run_address>0x841bf</run_address>
         <size>0x22</size>
         <input_file_ref idref="fl-5"/>
      </object_component>
      <object_component id="oc-421">
         <name>.text:SysCtl_selectXTALSingleEnded</name>
         <load_address>0x841e1</load_address>
         <run_address>0x841e1</run_address>
         <size>0x20</size>
         <input_file_ref idref="fl-19"/>
      </object_component>
      <object_component id="oc-1eb">
         <name>.text:CLB_SCLK_1_init</name>
         <load_address>0x84201</load_address>
         <run_address>0x84201</run_address>
         <size>0x1e</size>
         <input_file_ref idref="fl-8"/>
      </object_component>
      <object_component id="oc-1f7">
         <name>.text:CLB_SCLK_2_init</name>
         <load_address>0x8421f</load_address>
         <run_address>0x8421f</run_address>
         <size>0x1e</size>
         <input_file_ref idref="fl-8"/>
      </object_component>
      <object_component id="oc-1fd">
         <name>.text:CLB_SOUT_1_init</name>
         <load_address>0x8423d</load_address>
         <run_address>0x8423d</run_address>
         <size>0x1e</size>
         <input_file_ref idref="fl-8"/>
      </object_component>
      <object_component id="oc-20f">
         <name>.text:CLB_SOUT_2_init</name>
         <load_address>0x8425b</load_address>
         <run_address>0x8425b</run_address>
         <size>0x1e</size>
         <input_file_ref idref="fl-8"/>
      </object_component>
      <object_component id="oc-1f1">
         <name>.text:CLB_SPICLK_1_init</name>
         <load_address>0x84279</load_address>
         <run_address>0x84279</run_address>
         <size>0x1e</size>
         <input_file_ref idref="fl-8"/>
      </object_component>
      <object_component id="oc-44d">
         <name>.text:DCC_setCounter0ClkSource</name>
         <load_address>0x84297</load_address>
         <run_address>0x84297</run_address>
         <size>0x1e</size>
         <input_file_ref idref="fl-19"/>
      </object_component>
      <object_component id="oc-453">
         <name>.text:DCC_setCounter1ClkSource</name>
         <load_address>0x842b5</load_address>
         <run_address>0x842b5</run_address>
         <size>0x1e</size>
         <input_file_ref idref="fl-19"/>
      </object_component>
      <object_component id="oc-58">
         <name>.text:Interrupt_initVectorTable</name>
         <load_address>0x842d3</load_address>
         <run_address>0x842d3</run_address>
         <size>0x1e</size>
         <input_file_ref idref="fl-18"/>
      </object_component>
      <object_component id="oc-ff">
         <name>.text:LED_Write_Reg_Broadcast</name>
         <load_address>0x842f1</load_address>
         <run_address>0x842f1</run_address>
         <size>0x1e</size>
         <input_file_ref idref="fl-3"/>
      </object_component>
      <object_component id="oc-72">
         <name>.text</name>
         <load_address>0x8430f</load_address>
         <run_address>0x8430f</run_address>
         <size>0x1d</size>
         <input_file_ref idref="fl-2c"/>
      </object_component>
      <object_component id="oc-e1">
         <name>.text:initCPUTimer</name>
         <load_address>0x8432c</load_address>
         <run_address>0x8432c</run_address>
         <size>0x1c</size>
         <input_file_ref idref="fl-6"/>
      </object_component>
      <object_component id="oc-275">
         <name>.text:sendSYNCinternal</name>
         <load_address>0x84348</load_address>
         <run_address>0x84348</run_address>
         <size>0x1c</size>
         <input_file_ref idref="fl-3"/>
      </object_component>
      <object_component id="oc-481">
         <name>.text:CLB_isBaseValid</name>
         <load_address>0x84364</load_address>
         <run_address>0x84364</run_address>
         <size>0x1b</size>
         <input_file_ref idref="fl-13"/>
      </object_component>
      <object_component id="oc-475">
         <name>.text:XBAR_isBaseValid</name>
         <load_address>0x8437f</load_address>
         <run_address>0x8437f</run_address>
         <size>0x1b</size>
         <input_file_ref idref="fl-1a"/>
      </object_component>
      <object_component id="oc-199">
         <name>.text:SysCtl_getLowSpeedClock</name>
         <load_address>0x8439a</load_address>
         <run_address>0x8439a</run_address>
         <size>0x1a</size>
         <input_file_ref idref="fl-19"/>
      </object_component>
      <object_component id="oc-c9">
         <name>.text:LED_HAL_setupProfilingGPIO</name>
         <load_address>0x843b4</load_address>
         <run_address>0x843b4</run_address>
         <size>0x19</size>
         <input_file_ref idref="fl-5"/>
      </object_component>
      <object_component id="oc-384">
         <name>.text:CPUTimer_isBaseValid</name>
         <load_address>0x843cd</load_address>
         <run_address>0x843cd</run_address>
         <size>0x17</size>
         <input_file_ref idref="fl-14"/>
      </object_component>
      <object_component id="oc-429">
         <name>.text:SysCtl_enablePeripheral</name>
         <load_address>0x843e4</load_address>
         <run_address>0x843e4</run_address>
         <size>0x17</size>
         <input_file_ref idref="fl-19"/>
      </object_component>
      <object_component id="oc-4b">
         <name>.text:cpuTimer0ISR</name>
         <load_address>0x843fb</load_address>
         <run_address>0x843fb</run_address>
         <size>0x17</size>
         <input_file_ref idref="fl-6"/>
      </object_component>
      <object_component id="oc-14b">
         <name>.text</name>
         <load_address>0x84412</load_address>
         <run_address>0x84412</run_address>
         <size>0x17</size>
         <input_file_ref idref="fl-26"/>
      </object_component>
      <object_component id="oc-447">
         <name>.text:DCC_disableDoneSignal</name>
         <load_address>0x84429</load_address>
         <run_address>0x84429</run_address>
         <size>0x16</size>
         <input_file_ref idref="fl-19"/>
      </object_component>
      <object_component id="oc-244">
         <name>.text:EPWM_setEmulationMode</name>
         <load_address>0x8443f</load_address>
         <run_address>0x8443f</run_address>
         <size>0x16</size>
         <input_file_ref idref="fl-15"/>
      </object_component>
      <object_component id="oc-57">
         <name>.text:Interrupt_defaultHandler</name>
         <load_address>0x84455</load_address>
         <run_address>0x84455</run_address>
         <size>0x16</size>
         <input_file_ref idref="fl-18"/>
      </object_component>
      <object_component id="oc-435">
         <name>.text:DCC_clearDoneFlag</name>
         <load_address>0x8446b</load_address>
         <run_address>0x8446b</run_address>
         <size>0x15</size>
         <input_file_ref idref="fl-19"/>
      </object_component>
      <object_component id="oc-42f">
         <name>.text:DCC_clearErrorFlag</name>
         <load_address>0x84480</load_address>
         <run_address>0x84480</run_address>
         <size>0x15</size>
         <input_file_ref idref="fl-19"/>
      </object_component>
      <object_component id="oc-441">
         <name>.text:DCC_disableErrorSignal</name>
         <load_address>0x84495</load_address>
         <run_address>0x84495</run_address>
         <size>0x15</size>
         <input_file_ref idref="fl-19"/>
      </object_component>
      <object_component id="oc-4ea">
         <name>.text:DCC_isBaseValid</name>
         <load_address>0x844aa</load_address>
         <run_address>0x844aa</run_address>
         <size>0x15</size>
         <input_file_ref idref="fl-19"/>
      </object_component>
      <object_component id="oc-43b">
         <name>.text:DCC_disableModule</name>
         <load_address>0x844bf</load_address>
         <run_address>0x844bf</run_address>
         <size>0x14</size>
         <input_file_ref idref="fl-19"/>
      </object_component>
      <object_component id="oc-465">
         <name>.text:DCC_enableModule</name>
         <load_address>0x844d3</load_address>
         <run_address>0x844d3</run_address>
         <size>0x14</size>
         <input_file_ref idref="fl-19"/>
      </object_component>
      <object_component id="oc-35c">
         <name>.text:GPIO_isPinValid</name>
         <load_address>0x844e7</load_address>
         <run_address>0x844e7</run_address>
         <size>0x14</size>
         <input_file_ref idref="fl-17"/>
      </object_component>
      <object_component id="oc-320">
         <name>.text:SysCtl_setPLLSysClk</name>
         <load_address>0x844fb</load_address>
         <run_address>0x844fb</run_address>
         <size>0x14</size>
         <input_file_ref idref="fl-19"/>
      </object_component>
      <object_component id="oc-252">
         <name>.text:CPUTimer_setEmulationMode</name>
         <load_address>0x8450f</load_address>
         <run_address>0x8450f</run_address>
         <size>0x13</size>
         <input_file_ref idref="fl-14"/>
      </object_component>
      <object_component id="oc-f9">
         <name>.text:LED_Set_Chip_Index</name>
         <load_address>0x84522</load_address>
         <run_address>0x84522</run_address>
         <size>0x12</size>
         <input_file_ref idref="fl-3"/>
      </object_component>
      <object_component id="oc-1b5">
         <name>.text:SYNC_init</name>
         <load_address>0x84534</load_address>
         <run_address>0x84534</run_address>
         <size>0x11</size>
         <input_file_ref idref="fl-8"/>
      </object_component>
      <object_component id="oc-b7">
         <name>.text:Device_initGPIO</name>
         <load_address>0x84545</load_address>
         <run_address>0x84545</run_address>
         <size>0x10</size>
         <input_file_ref idref="fl-c"/>
      </object_component>
      <object_component id="oc-2d3">
         <name>.text:Flash_isCtrlBaseValid</name>
         <load_address>0x84555</load_address>
         <run_address>0x84555</run_address>
         <size>0x10</size>
         <input_file_ref idref="fl-16"/>
      </object_component>
      <object_component id="oc-2da">
         <name>.text:Flash_isECCBaseValid</name>
         <load_address>0x84565</load_address>
         <run_address>0x84565</run_address>
         <size>0x10</size>
         <input_file_ref idref="fl-16"/>
      </object_component>
      <object_component id="oc-4fc">
         <name>.text:CLB_isAddressValid</name>
         <load_address>0x84575</load_address>
         <run_address>0x84575</run_address>
         <size>0xe</size>
         <input_file_ref idref="fl-13"/>
      </object_component>
      <object_component id="oc-15c">
         <name>.text:Interrupt_disableGlobal</name>
         <load_address>0x84583</load_address>
         <run_address>0x84583</run_address>
         <size>0xd</size>
         <input_file_ref idref="fl-18"/>
      </object_component>
      <object_component id="oc-168">
         <name>.text:Interrupt_enableGlobal</name>
         <load_address>0x84590</load_address>
         <run_address>0x84590</run_address>
         <size>0xd</size>
         <input_file_ref idref="fl-18"/>
      </object_component>
      <object_component id="oc-7a">
         <name>.text:decompress:ZI:__TI_zero_init_nomemset</name>
         <load_address>0x8459d</load_address>
         <run_address>0x8459d</run_address>
         <size>0xd</size>
         <input_file_ref idref="fl-2f"/>
      </object_component>
      <object_component id="oc-265">
         <name>.text:setData</name>
         <load_address>0x845aa</load_address>
         <run_address>0x845aa</run_address>
         <size>0xd</size>
         <input_file_ref idref="fl-3"/>
      </object_component>
      <object_component id="oc-2b9">
         <name>.text</name>
         <load_address>0x845b7</load_address>
         <run_address>0x845b7</run_address>
         <size>0xc</size>
         <input_file_ref idref="fl-34"/>
      </object_component>
      <object_component id="oc-313">
         <name>.text:SysCtl_isMCDClockFailureDetected</name>
         <load_address>0x845c3</load_address>
         <run_address>0x845c3</run_address>
         <size>0xb</size>
         <input_file_ref idref="fl-19"/>
      </object_component>
      <object_component id="oc-63">
         <name>.text:Interrupt_illegalOperationHandler</name>
         <load_address>0x845ce</load_address>
         <run_address>0x845ce</run_address>
         <size>0xa</size>
         <input_file_ref idref="fl-18"/>
      </object_component>
      <object_component id="oc-69">
         <name>.text:Interrupt_nmiHandler</name>
         <load_address>0x845d8</load_address>
         <run_address>0x845d8</run_address>
         <size>0xa</size>
         <input_file_ref idref="fl-18"/>
      </object_component>
      <object_component id="oc-4cf">
         <name>.text</name>
         <load_address>0x845e2</load_address>
         <run_address>0x845e2</run_address>
         <size>0x9</size>
         <input_file_ref idref="fl-33"/>
      </object_component>
      <object_component id="oc-38d">
         <name>.text:LED_HAL_ringBufferReset</name>
         <load_address>0x845eb</load_address>
         <run_address>0x845eb</run_address>
         <size>0x8</size>
         <input_file_ref idref="fl-5"/>
      </object_component>
      <object_component id="oc-1b">
         <name>.text:decompress:none</name>
         <load_address>0x845f3</load_address>
         <run_address>0x845f3</run_address>
         <size>0x8</size>
         <input_file_ref idref="fl-30"/>
      </object_component>
      <object_component id="oc-86">
         <name>.text</name>
         <load_address>0x845fb</load_address>
         <run_address>0x845fb</run_address>
         <size>0x8</size>
         <input_file_ref idref="fl-d"/>
      </object_component>
      <object_component id="oc-4e1">
         <name>.text:SysCtl_resetMCD</name>
         <load_address>0x84603</load_address>
         <run_address>0x84603</run_address>
         <size>0x7</size>
         <input_file_ref idref="fl-19"/>
      </object_component>
      <object_component id="oc-108">
         <name>.text:LED_Write_Black_ALL</name>
         <load_address>0x8460a</load_address>
         <run_address>0x8460a</run_address>
         <size>0x6</size>
         <input_file_ref idref="fl-3"/>
      </object_component>
      <object_component id="oc-1d3">
         <name>.text:myCLBINPUTXBARINPUT0_init</name>
         <load_address>0x84610</load_address>
         <run_address>0x84610</run_address>
         <size>0x6</size>
         <input_file_ref idref="fl-8"/>
      </object_component>
      <object_component id="oc-1d9">
         <name>.text:myCLBINPUTXBARINPUT1_init</name>
         <load_address>0x84616</load_address>
         <run_address>0x84616</run_address>
         <size>0x6</size>
         <input_file_ref idref="fl-8"/>
      </object_component>
      <object_component id="oc-1df">
         <name>.text:myCLBINPUTXBARINPUT2_init</name>
         <load_address>0x8461c</load_address>
         <run_address>0x8461c</run_address>
         <size>0x6</size>
         <input_file_ref idref="fl-8"/>
      </object_component>
      <object_component id="oc-1e5">
         <name>.text:myCLBINPUTXBARINPUT3_init</name>
         <load_address>0x84622</load_address>
         <run_address>0x84622</run_address>
         <size>0x6</size>
         <input_file_ref idref="fl-8"/>
      </object_component>
      <object_component id="oc-126">
         <name>.text:sendSYNC</name>
         <load_address>0x84628</load_address>
         <run_address>0x84628</run_address>
         <size>0x4</size>
         <input_file_ref idref="fl-3"/>
      </object_component>
      <object_component id="oc-10e">
         <name>.text:sendSYNCnoWait</name>
         <load_address>0x8462c</load_address>
         <run_address>0x8462c</run_address>
         <size>0x4</size>
         <input_file_ref idref="fl-3"/>
      </object_component>
      <object_component id="oc-193">
         <name>.text:__error__</name>
         <load_address>0x84630</load_address>
         <run_address>0x84630</run_address>
         <size>0x3</size>
         <input_file_ref idref="fl-c"/>
      </object_component>
      <object_component id="oc-4b5">
         <name>.text</name>
         <load_address>0x84633</load_address>
         <run_address>0x84633</run_address>
         <size>0x1</size>
         <input_file_ref idref="fl-38"/>
      </object_component>
      <object_component id="oc-54a">
         <name>.cinit..data.load</name>
         <load_address>0x81130</load_address>
         <run_address>0x81130</run_address>
         <size>0x28</size>
      </object_component>
      <object_component id="oc-547">
         <name>__TI_handler_table</name>
         <load_address>0x81158</load_address>
         <run_address>0x81158</run_address>
         <size>0x6</size>
      </object_component>
      <object_component id="oc-553">
         <name>.cinit..bss.load</name>
         <load_address>0x8115e</load_address>
         <run_address>0x8115e</run_address>
         <size>0x4</size>
      </object_component>
      <object_component id="oc-548">
         <name>__TI_cinit_table</name>
         <load_address>0x81162</load_address>
         <run_address>0x81162</run_address>
         <size>0x8</size>
      </object_component>
      <object_component id="oc-6f">
         <name>.stack</name>
         <uninitialized>true</uninitialized>
         <run_address>0x400</run_address>
         <size>0x0</size>
         <input_file_ref idref="fl-26"/>
      </object_component>
      <object_component id="oc-54b">
         <name>.stack</name>
         <uninitialized>true</uninitialized>
         <run_address>0x400</run_address>
         <size>0x0</size>
      </object_component>
      <object_component id="oc-178">
         <name>.bss:clbRxRingBuff</name>
         <uninitialized>true</uninitialized>
         <run_address>0xa058</run_address>
         <size>0x100</size>
         <input_file_ref idref="fl-5"/>
      </object_component>
      <object_component id="oc-105">
         <name>.bss:img_mono</name>
         <uninitialized>true</uninitialized>
         <run_address>0xa158</run_address>
         <size>0x100</size>
         <input_file_ref idref="fl-3"/>
      </object_component>
      <object_component id="oc-f6">
         <name>.bss:ledXmtBuffer</name>
         <uninitialized>true</uninitialized>
         <run_address>0xa258</run_address>
         <size>0x8</size>
         <input_file_ref idref="fl-5"/>
      </object_component>
      <object_component id="oc-ae">
         <name>.bss</name>
         <uninitialized>true</uninitialized>
         <run_address>0xa260</run_address>
         <size>0x4</size>
         <input_file_ref idref="fl-3"/>
      </object_component>
      <object_component id="oc-291">
         <name>.bss:data</name>
         <uninitialized>true</uninitialized>
         <run_address>0xa264</run_address>
         <size>0x4</size>
         <input_file_ref idref="fl-3"/>
      </object_component>
      <object_component id="oc-f3">
         <name>.bss:ledRcvBuffer</name>
         <uninitialized>true</uninitialized>
         <run_address>0xa268</run_address>
         <size>0x4</size>
         <input_file_ref idref="fl-5"/>
      </object_component>
      <object_component id="oc-92">
         <name>.bss:xmtBufPtr</name>
         <uninitialized>true</uninitialized>
         <run_address>0xa26c</run_address>
         <size>0x2</size>
         <input_file_ref idref="fl-5"/>
      </object_component>
      <object_component id="oc-172">
         <name>.bss:ringBuffHead</name>
         <uninitialized>true</uninitialized>
         <run_address>0xa26e</run_address>
         <size>0x1</size>
         <input_file_ref idref="fl-5"/>
      </object_component>
      <object_component id="oc-175">
         <name>.bss:ringBuffTail</name>
         <uninitialized>true</uninitialized>
         <run_address>0xa26f</run_address>
         <size>0x1</size>
         <input_file_ref idref="fl-5"/>
      </object_component>
      <object_component id="oc-8f">
         <name>.bss:xmtCount</name>
         <uninitialized>true</uninitialized>
         <run_address>0xa270</run_address>
         <size>0x1</size>
         <input_file_ref idref="fl-5"/>
      </object_component>
      <object_component id="oc-95">
         <name>.bss:xmtDone</name>
         <uninitialized>true</uninitialized>
         <run_address>0xa271</run_address>
         <size>0x1</size>
         <input_file_ref idref="fl-5"/>
      </object_component>
      <object_component id="oc-8c">
         <name>.bss:xmtXferSize</name>
         <uninitialized>true</uninitialized>
         <run_address>0xa272</run_address>
         <size>0x1</size>
         <input_file_ref idref="fl-5"/>
      </object_component>
      <object_component id="oc-287">
         <name>.data:pFrameDataArray</name>
         <load_address>0xa046</load_address>
         <run_address>0xa046</run_address>
         <size>0x4</size>
         <input_file_ref idref="fl-4"/>
      </object_component>
      <object_component id="oc-22c">
         <name>.data:txTileBase</name>
         <load_address>0xa04e</load_address>
         <run_address>0xa04e</run_address>
         <size>0x4</size>
         <input_file_ref idref="fl-5"/>
      </object_component>
      <object_component id="oc-229">
         <name>.data:rxTileBase</name>
         <load_address>0xa04a</load_address>
         <run_address>0xa04a</run_address>
         <size>0x4</size>
         <input_file_ref idref="fl-5"/>
      </object_component>
      <object_component id="oc-ab">
         <name>.data</name>
         <load_address>0xa056</load_address>
         <run_address>0xa056</run_address>
         <size>0x1</size>
         <input_file_ref idref="fl-6"/>
      </object_component>
      <object_component id="oc-370">
         <name>.data:TILE1HLCInstr</name>
         <load_address>0xa000</load_address>
         <run_address>0xa000</run_address>
         <size>0x20</size>
         <input_file_ref idref="fl-9"/>
      </object_component>
      <object_component id="oc-375">
         <name>.data:TILE2HLCInstr</name>
         <load_address>0xa020</load_address>
         <run_address>0xa020</run_address>
         <size>0x20</size>
         <input_file_ref idref="fl-9"/>
      </object_component>
      <object_component id="oc-405">
         <name>.data</name>
         <load_address>0xa040</load_address>
         <run_address>0xa040</run_address>
         <size>0x6</size>
         <input_file_ref idref="fl-32"/>
      </object_component>
      <object_component id="oc-408">
         <name>.data:_lock</name>
         <load_address>0xa052</load_address>
         <run_address>0xa052</run_address>
         <size>0x2</size>
         <input_file_ref idref="fl-33"/>
      </object_component>
      <object_component id="oc-50e">
         <name>.data:_unlock</name>
         <load_address>0xa054</load_address>
         <run_address>0xa054</run_address>
         <size>0x2</size>
         <input_file_ref idref="fl-33"/>
      </object_component>
      <object_component id="oc-3ba">
         <name>.const:frame_data1</name>
         <load_address>0x84638</load_address>
         <run_address>0x84638</run_address>
         <size>0x900</size>
         <input_file_ref idref="fl-4"/>
      </object_component>
      <object_component id="oc-2d9">
         <name>.const:.string</name>
         <load_address>0x84f38</load_address>
         <run_address>0x84f38</run_address>
         <size>0x9b</size>
         <input_file_ref idref="fl-16"/>
      </object_component>
      <object_component id="oc-117">
         <name>.const:frame_size_x_dir</name>
         <load_address>0x84fd3</load_address>
         <run_address>0x84fd3</run_address>
         <size>0x2</size>
         <input_file_ref idref="fl-4"/>
      </object_component>
      <object_component id="oc-114">
         <name>.const:frame_size_y_dir</name>
         <load_address>0x84fd5</load_address>
         <run_address>0x84fd5</run_address>
         <size>0x2</size>
         <input_file_ref idref="fl-4"/>
      </object_component>
      <object_component id="oc-12f">
         <name>.const:CASCADED_UNITS</name>
         <load_address>0x84fd7</load_address>
         <run_address>0x84fd7</run_address>
         <size>0x1</size>
         <input_file_ref idref="fl-7"/>
      </object_component>
      <object_component id="oc-12c">
         <name>.const</name>
         <load_address>0x84fd8</load_address>
         <run_address>0x84fd8</run_address>
         <size>0x1</size>
         <input_file_ref idref="fl-7"/>
      </object_component>
      <object_component id="oc-3bd">
         <name>.const:frame_data2</name>
         <load_address>0x85000</load_address>
         <run_address>0x85000</run_address>
         <size>0x900</size>
         <input_file_ref idref="fl-4"/>
      </object_component>
      <object_component id="oc-294">
         <name>.const:lookup_table_B</name>
         <load_address>0x85900</load_address>
         <run_address>0x85900</run_address>
         <size>0x100</size>
         <input_file_ref idref="fl-4"/>
      </object_component>
      <object_component id="oc-297">
         <name>.const:lookup_table_G</name>
         <load_address>0x85a00</load_address>
         <run_address>0x85a00</run_address>
         <size>0x100</size>
         <input_file_ref idref="fl-4"/>
      </object_component>
      <object_component id="oc-29a">
         <name>.const:lookup_table_R</name>
         <load_address>0x85b00</load_address>
         <run_address>0x85b00</run_address>
         <size>0x100</size>
         <input_file_ref idref="fl-4"/>
      </object_component>
      <object_component id="oc-312">
         <name>.const:.string</name>
         <load_address>0x85c00</load_address>
         <run_address>0x85c00</run_address>
         <size>0x9a</size>
         <input_file_ref idref="fl-19"/>
      </object_component>
      <object_component id="oc-380">
         <name>.const:.string</name>
         <load_address>0x85c9a</load_address>
         <run_address>0x85c9a</run_address>
         <size>0x98</size>
         <input_file_ref idref="fl-15"/>
      </object_component>
      <object_component id="oc-332">
         <name>.const:.string</name>
         <load_address>0x85d32</load_address>
         <run_address>0x85d32</run_address>
         <size>0x98</size>
         <input_file_ref idref="fl-17"/>
      </object_component>
      <object_component id="oc-487">
         <name>.const:.string</name>
         <load_address>0x85dca</load_address>
         <run_address>0x85dca</run_address>
         <size>0x97</size>
         <input_file_ref idref="fl-13"/>
      </object_component>
      <object_component id="oc-251">
         <name>.const:.string</name>
         <load_address>0x85e62</load_address>
         <run_address>0x85e62</run_address>
         <size>0x53</size>
         <input_file_ref idref="fl-6"/>
      </object_component>
      <object_component id="oc-2c7">
         <name>.const:.string</name>
         <load_address>0x85eb6</load_address>
         <run_address>0x85eb6</run_address>
         <size>0x51</size>
         <input_file_ref idref="fl-18"/>
      </object_component>
      <object_component id="oc-38a">
         <name>.const:.string</name>
         <load_address>0x85f08</load_address>
         <run_address>0x85f08</run_address>
         <size>0x50</size>
         <input_file_ref idref="fl-14"/>
      </object_component>
      <object_component id="oc-473">
         <name>.const:.string</name>
         <load_address>0x85f58</load_address>
         <run_address>0x85f58</run_address>
         <size>0x4e</size>
         <input_file_ref idref="fl-8"/>
      </object_component>
      <object_component id="oc-369">
         <name>.const:.string</name>
         <load_address>0x85fa6</load_address>
         <run_address>0x85fa6</run_address>
         <size>0x4e</size>
         <input_file_ref idref="fl-9"/>
      </object_component>
      <object_component id="oc-23b">
         <name>.const:.string</name>
         <load_address>0x86000</load_address>
         <run_address>0x86000</run_address>
         <size>0x4e</size>
         <input_file_ref idref="fl-5"/>
      </object_component>
      <object_component id="oc-47b">
         <name>.const:.string</name>
         <load_address>0x8604e</load_address>
         <run_address>0x8604e</run_address>
         <size>0x4c</size>
         <input_file_ref idref="fl-1a"/>
      </object_component>
      <object_component id="oc-181">
         <name>.TI.ramfunc:Flash_initModule</name>
         <load_address>0x81000</load_address>
         <run_address>0x8000</run_address>
         <size>0x49</size>
         <input_file_ref idref="fl-16"/>
      </object_component>
      <object_component id="oc-2e0">
         <name>.TI.ramfunc:Flash_setBankPowerMode</name>
         <load_address>0x81049</load_address>
         <run_address>0x8049</run_address>
         <size>0x2c</size>
         <input_file_ref idref="fl-16"/>
      </object_component>
      <object_component id="oc-2f8">
         <name>.TI.ramfunc:Flash_setWaitstates</name>
         <load_address>0x81075</load_address>
         <run_address>0x8075</run_address>
         <size>0x24</size>
         <input_file_ref idref="fl-16"/>
      </object_component>
      <object_component id="oc-2e6">
         <name>.TI.ramfunc:Flash_setPumpPowerMode</name>
         <load_address>0x81099</load_address>
         <run_address>0x8099</run_address>
         <size>0x1d</size>
         <input_file_ref idref="fl-16"/>
      </object_component>
      <object_component id="oc-2ec">
         <name>.TI.ramfunc:Flash_disableCache</name>
         <load_address>0x810b6</load_address>
         <run_address>0x80b6</run_address>
         <size>0x18</size>
         <input_file_ref idref="fl-16"/>
      </object_component>
      <object_component id="oc-2f2">
         <name>.TI.ramfunc:Flash_disablePrefetch</name>
         <load_address>0x810ce</load_address>
         <run_address>0x80ce</run_address>
         <size>0x18</size>
         <input_file_ref idref="fl-16"/>
      </object_component>
      <object_component id="oc-2fe">
         <name>.TI.ramfunc:Flash_enableCache</name>
         <load_address>0x810e6</load_address>
         <run_address>0x80e6</run_address>
         <size>0x17</size>
         <input_file_ref idref="fl-16"/>
      </object_component>
      <object_component id="oc-304">
         <name>.TI.ramfunc:Flash_enablePrefetch</name>
         <load_address>0x810fd</load_address>
         <run_address>0x80fd</run_address>
         <size>0x17</size>
         <input_file_ref idref="fl-16"/>
      </object_component>
      <object_component id="oc-30a">
         <name>.TI.ramfunc:Flash_enableECC</name>
         <load_address>0x81114</load_address>
         <run_address>0x8114</run_address>
         <size>0x16</size>
         <input_file_ref idref="fl-16"/>
      </object_component>
      <object_component id="oc-319">
         <name>.TI.ramfunc</name>
         <load_address>0x8112a</load_address>
         <run_address>0x812a</run_address>
         <size>0x4</size>
         <input_file_ref idref="fl-19"/>
      </object_component>
      <object_component id="oc-3a6">
         <name>.debug_types</name>
         <load_address>0x0</load_address>
         <run_address>0x0</run_address>
         <size>0x68f</size>
         <input_file_ref idref="fl-2"/>
      </object_component>
      <object_component id="oc-180">
         <name>.debug_types</name>
         <load_address>0x68f</load_address>
         <run_address>0x68f</run_address>
         <size>0x943</size>
         <input_file_ref idref="fl-3"/>
      </object_component>
      <object_component id="oc-27e">
         <name>.debug_types</name>
         <load_address>0xfd2</load_address>
         <run_address>0xfd2</run_address>
         <size>0x12d</size>
         <input_file_ref idref="fl-4"/>
      </object_component>
      <object_component id="oc-99">
         <name>.debug_types</name>
         <load_address>0x10ff</load_address>
         <run_address>0x10ff</run_address>
         <size>0xc75</size>
         <input_file_ref idref="fl-5"/>
      </object_component>
      <object_component id="oc-133">
         <name>.debug_types</name>
         <load_address>0x1d74</load_address>
         <run_address>0x1d74</run_address>
         <size>0x14d</size>
         <input_file_ref idref="fl-6"/>
      </object_component>
      <object_component id="oc-2a1">
         <name>.debug_types</name>
         <load_address>0x0</load_address>
         <run_address>0x0</run_address>
         <size>0x0</size>
         <input_file_ref idref="fl-7"/>
      </object_component>
      <object_component id="oc-a1">
         <name>.debug_types</name>
         <load_address>0x1ec1</load_address>
         <run_address>0x1ec1</run_address>
         <size>0x4567</size>
         <input_file_ref idref="fl-8"/>
      </object_component>
      <object_component id="oc-374">
         <name>.debug_types</name>
         <load_address>0x6428</load_address>
         <run_address>0x6428</run_address>
         <size>0x29d</size>
         <input_file_ref idref="fl-9"/>
      </object_component>
      <object_component id="oc-1ac">
         <name>.debug_types</name>
         <load_address>0x66c5</load_address>
         <run_address>0x66c5</run_address>
         <size>0x9bb</size>
         <input_file_ref idref="fl-c"/>
      </object_component>
      <object_component id="oc-48f">
         <name>.debug_types</name>
         <load_address>0x7080</load_address>
         <run_address>0x7080</run_address>
         <size>0x2b</size>
         <input_file_ref idref="fl-13"/>
      </object_component>
      <object_component id="oc-38c">
         <name>.debug_types</name>
         <load_address>0x0</load_address>
         <run_address>0x0</run_address>
         <size>0x0</size>
         <input_file_ref idref="fl-14"/>
      </object_component>
      <object_component id="oc-382">
         <name>.debug_types</name>
         <load_address>0x70ab</load_address>
         <run_address>0x70ab</run_address>
         <size>0x1d4</size>
         <input_file_ref idref="fl-15"/>
      </object_component>
      <object_component id="oc-311">
         <name>.debug_types</name>
         <load_address>0x727f</load_address>
         <run_address>0x727f</run_address>
         <size>0x1fa</size>
         <input_file_ref idref="fl-16"/>
      </object_component>
      <object_component id="oc-334">
         <name>.debug_types</name>
         <load_address>0x7479</load_address>
         <run_address>0x7479</run_address>
         <size>0x165</size>
         <input_file_ref idref="fl-17"/>
      </object_component>
      <object_component id="oc-136">
         <name>.debug_types</name>
         <load_address>0x0</load_address>
         <run_address>0x0</run_address>
         <size>0x0</size>
         <input_file_ref idref="fl-18"/>
      </object_component>
      <object_component id="oc-32d">
         <name>.debug_types</name>
         <load_address>0x75de</load_address>
         <run_address>0x75de</run_address>
         <size>0x9cf</size>
         <input_file_ref idref="fl-19"/>
      </object_component>
      <object_component id="oc-359">
         <name>.debug_types</name>
         <load_address>0x7fad</load_address>
         <run_address>0x7fad</run_address>
         <size>0x1b6c</size>
         <input_file_ref idref="fl-1a"/>
      </object_component>
      <object_component id="oc-13e">
         <name>.debug_types</name>
         <load_address>0x9b19</load_address>
         <run_address>0x9b19</run_address>
         <size>0x117</size>
         <input_file_ref idref="fl-2c"/>
      </object_component>
      <object_component id="oc-3d2">
         <name>.debug_types</name>
         <load_address>0x0</load_address>
         <run_address>0x0</run_address>
         <size>0x0</size>
         <input_file_ref idref="fl-2d"/>
      </object_component>
      <object_component id="oc-4bc">
         <name>.debug_types</name>
         <load_address>0x9c30</load_address>
         <run_address>0x9c30</run_address>
         <size>0x48e</size>
         <input_file_ref idref="fl-2e"/>
      </object_component>
      <object_component id="oc-143">
         <name>.debug_types</name>
         <load_address>0xa0be</load_address>
         <run_address>0xa0be</run_address>
         <size>0x165</size>
         <input_file_ref idref="fl-2f"/>
      </object_component>
      <object_component id="oc-79">
         <name>.debug_types</name>
         <load_address>0x0</load_address>
         <run_address>0x0</run_address>
         <size>0x0</size>
         <input_file_ref idref="fl-30"/>
      </object_component>
      <object_component id="oc-71">
         <name>.debug_types</name>
         <load_address>0xa223</load_address>
         <run_address>0xa223</run_address>
         <size>0x191</size>
         <input_file_ref idref="fl-31"/>
      </object_component>
      <object_component id="oc-40c">
         <name>.debug_types</name>
         <load_address>0xa3b4</load_address>
         <run_address>0xa3b4</run_address>
         <size>0x90</size>
         <input_file_ref idref="fl-32"/>
      </object_component>
      <object_component id="oc-4d7">
         <name>.debug_types</name>
         <load_address>0xa444</load_address>
         <run_address>0xa444</run_address>
         <size>0x2f</size>
         <input_file_ref idref="fl-33"/>
      </object_component>
      <object_component id="oc-404">
         <name>.debug_types</name>
         <load_address>0xa473</load_address>
         <run_address>0xa473</run_address>
         <size>0xe1</size>
         <input_file_ref idref="fl-34"/>
      </object_component>
      <object_component id="oc-508">
         <name>.debug_types</name>
         <load_address>0x0</load_address>
         <run_address>0x0</run_address>
         <size>0x0</size>
         <input_file_ref idref="fl-38"/>
      </object_component>
      <object_component id="oc-3a0">
         <name>.debug_info</name>
         <load_address>0x0</load_address>
         <run_address>0x0</run_address>
         <size>0x239</size>
         <input_file_ref idref="fl-2"/>
      </object_component>
      <object_component id="oc-3aa">
         <name>.debug_info</name>
         <load_address>0x239</load_address>
         <run_address>0x239</run_address>
         <size>0x1d4</size>
         <input_file_ref idref="fl-2"/>
      </object_component>
      <object_component id="oc-25f">
         <name>.debug_info</name>
         <load_address>0x40d</load_address>
         <run_address>0x40d</run_address>
         <size>0x27e</size>
         <input_file_ref idref="fl-2"/>
      </object_component>
      <object_component id="oc-af">
         <name>.debug_info</name>
         <load_address>0x68b</load_address>
         <run_address>0x68b</run_address>
         <size>0x132</size>
         <input_file_ref idref="fl-3"/>
      </object_component>
      <object_component id="oc-292">
         <name>.debug_info</name>
         <load_address>0x7bd</load_address>
         <run_address>0x7bd</run_address>
         <size>0xf4</size>
         <input_file_ref idref="fl-3"/>
      </object_component>
      <object_component id="oc-106">
         <name>.debug_info</name>
         <load_address>0x8b1</load_address>
         <run_address>0x8b1</run_address>
         <size>0xfc</size>
         <input_file_ref idref="fl-3"/>
      </object_component>
      <object_component id="oc-268">
         <name>.debug_info</name>
         <load_address>0x9ad</load_address>
         <run_address>0x9ad</run_address>
         <size>0x1bf</size>
         <input_file_ref idref="fl-3"/>
      </object_component>
      <object_component id="oc-278">
         <name>.debug_info</name>
         <load_address>0xb6c</load_address>
         <run_address>0xb6c</run_address>
         <size>0x1ae</size>
         <input_file_ref idref="fl-3"/>
      </object_component>
      <object_component id="oc-111">
         <name>.debug_info</name>
         <load_address>0xd1a</load_address>
         <run_address>0xd1a</run_address>
         <size>0x148</size>
         <input_file_ref idref="fl-3"/>
      </object_component>
      <object_component id="oc-129">
         <name>.debug_info</name>
         <load_address>0xe62</load_address>
         <run_address>0xe62</run_address>
         <size>0x13c</size>
         <input_file_ref idref="fl-3"/>
      </object_component>
      <object_component id="oc-123">
         <name>.debug_info</name>
         <load_address>0xf9e</load_address>
         <run_address>0xf9e</run_address>
         <size>0x19d</size>
         <input_file_ref idref="fl-3"/>
      </object_component>
      <object_component id="oc-271">
         <name>.debug_info</name>
         <load_address>0x113b</load_address>
         <run_address>0x113b</run_address>
         <size>0x1d6</size>
         <input_file_ref idref="fl-3"/>
      </object_component>
      <object_component id="oc-102">
         <name>.debug_info</name>
         <load_address>0x1311</load_address>
         <run_address>0x1311</run_address>
         <size>0x241</size>
         <input_file_ref idref="fl-3"/>
      </object_component>
      <object_component id="oc-109">
         <name>.debug_info</name>
         <load_address>0x1552</load_address>
         <run_address>0x1552</run_address>
         <size>0x158</size>
         <input_file_ref idref="fl-3"/>
      </object_component>
      <object_component id="oc-fa">
         <name>.debug_info</name>
         <load_address>0x16aa</load_address>
         <run_address>0x16aa</run_address>
         <size>0x194</size>
         <input_file_ref idref="fl-3"/>
      </object_component>
      <object_component id="oc-118">
         <name>.debug_info</name>
         <load_address>0x183e</load_address>
         <run_address>0x183e</run_address>
         <size>0xfe</size>
         <input_file_ref idref="fl-4"/>
      </object_component>
      <object_component id="oc-115">
         <name>.debug_info</name>
         <load_address>0x193c</load_address>
         <run_address>0x193c</run_address>
         <size>0xfe</size>
         <input_file_ref idref="fl-4"/>
      </object_component>
      <object_component id="oc-288">
         <name>.debug_info</name>
         <load_address>0x1a3a</load_address>
         <run_address>0x1a3a</run_address>
         <size>0xfd</size>
         <input_file_ref idref="fl-4"/>
      </object_component>
      <object_component id="oc-29b">
         <name>.debug_info</name>
         <load_address>0x1b37</load_address>
         <run_address>0x1b37</run_address>
         <size>0xfa</size>
         <input_file_ref idref="fl-4"/>
      </object_component>
      <object_component id="oc-298">
         <name>.debug_info</name>
         <load_address>0x1c31</load_address>
         <run_address>0x1c31</run_address>
         <size>0xfb</size>
         <input_file_ref idref="fl-4"/>
      </object_component>
      <object_component id="oc-295">
         <name>.debug_info</name>
         <load_address>0x1d2c</load_address>
         <run_address>0x1d2c</run_address>
         <size>0xfb</size>
         <input_file_ref idref="fl-4"/>
      </object_component>
      <object_component id="oc-3bb">
         <name>.debug_info</name>
         <load_address>0x1e27</load_address>
         <run_address>0x1e27</run_address>
         <size>0xf5</size>
         <input_file_ref idref="fl-4"/>
      </object_component>
      <object_component id="oc-3be">
         <name>.debug_info</name>
         <load_address>0x1f1c</load_address>
         <run_address>0x1f1c</run_address>
         <size>0xf5</size>
         <input_file_ref idref="fl-4"/>
      </object_component>
      <object_component id="oc-173">
         <name>.debug_info</name>
         <load_address>0x2011</load_address>
         <run_address>0x2011</run_address>
         <size>0xf8</size>
         <input_file_ref idref="fl-5"/>
      </object_component>
      <object_component id="oc-176">
         <name>.debug_info</name>
         <load_address>0x2109</load_address>
         <run_address>0x2109</run_address>
         <size>0xf8</size>
         <input_file_ref idref="fl-5"/>
      </object_component>
      <object_component id="oc-90">
         <name>.debug_info</name>
         <load_address>0x2201</load_address>
         <run_address>0x2201</run_address>
         <size>0xf0</size>
         <input_file_ref idref="fl-5"/>
      </object_component>
      <object_component id="oc-96">
         <name>.debug_info</name>
         <load_address>0x22f1</load_address>
         <run_address>0x22f1</run_address>
         <size>0xee</size>
         <input_file_ref idref="fl-5"/>
      </object_component>
      <object_component id="oc-8d">
         <name>.debug_info</name>
         <load_address>0x23df</load_address>
         <run_address>0x23df</run_address>
         <size>0xf6</size>
         <input_file_ref idref="fl-5"/>
      </object_component>
      <object_component id="oc-93">
         <name>.debug_info</name>
         <load_address>0x24d5</load_address>
         <run_address>0x24d5</run_address>
         <size>0xf2</size>
         <input_file_ref idref="fl-5"/>
      </object_component>
      <object_component id="oc-22d">
         <name>.debug_info</name>
         <load_address>0x25c7</load_address>
         <run_address>0x25c7</run_address>
         <size>0xf4</size>
         <input_file_ref idref="fl-5"/>
      </object_component>
      <object_component id="oc-22a">
         <name>.debug_info</name>
         <load_address>0x26bb</load_address>
         <run_address>0x26bb</run_address>
         <size>0xf4</size>
         <input_file_ref idref="fl-5"/>
      </object_component>
      <object_component id="oc-f4">
         <name>.debug_info</name>
         <load_address>0x27af</load_address>
         <run_address>0x27af</run_address>
         <size>0xf8</size>
         <input_file_ref idref="fl-5"/>
      </object_component>
      <object_component id="oc-f7">
         <name>.debug_info</name>
         <load_address>0x28a7</load_address>
         <run_address>0x28a7</run_address>
         <size>0xf8</size>
         <input_file_ref idref="fl-5"/>
      </object_component>
      <object_component id="oc-179">
         <name>.debug_info</name>
         <load_address>0x299f</load_address>
         <run_address>0x299f</run_address>
         <size>0xfa</size>
         <input_file_ref idref="fl-5"/>
      </object_component>
      <object_component id="oc-de">
         <name>.debug_info</name>
         <load_address>0x2a99</load_address>
         <run_address>0x2a99</run_address>
         <size>0x143</size>
         <input_file_ref idref="fl-5"/>
      </object_component>
      <object_component id="oc-cc">
         <name>.debug_info</name>
         <load_address>0x2bdc</load_address>
         <run_address>0x2bdc</run_address>
         <size>0x1d4</size>
         <input_file_ref idref="fl-5"/>
      </object_component>
      <object_component id="oc-d8">
         <name>.debug_info</name>
         <load_address>0x2db0</load_address>
         <run_address>0x2db0</run_address>
         <size>0x12a</size>
         <input_file_ref idref="fl-5"/>
      </object_component>
      <object_component id="oc-390">
         <name>.debug_info</name>
         <load_address>0x2eda</load_address>
         <run_address>0x2eda</run_address>
         <size>0x158</size>
         <input_file_ref idref="fl-5"/>
      </object_component>
      <object_component id="oc-23f">
         <name>.debug_info</name>
         <load_address>0x3032</load_address>
         <run_address>0x3032</run_address>
         <size>0x1ae</size>
         <input_file_ref idref="fl-5"/>
      </object_component>
      <object_component id="oc-d2">
         <name>.debug_info</name>
         <load_address>0x31e0</load_address>
         <run_address>0x31e0</run_address>
         <size>0x20a</size>
         <input_file_ref idref="fl-5"/>
      </object_component>
      <object_component id="oc-396">
         <name>.debug_info</name>
         <load_address>0x33ea</load_address>
         <run_address>0x33ea</run_address>
         <size>0x1ac</size>
         <input_file_ref idref="fl-5"/>
      </object_component>
      <object_component id="oc-39c">
         <name>.debug_info</name>
         <load_address>0x3596</load_address>
         <run_address>0x3596</run_address>
         <size>0x2d1</size>
         <input_file_ref idref="fl-5"/>
      </object_component>
      <object_component id="oc-3b2">
         <name>.debug_info</name>
         <load_address>0x3867</load_address>
         <run_address>0x3867</run_address>
         <size>0x136</size>
         <input_file_ref idref="fl-5"/>
      </object_component>
      <object_component id="oc-a5">
         <name>.debug_info</name>
         <load_address>0x399d</load_address>
         <run_address>0x399d</run_address>
         <size>0x18b</size>
         <input_file_ref idref="fl-5"/>
      </object_component>
      <object_component id="oc-4a5">
         <name>.debug_info</name>
         <load_address>0x3b28</load_address>
         <run_address>0x3b28</run_address>
         <size>0x189</size>
         <input_file_ref idref="fl-5"/>
      </object_component>
      <object_component id="oc-30">
         <name>.debug_info</name>
         <load_address>0x3cb1</load_address>
         <run_address>0x3cb1</run_address>
         <size>0x1a5</size>
         <input_file_ref idref="fl-5"/>
      </object_component>
      <object_component id="oc-3c">
         <name>.debug_info</name>
         <load_address>0x3e56</load_address>
         <run_address>0x3e56</run_address>
         <size>0x1a1</size>
         <input_file_ref idref="fl-5"/>
      </object_component>
      <object_component id="oc-40">
         <name>.debug_info</name>
         <load_address>0x3ff7</load_address>
         <run_address>0x3ff7</run_address>
         <size>0x1a5</size>
         <input_file_ref idref="fl-5"/>
      </object_component>
      <object_component id="oc-46">
         <name>.debug_info</name>
         <load_address>0x419c</load_address>
         <run_address>0x419c</run_address>
         <size>0x1a1</size>
         <input_file_ref idref="fl-5"/>
      </object_component>
      <object_component id="oc-ac">
         <name>.debug_info</name>
         <load_address>0x433d</load_address>
         <run_address>0x433d</run_address>
         <size>0xff</size>
         <input_file_ref idref="fl-6"/>
      </object_component>
      <object_component id="oc-282">
         <name>.debug_info</name>
         <load_address>0x443c</load_address>
         <run_address>0x443c</run_address>
         <size>0x226</size>
         <input_file_ref idref="fl-6"/>
      </object_component>
      <object_component id="oc-28b">
         <name>.debug_info</name>
         <load_address>0x4662</load_address>
         <run_address>0x4662</run_address>
         <size>0x17e</size>
         <input_file_ref idref="fl-6"/>
      </object_component>
      <object_component id="oc-11b">
         <name>.debug_info</name>
         <load_address>0x47e0</load_address>
         <run_address>0x47e0</run_address>
         <size>0x3f3</size>
         <input_file_ref idref="fl-6"/>
      </object_component>
      <object_component id="oc-e2">
         <name>.debug_info</name>
         <load_address>0x4bd3</load_address>
         <run_address>0x4bd3</run_address>
         <size>0x138</size>
         <input_file_ref idref="fl-6"/>
      </object_component>
      <object_component id="oc-e8">
         <name>.debug_info</name>
         <load_address>0x4d0b</load_address>
         <run_address>0x4d0b</run_address>
         <size>0x244</size>
         <input_file_ref idref="fl-6"/>
      </object_component>
      <object_component id="oc-4d">
         <name>.debug_info</name>
         <load_address>0x4f4f</load_address>
         <run_address>0x4f4f</run_address>
         <size>0x362</size>
         <input_file_ref idref="fl-6"/>
      </object_component>
      <object_component id="oc-52">
         <name>.debug_info</name>
         <load_address>0x52b1</load_address>
         <run_address>0x52b1</run_address>
         <size>0x110</size>
         <input_file_ref idref="fl-6"/>
      </object_component>
      <object_component id="oc-12d">
         <name>.debug_info</name>
         <load_address>0x53c1</load_address>
         <run_address>0x53c1</run_address>
         <size>0xfb</size>
         <input_file_ref idref="fl-7"/>
      </object_component>
      <object_component id="oc-130">
         <name>.debug_info</name>
         <load_address>0x54bc</load_address>
         <run_address>0x54bc</run_address>
         <size>0xff</size>
         <input_file_ref idref="fl-7"/>
      </object_component>
      <object_component id="oc-1e9">
         <name>.debug_info</name>
         <load_address>0x55bb</load_address>
         <run_address>0x55bb</run_address>
         <size>0x134</size>
         <input_file_ref idref="fl-8"/>
      </object_component>
      <object_component id="oc-1e3">
         <name>.debug_info</name>
         <load_address>0x56ef</load_address>
         <run_address>0x56ef</run_address>
[...]
         <value>0x84628</value>
         <object_component_ref idref="oc-126"/>
      </symbol>
      <symbol id="sm-c7">
         <name>data</name>
         <value>0xa264</value>
         <object_component_ref idref="oc-291"/>
      </symbol>
      <symbol id="sm-c8">
         <name>setData</name>
         <value>0x845aa</value>
         <object_component_ref idref="oc-265"/>
      </symbol>
      <symbol id="sm-f6">
         <name>frame_size_x_dir</name>
         <value>0x84fd3</value>
         <object_component_ref idref="oc-117"/>
      </symbol>
      <symbol id="sm-f7">
         <name>frame_size_y_dir</name>
         <value>0x84fd5</value>
         <object_component_ref idref="oc-114"/>
      </symbol>
      <symbol id="sm-f8">
         <name>frame_data1</name>
         <value>0x84638</value>
         <object_component_ref idref="oc-3ba"/>
      </symbol>
      <symbol id="sm-f9">
         <name>frame_data2</name>
         <value>0x85000</value>
         <object_component_ref idref="oc-3bd"/>
      </symbol>
      <symbol id="sm-fa">
         <name>lookup_table_B</name>
         <value>0x85900</value>
         <object_component_ref idref="oc-294"/>
      </symbol>
      <symbol id="sm-fb">
         <name>lookup_table_G</name>
         <value>0x85a00</value>
         <object_component_ref idref="oc-297"/>
      </symbol>
      <symbol id="sm-fc">
         <name>lookup_table_R</name>
         <value>0x85b00</value>
         <object_component_ref idref="oc-29a"/>
      </symbol>
      <symbol id="sm-fd">
         <name>pFrameDataArray</name>
         <value>0xa046</value>
         <object_component_ref idref="oc-287"/>
      </symbol>
      <symbol id="sm-1e6">
         <name>LED_HAL_clbTransferNonBlocking</name>
         <value>0x82a46</value>
         <object_component_ref idref="oc-399"/>
      </symbol>
      <symbol id="sm-1e7">
         <name>xmtDone</name>
         <value>0xa271</value>
         <object_component_ref idref="oc-95"/>
      </symbol>
      <symbol id="sm-1e8">
         <name>xmtCount</name>
         <value>0xa270</value>
         <object_component_ref idref="oc-8f"/>
      </symbol>
      <symbol id="sm-1e9">
         <name>LED_HAL_clbRxRingBuffWrite</name>
         <value>0x8419b</value>
         <object_component_ref idref="oc-a2"/>
      </symbol>
      <symbol id="sm-1ea">
         <name>LED_HAL_initClbLogic</name>
         <value>0x830f4</value>
         <object_component_ref idref="oc-cf"/>
      </symbol>
      <symbol id="sm-1eb">
         <name>ledRcvBuffer</name>
         <value>0xa268</value>
         <object_component_ref idref="oc-f3"/>
      </symbol>
      <symbol id="sm-1ec">
         <name>INT_CCSI1_RX_TILE_ISR</name>
         <value>0x838bc</value>
         <object_component_ref idref="oc-45"/>
      </symbol>
      <symbol id="sm-1ed">
         <name>ringBuffTail</name>
         <value>0xa26f</value>
         <object_component_ref idref="oc-175"/>
      </symbol>
      <symbol id="sm-1ee">
         <name>INT_CCSI1_TX_TILE_ISR</name>
         <value>0x835ff</value>
         <object_component_ref idref="oc-3f"/>
      </symbol>
      <symbol id="sm-1ef">
         <name>rxTileBase</name>
         <value>0xa04a</value>
         <object_component_ref idref="oc-229"/>
      </symbol>
      <symbol id="sm-1f0">
         <name>txTileBase</name>
         <value>0xa04e</value>
         <object_component_ref idref="oc-22c"/>
      </symbol>
      <symbol id="sm-1f1">
         <name>LED_HAL_ringBufferReset</name>
         <value>0x845eb</value>
         <object_component_ref idref="oc-38d"/>
      </symbol>
      <symbol id="sm-1f2">
         <name>LED_HAL_setupProfilingGPIO</name>
         <value>0x843b4</value>
         <object_component_ref idref="oc-c9"/>
      </symbol>
      <symbol id="sm-1f3">
         <name>clbRxRingBuff</name>
         <value>0xa058</value>
         <object_component_ref idref="oc-178"/>
      </symbol>
      <symbol id="sm-1f4">
         <name>INT_CCSI2_RX_TILE_ISR</name>
         <value>0x83921</value>
         <object_component_ref idref="oc-39"/>
      </symbol>
      <symbol id="sm-1f5">
         <name>ledXmtBuffer</name>
         <value>0xa258</value>
         <object_component_ref idref="oc-f6"/>
      </symbol>
      <symbol id="sm-1f6">
         <name>INT_CCSI2_TX_TILE_ISR</name>
         <value>0x8367c</value>
         <object_component_ref idref="oc-2d"/>
      </symbol>
      <symbol id="sm-1f7">
         <name>LED_HAL_disableClbReceiver</name>
         <value>0x83a4c</value>
         <object_component_ref idref="oc-23c"/>
      </symbol>
      <symbol id="sm-1f8">
         <name>xmtBufPtr</name>
         <value>0xa26c</value>
         <object_component_ref idref="oc-92"/>
      </symbol>
      <symbol id="sm-1f9">
         <name>LED_HAL_startLedClocks</name>
         <value>0x83ddf</value>
         <object_component_ref idref="oc-db"/>
      </symbol>
      <symbol id="sm-1fa">
         <name>LED_HAL_setupInterrupts</name>
         <value>0x83aa7</value>
         <object_component_ref idref="oc-d5"/>
      </symbol>
      <symbol id="sm-1fb">
         <name>LED_HAL_clbRxRingBuffRead</name>
         <value>0x841bf</value>
         <object_component_ref idref="oc-4a2"/>
      </symbol>
      <symbol id="sm-1fc">
         <name>LED_HAL_clbSyncTransferStart</name>
         <value>0x82ffc</value>
         <object_component_ref idref="oc-3af"/>
      </symbol>
      <symbol id="sm-1fd">
         <name>xmtXferSize</name>
         <value>0xa272</value>
         <object_component_ref idref="oc-8c"/>
      </symbol>
      <symbol id="sm-1fe">
         <name>ringBuffHead</name>
         <value>0xa26e</value>
         <object_component_ref idref="oc-172"/>
      </symbol>
      <symbol id="sm-1ff">
         <name>LED_HAL_enableClbReceiver</name>
         <value>0x83bb6</value>
         <object_component_ref idref="oc-393"/>
      </symbol>
      <symbol id="sm-28d">
         <name>prepareFrame</name>
         <value>0x82b87</value>
         <object_component_ref idref="oc-11a"/>
      </symbol>
      <symbol id="sm-28e">
         <name>configCPUTimer</name>
         <value>0x8346a</value>
         <object_component_ref idref="oc-e7"/>
      </symbol>
      <symbol id="sm-28f">
         <name>cpuTimer0ISR</name>
         <value>0x843fb</value>
         <object_component_ref idref="oc-4b"/>
      </symbol>
      <symbol id="sm-290">
         <name>initCPUTimer</name>
         <value>0x8432c</value>
         <object_component_ref idref="oc-e1"/>
      </symbol>
      <symbol id="sm-291">
         <name>main</name>
         <value>0x828c2</value>
         <object_component_ref idref="oc-4c"/>
      </symbol>
      <symbol id="sm-292">
         <name>cpuTimer0IntCount</name>
         <value>0xa056</value>
         <object_component_ref idref="oc-ab"/>
      </symbol>
      <symbol id="sm-293">
         <name>fadeFrame</name>
         <value>0x839eb</value>
         <object_component_ref idref="oc-28a"/>
      </symbol>
      <symbol id="sm-294">
         <name>animateFrame</name>
         <value>0x83aa8</value>
         <object_component_ref idref="oc-281"/>
      </symbol>
      <symbol id="sm-2a4">
         <name>CASCADED_UNITS</name>
         <value>0x84fd7</value>
         <object_component_ref idref="oc-12f"/>
      </symbol>
      <symbol id="sm-2a5">
         <name>FRAME_PERIOD</name>
         <value>0x84fd8</value>
         <object_component_ref idref="oc-12c"/>
      </symbol>
      <symbol id="sm-338">
         <name>INTERRUPT_init</name>
         <value>0x840ef</value>
         <object_component_ref idref="oc-33"/>
      </symbol>
      <symbol id="sm-339">
         <name>CLB_SOUT_1_init</name>
         <value>0x8423d</value>
         <object_component_ref idref="oc-1fd"/>
      </symbol>
      <symbol id="sm-33a">
         <name>CLB_SOUT_2_init</name>
         <value>0x8425b</value>
         <object_component_ref idref="oc-20f"/>
      </symbol>
      <symbol id="sm-33b">
         <name>CCSI2_RX_TILE_init</name>
         <value>0x833dc</value>
         <object_component_ref idref="oc-1c7"/>
      </symbol>
      <symbol id="sm-33c">
         <name>OUTPUTXBAR_init</name>
         <value>0x8425b</value>
         <object_component_ref idref="oc-20f"/>
      </symbol>
      <symbol id="sm-33d">
         <name>PinMux_init</name>
         <value>0x83e5f</value>
         <object_component_ref idref="oc-1af"/>
      </symbol>
      <symbol id="sm-33e">
         <name>CLB_SCLK_1_init</name>
         <value>0x84201</value>
         <object_component_ref idref="oc-1eb"/>
      </symbol>
      <symbol id="sm-33f">
         <name>CLB_SCLK_2_init</name>
         <value>0x8421f</value>
         <object_component_ref idref="oc-1f7"/>
      </symbol>
      <symbol id="sm-340">
         <name>CCSI1_TX_TILE_init</name>
         <value>0x82ecb</value>
         <object_component_ref idref="oc-1c1"/>
      </symbol>
      <symbol id="sm-341">
         <name>Board_init</name>
         <value>0x84000</value>
         <object_component_ref idref="oc-c3"/>
      </symbol>
      <symbol id="sm-342">
         <name>CCSI1_RX_TILE_init</name>
         <value>0x832b6</value>
         <object_component_ref idref="oc-1bb"/>
      </symbol>
      <symbol id="sm-343">
         <name>SYNC_init</name>
         <value>0x84534</value>
         <object_component_ref idref="oc-1b5"/>
      </symbol>
      <symbol id="sm-344">
         <name>EPWM_init</name>
         <value>0x83349</value>
         <object_component_ref idref="oc-209"/>
      </symbol>
      <symbol id="sm-345">
         <name>myCLBINPUTXBARINPUT1_init</name>
         <value>0x84616</value>
         <object_component_ref idref="oc-1d9"/>
      </symbol>
      <symbol id="sm-346">
         <name>myCLBINPUTXBARINPUT0_init</name>
         <value>0x84610</value>
         <object_component_ref idref="oc-1d3"/>
      </symbol>
      <symbol id="sm-347">
         <name>myCLBINPUTXBARINPUT3_init</name>
         <value>0x84622</value>
         <object_component_ref idref="oc-1e5"/>
      </symbol>
      <symbol id="sm-348">
         <name>myCLBINPUTXBARINPUT2_init</name>
         <value>0x8461c</value>
         <object_component_ref idref="oc-1df"/>
      </symbol>
      <symbol id="sm-349">
         <name>CCSI2_TX_TILE_init</name>
         <value>0x83000</value>
         <object_component_ref idref="oc-1cd"/>
      </symbol>
      <symbol id="sm-34a">
         <name>CLB_SPICLK_1_init</name>
         <value>0x84279</value>
         <object_component_ref idref="oc-1f1"/>
      </symbol>
      <symbol id="sm-432">
         <name>TILE2HLCInstr</name>
         <value>0xa020</value>
         <object_component_ref idref="oc-375"/>
      </symbol>
      <symbol id="sm-433">
         <name>initTILE2</name>
         <value>0x82461</value>
         <object_component_ref idref="oc-235"/>
      </symbol>
      <symbol id="sm-434">
         <name>initTILE1</name>
         <value>0x82000</value>
         <object_component_ref idref="oc-22f"/>
      </symbol>
      <symbol id="sm-435">
         <name>TILE1HLCInstr</name>
         <value>0xa000</value>
         <object_component_ref idref="oc-370"/>
      </symbol>
      <symbol id="sm-45b">
         <name>Device_enableAllPeripherals</name>
         <value>0x831e3</value>
         <object_component_ref idref="oc-19f"/>
      </symbol>
      <symbol id="sm-45c">
         <name>Device_initGPIO</name>
         <value>0x84545</value>
         <object_component_ref idref="oc-b7"/>
      </symbol>
      <symbol id="sm-45d">
         <name>Device_init</name>
         <value>0x83b03</value>
         <object_component_ref idref="oc-b1"/>
      </symbol>
      <symbol id="sm-45e">
         <name>__error__</name>
         <value>0x84630</value>
         <object_component_ref idref="oc-193"/>
      </symbol>
      <symbol id="sm-46d">
         <name>code_start</name>
         <value>0x80000</value>
         <object_component_ref idref="oc-22"/>
      </symbol>
      <symbol id="sm-4a1">
         <name>CLB_configCounterLoadMatch</name>
         <value>0x83b5d</value>
         <object_component_ref idref="oc-36a"/>
      </symbol>
      <symbol id="sm-4bb">
         <name>CPUTimer_setEmulationMode</name>
         <value>0x8450f</value>
         <object_component_ref idref="oc-252"/>
      </symbol>
      <symbol id="sm-4d6">
         <name>EPWM_setEmulationMode</name>
         <value>0x8443f</value>
         <object_component_ref idref="oc-244"/>
      </symbol>
      <symbol id="sm-546">
         <name>Flash_initModule</name>
         <value>0x8000</value>
         <object_component_ref idref="oc-181"/>
      </symbol>
      <symbol id="sm-58e">
         <name>GPIO_setQualificationMode</name>
         <value>0x83f06</value>
         <object_component_ref idref="oc-21c"/>
      </symbol>
      <symbol id="sm-58f">
         <name>GPIO_setPadConfig</name>
         <value>0x83c65</value>
         <object_component_ref idref="oc-338"/>
      </symbol>
      <symbol id="sm-590">
         <name>GPIO_setAnalogMode</name>
         <value>0x83852</value>
         <object_component_ref idref="oc-1a5"/>
      </symbol>
      <symbol id="sm-591">
         <name>GPIO_setDirectionMode</name>
         <value>0x84031</value>
         <object_component_ref idref="oc-216"/>
      </symbol>
      <symbol id="sm-592">
         <name>GPIO_setPinConfig</name>
         <value>0x83ecf</value>
         <object_component_ref idref="oc-222"/>
      </symbol>
      <symbol id="sm-60b">
         <name>Interrupt_defaultHandler</name>
         <value>0x84455</value>
         <object_component_ref idref="oc-57"/>
      </symbol>
      <symbol id="sm-60c">
         <name>Interrupt_disable</name>
         <value>0x83cb7</value>
         <object_component_ref idref="oc-9a"/>
      </symbol>
      <symbol id="sm-60d">
         <name>Interrupt_initModule</name>
         <value>0x82fbf</value>
         <object_component_ref idref="oc-bd"/>
      </symbol>
      <symbol id="sm-60e">
         <name>Interrupt_nmiHandler</name>
         <value>0x845d8</value>
         <object_component_ref idref="oc-69"/>
      </symbol>
      <symbol id="sm-60f">
         <name>Interrupt_enable</name>
         <value>0x83f3d</value>
         <object_component_ref idref="oc-ed"/>
      </symbol>
      <symbol id="sm-610">
         <name>Interrupt_initVectorTable</name>
         <value>0x842d3</value>
         <object_component_ref idref="oc-58"/>
      </symbol>
      <symbol id="sm-611">
         <name>Interrupt_illegalOperationHandler</name>
         <value>0x845ce</value>
         <object_component_ref idref="oc-63"/>
      </symbol>
      <symbol id="sm-723">
         <name>SysCtl_isPLLValid</name>
         <value>0x82dcd</value>
         <object_component_ref idref="oc-326"/>
      </symbol>
      <symbol id="sm-724">
         <name>SysCtl_delay</name>
         <value>0x812a</value>
         <object_component_ref idref="oc-319"/>
      </symbol>
      <symbol id="sm-725">
         <name>SysCtl_selectXTALSingleEnded</name>
         <value>0x841e1</value>
         <object_component_ref idref="oc-421"/>
      </symbol>
      <symbol id="sm-726">
         <name>SysCtl_selectXTAL</name>
         <value>0x83e22</value>
         <object_component_ref idref="oc-41b"/>
      </symbol>
      <symbol id="sm-727">
         <name>SysCtl_selectOscSource</name>
         <value>0x83d51</value>
         <object_component_ref idref="oc-31a"/>
      </symbol>
      <symbol id="sm-728">
         <name>SysCtl_getLowSpeedClock</name>
         <value>0x8439a</value>
         <object_component_ref idref="oc-199"/>
      </symbol>
      <symbol id="sm-729">
         <name>SysCtl_setClock</name>
         <value>0x82cad</value>
         <object_component_ref idref="oc-187"/>
      </symbol>
      <symbol id="sm-72a">
         <name>SysCtl_getClock</name>
         <value>0x83986</value>
         <object_component_ref idref="oc-18d"/>
      </symbol>
      <symbol id="sm-74f">
         <name>XBAR_setCLBMuxConfig</name>
         <value>0x84092</value>
         <object_component_ref idref="oc-203"/>
      </symbol>
      <symbol id="sm-750">
         <name>XBAR_setOutputMuxConfig</name>
         <value>0x83e97</value>
         <object_component_ref idref="oc-34e"/>
      </symbol>
      <symbol id="sm-75a">
         <name>_c_int00</name>
         <value>0x84412</value>
         <object_component_ref idref="oc-14b"/>
      </symbol>
      <symbol id="sm-75b">
         <name>__stack</name>
         <value>0x400</value>
         <object_component_ref idref="oc-6f"/>
      </symbol>
      <symbol id="sm-76a">
         <name>__c28xabi_divf</name>
         <value>0x834f8</value>
         <object_component_ref idref="oc-24c"/>
      </symbol>
      <symbol id="sm-77e">
         <name>memcpy</name>
         <value>0x8430f</value>
         <object_component_ref idref="oc-72"/>
      </symbol>
      <symbol id="sm-78b">
         <name>_system_pre_init</name>
         <value>0x83ffe</value>
         <object_component_ref idref="oc-2b2"/>
      </symbol>
      <symbol id="sm-79a">
         <name>__TI_auto_init_nobinit_nopinit</name>
         <value>0x84147</value>
         <object_component_ref idref="oc-3d3"/>
      </symbol>
      <symbol id="sm-7a9">
         <name>__TI_zero_init_nomemset</name>
         <value>0x8459d</value>
         <object_component_ref idref="oc-7a"/>
      </symbol>
      <symbol id="sm-7b6">
         <name>__TI_decompress_none</name>
         <value>0x845f3</value>
         <object_component_ref idref="oc-1b"/>
      </symbol>
      <symbol id="sm-7ca">
         <name>__TI_decompress_lzss</name>
         <value>0x84062</value>
         <object_component_ref idref="oc-15"/>
      </symbol>
      <symbol id="sm-7e0">
         <name>C$$EXIT</name>
         <value>0x84172</value>
         <object_component_ref idref="oc-2bf"/>
      </symbol>
      <symbol id="sm-7e1">
         <name>abort</name>
         <value>0x84172</value>
         <object_component_ref idref="oc-2bf"/>
      </symbol>
      <symbol id="sm-7e2">
         <name>exit</name>
         <value>0x84174</value>
         <object_component_ref idref="oc-2bf"/>
      </symbol>
      <symbol id="sm-7e3">
         <name>__TI_dtors_ptr</name>
         <value>0xa044</value>
         <object_component_ref idref="oc-405"/>
      </symbol>
      <symbol id="sm-7e4">
         <name>__TI_cleanup_ptr</name>
         <value>0xa042</value>
         <object_component_ref idref="oc-405"/>
      </symbol>
      <symbol id="sm-7e5">
         <name>__TI_enable_exit_profile_output</name>
         <value>0xa040</value>
         <object_component_ref idref="oc-405"/>
      </symbol>
      <symbol id="sm-7fc">
         <name>_nop</name>
         <value>0x845ea</value>
         <object_component_ref idref="oc-4cf"/>
      </symbol>
      <symbol id="sm-7fd">
         <name>_lock</name>
         <value>0xa052</value>
         <object_component_ref idref="oc-408"/>
      </symbol>
      <symbol id="sm-7fe">
         <name>_unlock</name>
         <value>0xa054</value>
         <object_component_ref idref="oc-50e"/>
      </symbol>
      <symbol id="sm-7ff">
         <name>_register_lock</name>
         <value>0x845e6</value>
         <object_component_ref idref="oc-4cf"/>
      </symbol>
      <symbol id="sm-800">
         <name>_register_unlock</name>
         <value>0x845e2</value>
         <object_component_ref idref="oc-4cf"/>
      </symbol>
      <symbol id="sm-80f">
         <name>_args_main</name>
         <value>0x845b7</value>
         <object_component_ref idref="oc-2b9"/>
      </symbol>
      <symbol id="sm-81f">
         <name>_system_post_cinit</name>
         <value>0x84633</value>
         <object_component_ref idref="oc-4b5"/>
      </symbol>
      <symbol id="sm-821">
         <name>__c_args__</name>
         <value>0x0</value>
      </symbol>
   </symbol_table>
   <title>Link successful</title>
</link_info>
