<?xml version="1.0" encoding="ISO-8859-1" ?>
<link_info>
   <banner>TMS320C2000 Linker Unix v22.6.1.LTS</banner>
   <copyright>Copyright (c) 1996-2018 Texas Instruments Incorporated</copyright>
   <link_time>0x65fe23ec</link_time>
   <link_errors>0x0</link_errors>
   <output_file>tlc698x_lp589x_f28003x.out</output_file>
   <entry_point>
      <name>code_start</name>
      <address>0x80000</address>
   </entry_point>
   <input_file_list>
      <input_file id="fl-2">
         <path>./</path>
         <kind>object</kind>
         <file>CCSI_Socket.obj</file>
         <name>CCSI_Socket.obj</name>
      </input_file>
      <input_file id="fl-3">
         <path>./</path>
         <kind>object</kind>
         <file>TLC698x_LP589x_APIs.obj</file>
         <name>TLC698x_LP589x_APIs.obj</name>
      </input_file>
      <input_file id="fl-4">
         <path>./</path>
         <kind>object</kind>
         <file>frames.obj</file>
         <name>frames.obj</name>
      </input_file>
      <input_file id="fl-5">
         <path>./</path>
         <kind>object</kind>
         <file>led_hal.obj</file>
         <name>led_hal.obj</name>
      </input_file>
      <input_file id="fl-6">
         <path>./</path>
         <kind>object</kind>
         <file>main.obj</file>
         <name>main.obj</name>
      </input_file>
      <input_file id="fl-7">
         <path>./</path>
         <kind>object</kind>
         <file>system_info.obj</file>
         <name>system_info.obj</name>
      </input_file>
      <input_file id="fl-8">
         <path>./syscfg/</path>
         <kind>object</kind>
         <file>board.obj</file>
         <name>board.obj</name>
      </input_file>
      <input_file id="fl-9">
         <path>./syscfg/</path>
         <kind>object</kind>
         <file>clb_config.obj</file>
         <name>clb_config.obj</name>
      </input_file>
      <input_file id="fl-a">
         <path>./syscfg/</path>
         <kind>object</kind>
         <file>clb_sim.obj</file>
         <name>clb_sim.obj</name>
      </input_file>
      <input_file id="fl-b">
         <path>./syscfg/</path>
         <kind>object</kind>
         <file>c2000ware_libraries.obj</file>
         <name>c2000ware_libraries.obj</name>
      </input_file>
      <input_file id="fl-c">
         <path>./device/</path>
         <kind>object</kind>
         <file>device.obj</file>
         <name>device.obj</name>
      </input_file>
      <input_file id="fl-d">
         <path>./device/</path>
         <kind>object</kind>
         <file>f28003x_codestartbranch.obj</file>
         <name>f28003x_codestartbranch.obj</name>
      </input_file>
      <input_file id="fl-12">
         <kind>object</kind>
         <file>&lt;internal&gt;</file>
         <name>&lt;internal&gt;</name>
      </input_file>
      <input_file id="fl-13">
         <path>/Applications/ti/c2000/C2000Ware_5_01_00_00/driverlib/f28003x/driverlib/ccs/Debug/</path>
         <kind>archive</kind>
         <file>driverlib.lib</file>
         <name>clb.obj</name>
      </input_file>
      <input_file id="fl-14">
         <path>/Applications/ti/c2000/C2000Ware_5_01_00_00/driverlib/f28003x/driverlib/ccs/Debug/</path>
         <kind>archive</kind>
         <file>driverlib.lib</file>
         <name>cputimer.obj</name>
      </input_file>
      <input_file id="fl-15">
         <path>/Applications/ti/c2000/C2000Ware_5_01_00_00/driverlib/f28003x/driverlib/ccs/Debug/</path>
         <kind>archive</kind>
         <file>driverlib.lib</file>
         <name>epwm.obj</name>
      </input_file>
      <input_file id="fl-16">
         <path>/Applications/ti/c2000/C2000Ware_5_01_00_00/driverlib/f28003x/driverlib/ccs/Debug/</path>
         <kind>archive</kind>
         <file>driverlib.lib</file>
         <name>flash.obj</name>
      </input_file>
      <input_file id="fl-17">
         <path>/Applications/ti/c2000/C2000Ware_5_01_00_00/driverlib/f28003x/driverlib/ccs/Debug/</path>
         <kind>archive</kind>
         <file>driverlib.lib</file>
         <name>gpio.obj</name>
      </input_file>
      <input_file id="fl-18">
         <path>/Applications/ti/c2000/C2000Ware_5_01_00_00/driverlib/f28003x/driverlib/ccs/Debug/</path>
         <kind>archive</kind>
         <file>driverlib.lib</file>
         <name>interrupt.obj</name>
      </input_file>
      <input_file id="fl-19">
         <path>/Applications/ti/c2000/C2000Ware_5_01_00_00/driverlib/f28003x/driverlib/ccs/Debug/</path>
         <kind>archive</kind>
         <file>driverlib.lib</file>
         <name>sysctl.obj</name>
      </input_file>
      <input_file id="fl-1a">
         <path>/Applications/ti/c2000/C2000Ware_5_01_00_00/driverlib/f28003x/driverlib/ccs/Debug/</path>
         <kind>archive</kind>
         <file>driverlib.lib</file>
         <name>xbar.obj</name>
      </input_file>
      <input_file id="fl-26">
         <path>/Applications/ti/ccs1260/ccs/tools/compiler/ti-cgt-c2000_22.6.1.LTS/lib/</path>
         <kind>archive</kind>
         <file>rts2800_fpu32_eabi.lib</file>
         <name>boot28.asm.obj</name>
      </input_file>
      <input_file id="fl-27">
         <path>/Applications/ti/ccs1260/ccs/tools/compiler/ti-cgt-c2000_22.6.1.LTS/lib/</path>
         <kind>archive</kind>
         <file>rts2800_fpu32_eabi.lib</file>
         <name>fd_sub28.asm.obj</name>
      </input_file>
      <input_file id="fl-28">
         <path>/Applications/ti/ccs1260/ccs/tools/compiler/ti-cgt-c2000_22.6.1.LTS/lib/</path>
         <kind>archive</kind>
         <file>rts2800_fpu32_eabi.lib</file>
         <name>fd_toul28.asm.obj</name>
      </input_file>
      <input_file id="fl-29">
         <path>/Applications/ti/ccs1260/ccs/tools/compiler/ti-cgt-c2000_22.6.1.LTS/lib/</path>
         <kind>archive</kind>
         <file>rts2800_fpu32_eabi.lib</file>
         <name>fs_div28.asm.obj</name>
      </input_file>
      <input_file id="fl-2a">
         <path>/Applications/ti/ccs1260/ccs/tools/compiler/ti-cgt-c2000_22.6.1.LTS/lib/</path>
         <kind>archive</kind>
         <file>rts2800_fpu32_eabi.lib</file>
         <name>ul_tofd28.asm.obj</name>
      </input_file>
      <input_file id="fl-2b">
         <path>/Applications/ti/ccs1260/ccs/tools/compiler/ti-cgt-c2000_22.6.1.LTS/lib/</path>
         <kind>archive</kind>
         <file>rts2800_fpu32_eabi.lib</file>
         <name>fd_div28.asm.obj</name>
      </input_file>
      <input_file id="fl-2c">
         <path>/Applications/ti/ccs1260/ccs/tools/compiler/ti-cgt-c2000_22.6.1.LTS/lib/</path>
         <kind>archive</kind>
         <file>rts2800_fpu32_eabi.lib</file>
         <name>memcpy.c.obj</name>
      </input_file>
      <input_file id="fl-2d">
         <path>/Applications/ti/ccs1260/ccs/tools/compiler/ti-cgt-c2000_22.6.1.LTS/lib/</path>
         <kind>archive</kind>
         <file>rts2800_fpu32_eabi.lib</file>
         <name>pre_init.c.obj</name>
      </input_file>
      <input_file id="fl-2e">
         <path>/Applications/ti/ccs1260/ccs/tools/compiler/ti-cgt-c2000_22.6.1.LTS/lib/</path>
         <kind>archive</kind>
         <file>rts2800_fpu32_eabi.lib</file>
         <name>autoinit.c.obj</name>
      </input_file>
      <input_file id="fl-2f">
         <path>/Applications/ti/ccs1260/ccs/tools/compiler/ti-cgt-c2000_22.6.1.LTS/lib/</path>
         <kind>archive</kind>
         <file>rts2800_fpu32_eabi.lib</file>
         <name>copy_zero_init.c.obj</name>
      </input_file>
      <input_file id="fl-30">
         <path>/Applications/ti/ccs1260/ccs/tools/compiler/ti-cgt-c2000_22.6.1.LTS/lib/</path>
         <kind>archive</kind>
         <file>rts2800_fpu32_eabi.lib</file>
         <name>copy_decompress_none.c.obj</name>
      </input_file>
      <input_file id="fl-31">
         <path>/Applications/ti/ccs1260/ccs/tools/compiler/ti-cgt-c2000_22.6.1.LTS/lib/</path>
         <kind>archive</kind>
         <file>rts2800_fpu32_eabi.lib</file>
         <name>copy_decompress_lzss.c.obj</name>
      </input_file>
      <input_file id="fl-32">
         <path>/Applications/ti/ccs1260/ccs/tools/compiler/ti-cgt-c2000_22.6.1.LTS/lib/</path>
         <kind>archive</kind>
         <file>rts2800_fpu32_eabi.lib</file>
         <name>exit.c.obj</name>
      </input_file>
      <input_file id="fl-33">
         <path>/Applications/ti/ccs1260/ccs/tools/compiler/ti-cgt-c2000_22.6.1.LTS/lib/</path>
         <kind>archive</kind>
         <file>rts2800_fpu32_eabi.lib</file>
         <name>_lock.c.obj</name>
      </input_file>
      <input_file id="fl-34">
         <path>/Applications/ti/ccs1260/ccs/tools/compiler/ti-cgt-c2000_22.6.1.LTS/lib/</path>
         <kind>archive</kind>
         <file>rts2800_fpu32_eabi.lib</file>
         <name>args_main.c.obj</name>
      </input_file>
      <input_file id="fl-35">
         <path>/Applications/ti/ccs1260/ccs/tools/compiler/ti-cgt-c2000_22.6.1.LTS/lib/</path>
         <kind>archive</kind>
         <file>rts2800_fpu32_eabi.lib</file>
         <name>memset.c.obj</name>
      </input_file>
      <input_file id="fl-36">
         <path>/Applications/ti/ccs1260/ccs/tools/compiler/ti-cgt-c2000_22.6.1.LTS/lib/</path>
         <kind>archive</kind>
         <file>rts2800_fpu32_eabi.lib</file>
         <name>fd_add28.asm.obj</name>
      </input_file>
      <input_file id="fl-37">
         <path>/Applications/ti/ccs1260/ccs/tools/compiler/ti-cgt-c2000_22.6.1.LTS/lib/</path>
         <kind>archive</kind>
         <file>rts2800_fpu32_eabi.lib</file>
         <name>cpy_tbl.c.obj</name>
      </input_file>
      <input_file id="fl-38">
         <path>/Applications/ti/ccs1260/ccs/tools/compiler/ti-cgt-c2000_22.6.1.LTS/lib/</path>
         <kind>archive</kind>
         <file>rts2800_fpu32_eabi.lib</file>
         <name>startup.c.obj</name>
      </input_file>
   </input_file_list>
   <object_component_list>
      <object_component id="oc-22">
         <name>codestart</name>
         <load_address>0x80000</load_address>
         <run_address>0x80000</run_address>
         <size>0x2</size>
         <input_file_ref idref="fl-d"/>
      </object_component>
      <object_component id="oc-229">
         <name>.text:initTILE1</name>
         <load_address>0x82000</load_address>
         <run_address>0x82000</run_address>
         <size>0x461</size>
         <input_file_ref idref="fl-9"/>
      </object_component>
      <object_component id="oc-22f">
         <name>.text:initTILE2</name>
         <load_address>0x82461</load_address>
         <run_address>0x82461</run_address>
         <size>0x461</size>
         <input_file_ref idref="fl-9"/>
      </object_component>
      <object_component id="oc-278">
         <name>.text:LED_lod_lsd_detection</name>
         <load_address>0x828c2</load_address>
         <run_address>0x828c2</run_address>
         <size>0x303</size>
         <input_file_ref idref="fl-3"/>
      </object_component>
      <object_component id="oc-379">
         <name>.text:LED_HAL_clbTransferNonBlocking</name>
         <load_address>0x82bc5</load_address>
         <run_address>0x82bc5</run_address>
         <size>0x141</size>
         <input_file_ref idref="fl-5"/>
      </object_component>
      <object_component id="oc-181">
         <name>.text:SysCtl_setClock</name>
         <load_address>0x82d06</load_address>
         <run_address>0x82d06</run_address>
         <size>0x120</size>
         <input_file_ref idref="fl-19"/>
      </object_component>
      <object_component id="oc-306">
         <name>.text:SysCtl_isPLLValid</name>
         <load_address>0x82e26</load_address>
         <run_address>0x82e26</run_address>
         <size>0xfe</size>
         <input_file_ref idref="fl-19"/>
      </object_component>
      <object_component id="oc-199">
         <name>.text:Device_enableAllPeripherals</name>
         <load_address>0x82f24</load_address>
         <run_address>0x82f24</run_address>
         <size>0xd3</size>
         <input_file_ref idref="fl-c"/>
      </object_component>
      <object_component id="oc-114">
         <name>.text:LED_Write_White_ALL</name>
         <load_address>0x82ff7</load_address>
         <run_address>0x82ff7</run_address>
         <size>0x9</size>
         <input_file_ref idref="fl-3"/>
      </object_component>
      <object_component id="oc-1bb">
         <name>.text:CCSI1_TX_TILE_init</name>
         <load_address>0x83000</load_address>
         <run_address>0x83000</run_address>
         <size>0xf4</size>
         <input_file_ref idref="fl-8"/>
      </object_component>
      <object_component id="oc-1c7">
         <name>.text:CCSI2_TX_TILE_init</name>
         <load_address>0x830f4</load_address>
         <run_address>0x830f4</run_address>
         <size>0xf4</size>
         <input_file_ref idref="fl-8"/>
      </object_component>
      <object_component id="oc-cf">
         <name>.text:LED_HAL_initClbLogic</name>
         <load_address>0x831e8</load_address>
         <run_address>0x831e8</run_address>
         <size>0xef</size>
         <input_file_ref idref="fl-5"/>
      </object_component>
      <object_component id="oc-d5">
         <name>.text:LED_HAL_setupInterrupts</name>
         <load_address>0x832d7</load_address>
         <run_address>0x832d7</run_address>
         <size>0x1</size>
         <input_file_ref idref="fl-5"/>
      </object_component>
      <object_component id="oc-4c">
         <name>.text:main</name>
         <load_address>0x832d8</load_address>
         <run_address>0x832d8</run_address>
         <size>0xc0</size>
         <input_file_ref idref="fl-6"/>
      </object_component>
      <object_component id="oc-4a9">
         <name>.text</name>
         <load_address>0x83398</load_address>
         <run_address>0x83398</run_address>
         <size>0x9c</size>
         <input_file_ref idref="fl-36"/>
      </object_component>
      <object_component id="oc-1b5">
         <name>.text:CCSI1_RX_TILE_init</name>
         <load_address>0x83434</load_address>
         <run_address>0x83434</run_address>
         <size>0x93</size>
         <input_file_ref idref="fl-8"/>
      </object_component>
      <object_component id="oc-203">
         <name>.text:EPWM_init</name>
         <load_address>0x834c7</load_address>
         <run_address>0x834c7</run_address>
         <size>0x93</size>
         <input_file_ref idref="fl-8"/>
      </object_component>
      <object_component id="oc-1c1">
         <name>.text:CCSI2_RX_TILE_init</name>
         <load_address>0x8355a</load_address>
         <run_address>0x8355a</run_address>
         <size>0x8e</size>
         <input_file_ref idref="fl-8"/>
      </object_component>
      <object_component id="oc-e7">
         <name>.text:configCPUTimer</name>
         <load_address>0x835e8</load_address>
         <run_address>0x835e8</run_address>
         <size>0x8e</size>
         <input_file_ref idref="fl-6"/>
      </object_component>
      <object_component id="oc-3ae">
         <name>.text</name>
         <load_address>0x83676</load_address>
         <run_address>0x83676</run_address>
         <size>0x8b</size>
         <input_file_ref idref="fl-2b"/>
      </object_component>
      <object_component id="oc-246">
         <name>.text</name>
         <load_address>0x83701</load_address>
         <run_address>0x83701</run_address>
         <size>0x88</size>
         <input_file_ref idref="fl-29"/>
      </object_component>
      <object_component id="oc-159">
         <name>.text:Interrupt_clearIFR</name>
         <load_address>0x83789</load_address>
         <run_address>0x83789</run_address>
         <size>0x7f</size>
         <input_file_ref idref="fl-18"/>
      </object_component>
      <object_component id="oc-3f">
         <name>.text:INT_CCSI1_TX_TILE_ISR</name>
         <load_address>0x83808</load_address>
         <run_address>0x83808</run_address>
         <size>0x7d</size>
         <input_file_ref idref="fl-5"/>
      </object_component>
      <object_component id="oc-2d">
         <name>.text:INT_CCSI2_TX_TILE_ISR</name>
         <load_address>0x83885</load_address>
         <run_address>0x83885</run_address>
         <size>0x7d</size>
         <input_file_ref idref="fl-5"/>
      </object_component>
      <object_component id="oc-320">
         <name>.text:CLB_configLocalInputMux</name>
         <load_address>0x83902</load_address>
         <run_address>0x83902</run_address>
         <size>0x73</size>
         <input_file_ref idref="fl-8"/>
      </object_component>
      <object_component id="oc-44c">
         <name>.text:DCC_setCounterSeeds</name>
         <load_address>0x83975</load_address>
         <run_address>0x83975</run_address>
         <size>0x73</size>
         <input_file_ref idref="fl-19"/>
      </object_component>
      <object_component id="oc-19f">
         <name>.text:GPIO_setAnalogMode</name>
         <load_address>0x839e8</load_address>
         <run_address>0x839e8</run_address>
         <size>0x6a</size>
         <input_file_ref idref="fl-17"/>
      </object_component>
      <object_component id="oc-45">
         <name>.text:INT_CCSI1_RX_TILE_ISR</name>
         <load_address>0x83a52</load_address>
         <run_address>0x83a52</run_address>
         <size>0x65</size>
         <input_file_ref idref="fl-5"/>
      </object_component>
      <object_component id="oc-39">
         <name>.text:INT_CCSI2_RX_TILE_ISR</name>
         <load_address>0x83ab7</load_address>
         <run_address>0x83ab7</run_address>
         <size>0x65</size>
         <input_file_ref idref="fl-5"/>
      </object_component>
      <object_component id="oc-187">
         <name>.text:SysCtl_getClock</name>
         <load_address>0x83b1c</load_address>
         <run_address>0x83b1c</run_address>
         <size>0x65</size>
         <input_file_ref idref="fl-19"/>
      </object_component>
      <object_component id="oc-236">
         <name>.text:LED_HAL_disableClbReceiver</name>
         <load_address>0x83b81</load_address>
         <run_address>0x83b81</run_address>
         <size>0x5b</size>
         <input_file_ref idref="fl-5"/>
      </object_component>
      <object_component id="oc-b1">
         <name>.text:Device_init</name>
         <load_address>0x83bdc</load_address>
         <run_address>0x83bdc</run_address>
         <size>0x5a</size>
         <input_file_ref idref="fl-c"/>
      </object_component>
      <object_component id="oc-34a">
         <name>.text:CLB_configCounterLoadMatch</name>
         <load_address>0x83c36</load_address>
         <run_address>0x83c36</run_address>
         <size>0x59</size>
         <input_file_ref idref="fl-13"/>
      </object_component>
      <object_component id="oc-373">
         <name>.text:LED_HAL_enableClbReceiver</name>
         <load_address>0x83c8f</load_address>
         <run_address>0x83c8f</run_address>
         <size>0x59</size>
         <input_file_ref idref="fl-5"/>
      </object_component>
      <object_component id="oc-37f">
         <name>.text:processReadData</name>
         <load_address>0x83ce8</load_address>
         <run_address>0x83ce8</run_address>
         <size>0x56</size>
         <input_file_ref idref="fl-2"/>
      </object_component>
      <object_component id="oc-318">
         <name>.text:GPIO_setPadConfig</name>
         <load_address>0x83d3e</load_address>
         <run_address>0x83d3e</run_address>
         <size>0x52</size>
         <input_file_ref idref="fl-17"/>
      </object_component>
      <object_component id="oc-98">
         <name>.text:Interrupt_disable</name>
         <load_address>0x83d90</load_address>
         <run_address>0x83d90</run_address>
         <size>0x4e</size>
         <input_file_ref idref="fl-18"/>
      </object_component>
      <object_component id="oc-258">
         <name>.text:CCSI_write</name>
         <load_address>0x83dde</load_address>
         <run_address>0x83dde</run_address>
         <size>0x4c</size>
         <input_file_ref idref="fl-2"/>
      </object_component>
      <object_component id="oc-2fa">
         <name>.text:SysCtl_selectOscSource</name>
         <load_address>0x83e2a</load_address>
         <run_address>0x83e2a</run_address>
         <size>0x49</size>
         <input_file_ref idref="fl-19"/>
      </object_component>
      <object_component id="oc-4d9">
         <name>.text:SysCtl_pollX1Counter</name>
         <load_address>0x83e73</load_address>
         <run_address>0x83e73</run_address>
         <size>0x45</size>
         <input_file_ref idref="fl-19"/>
      </object_component>
      <object_component id="oc-db">
         <name>.text:LED_HAL_startLedClocks</name>
         <load_address>0x83eb8</load_address>
         <run_address>0x83eb8</run_address>
         <size>0x43</size>
         <input_file_ref idref="fl-5"/>
      </object_component>
      <object_component id="oc-bd">
         <name>.text:Interrupt_initModule</name>
         <load_address>0x83efb</load_address>
         <run_address>0x83efb</run_address>
         <size>0x3d</size>
         <input_file_ref idref="fl-18"/>
      </object_component>
      <object_component id="oc-40e">
         <name>.text:SysCtl_selectXTAL</name>
         <load_address>0x83f38</load_address>
         <run_address>0x83f38</run_address>
         <size>0x3d</size>
         <input_file_ref idref="fl-19"/>
      </object_component>
      <object_component id="oc-1a9">
         <name>.text:PinMux_init</name>
         <load_address>0x83f75</load_address>
         <run_address>0x83f75</run_address>
         <size>0x38</size>
         <input_file_ref idref="fl-8"/>
      </object_component>
      <object_component id="oc-32e">
         <name>.text:XBAR_setOutputMuxConfig</name>
         <load_address>0x83fad</load_address>
         <run_address>0x83fad</run_address>
         <size>0x38</size>
         <input_file_ref idref="fl-1a"/>
      </object_component>
      <object_component id="oc-474">
         <name>.text:CLB_isBaseValid</name>
         <load_address>0x83fe5</load_address>
         <run_address>0x83fe5</run_address>
         <size>0x1b</size>
         <input_file_ref idref="fl-13"/>
      </object_component>
      <object_component id="oc-21c">
         <name>.text:GPIO_setPinConfig</name>
         <load_address>0x84000</load_address>
         <run_address>0x84000</run_address>
         <size>0x37</size>
         <input_file_ref idref="fl-17"/>
      </object_component>
      <object_component id="oc-216">
         <name>.text:GPIO_setQualificationMode</name>
         <load_address>0x84037</load_address>
         <run_address>0x84037</run_address>
         <size>0x37</size>
         <input_file_ref idref="fl-17"/>
      </object_component>
      <object_component id="oc-ed">
         <name>.text:Interrupt_enable</name>
         <load_address>0x8406e</load_address>
         <run_address>0x8406e</run_address>
         <size>0x37</size>
         <input_file_ref idref="fl-18"/>
      </object_component>
      <object_component id="oc-268">
         <name>.text:LED_Write_RGB_Custom_ALL</name>
         <load_address>0x840a5</load_address>
         <run_address>0x840a5</run_address>
         <size>0x34</size>
         <input_file_ref idref="fl-3"/>
      </object_component>
      <object_component id="oc-38c">
         <name>.text:CCSI_write_sync</name>
         <load_address>0x840d9</load_address>
         <run_address>0x840d9</run_address>
         <size>0x32</size>
         <input_file_ref idref="fl-2"/>
      </object_component>
      <object_component id="oc-c3">
         <name>.text:Board_init</name>
         <load_address>0x8410b</load_address>
         <run_address>0x8410b</run_address>
         <size>0x31</size>
         <input_file_ref idref="fl-8"/>
      </object_component>
      <object_component id="oc-3a2">
         <name>.text:CCSI_read</name>
         <load_address>0x8413c</load_address>
         <run_address>0x8413c</run_address>
         <size>0x31</size>
         <input_file_ref idref="fl-2"/>
      </object_component>
      <object_component id="oc-210">
         <name>.text:GPIO_setDirectionMode</name>
         <load_address>0x8416d</load_address>
         <run_address>0x8416d</run_address>
         <size>0x31</size>
         <input_file_ref idref="fl-17"/>
      </object_component>
      <object_component id="oc-15">
         <name>.text:decompress:lzss</name>
         <load_address>0x8419e</load_address>
         <run_address>0x8419e</run_address>
         <size>0x30</size>
         <input_file_ref idref="fl-31"/>
      </object_component>
      <object_component id="oc-1fd">
         <name>.text:XBAR_setCLBMuxConfig</name>
         <load_address>0x841ce</load_address>
         <run_address>0x841ce</run_address>
         <size>0x2f</size>
         <input_file_ref idref="fl-1a"/>
      </object_component>
      <object_component id="oc-47b">
         <name>.text:CLB_writeInterface</name>
         <load_address>0x841fd</load_address>
         <run_address>0x841fd</run_address>
         <size>0x2e</size>
         <input_file_ref idref="fl-13"/>
      </object_component>
      <object_component id="oc-2e">
         <name>.text:INTERRUPT_init</name>
         <load_address>0x8422b</load_address>
         <run_address>0x8422b</run_address>
         <size>0x2d</size>
         <input_file_ref idref="fl-8"/>
      </object_component>
      <object_component id="oc-35a">
         <name>.text:EPWM_isBaseValid</name>
         <load_address>0x84258</load_address>
         <run_address>0x84258</run_address>
         <size>0x2b</size>
         <input_file_ref idref="fl-15"/>
      </object_component>
      <object_component id="oc-3c6">
         <name>.text:__TI_auto_init_nobinit_nopinit</name>
         <load_address>0x84283</load_address>
         <run_address>0x84283</run_address>
         <size>0x2b</size>
         <input_file_ref idref="fl-2e"/>
      </object_component>
      <object_component id="oc-29f">
         <name>.text</name>
         <load_address>0x842ae</load_address>
         <run_address>0x842ae</run_address>
         <size>0x29</size>
         <input_file_ref idref="fl-32"/>
      </object_component>
      <object_component id="oc-452">
         <name>.text:DCC_enableSingleShotMode</name>
         <load_address>0x842d7</load_address>
         <run_address>0x842d7</run_address>
         <size>0x24</size>
         <input_file_ref idref="fl-19"/>
      </object_component>
      <object_component id="oc-a2">
         <name>.text:LED_HAL_clbRxRingBuffWrite</name>
         <load_address>0x842fb</load_address>
         <run_address>0x842fb</run_address>
         <size>0x24</size>
         <input_file_ref idref="fl-5"/>
      </object_component>
      <object_component id="oc-495">
         <name>.text:LED_HAL_clbRxRingBuffRead</name>
         <load_address>0x8431f</load_address>
         <run_address>0x8431f</run_address>
         <size>0x22</size>
         <input_file_ref idref="fl-5"/>
      </object_component>
      <object_component id="oc-414">
         <name>.text:SysCtl_selectXTALSingleEnded</name>
         <load_address>0x84341</load_address>
         <run_address>0x84341</run_address>
         <size>0x20</size>
         <input_file_ref idref="fl-19"/>
      </object_component>
      <object_component id="oc-1e5">
         <name>.text:CLB_SCLK_1_init</name>
         <load_address>0x84361</load_address>
         <run_address>0x84361</run_address>
         <size>0x1e</size>
         <input_file_ref idref="fl-8"/>
      </object_component>
      <object_component id="oc-1f1">
         <name>.text:CLB_SCLK_2_init</name>
         <load_address>0x8437f</load_address>
         <run_address>0x8437f</run_address>
         <size>0x1e</size>
         <input_file_ref idref="fl-8"/>
      </object_component>
      <object_component id="oc-1f7">
         <name>.text:CLB_SOUT_1_init</name>
         <load_address>0x8439d</load_address>
         <run_address>0x8439d</run_address>
         <size>0x1e</size>
         <input_file_ref idref="fl-8"/>
      </object_component>
      <object_component id="oc-209">
         <name>.text:CLB_SOUT_2_init</name>
         <load_address>0x843bb</load_address>
         <run_address>0x843bb</run_address>
         <size>0x1e</size>
         <input_file_ref idref="fl-8"/>
      </object_component>
      <object_component id="oc-1eb">
         <name>.text:CLB_SPICLK_1_init</name>
         <load_address>0x843d9</load_address>
         <run_address>0x843d9</run_address>
         <size>0x1e</size>
         <input_file_ref idref="fl-8"/>
      </object_component>
      <object_component id="oc-440">
         <name>.text:DCC_setCounter0ClkSource</name>
         <load_address>0x843f7</load_address>
         <run_address>0x843f7</run_address>
         <size>0x1e</size>
         <input_file_ref idref="fl-19"/>
      </object_component>
      <object_component id="oc-446">
         <name>.text:DCC_setCounter1ClkSource</name>
         <load_address>0x84415</load_address>
         <run_address>0x84415</run_address>
         <size>0x1e</size>
         <input_file_ref idref="fl-19"/>
      </object_component>
      <object_component id="oc-58">
         <name>.text:Interrupt_initVectorTable</name>
         <load_address>0x84433</load_address>
         <run_address>0x84433</run_address>
         <size>0x1e</size>
         <input_file_ref idref="fl-18"/>
      </object_component>
      <object_component id="oc-ff">
         <name>.text:LED_Write_Reg_Broadcast</name>
         <load_address>0x84451</load_address>
         <run_address>0x84451</run_address>
         <size>0x1e</size>
         <input_file_ref idref="fl-3"/>
      </object_component>
      <object_component id="oc-72">
         <name>.text</name>
         <load_address>0x8446f</load_address>
         <run_address>0x8446f</run_address>
         <size>0x1d</size>
         <input_file_ref idref="fl-2c"/>
      </object_component>
      <object_component id="oc-e1">
         <name>.text:initCPUTimer</name>
         <load_address>0x8448c</load_address>
         <run_address>0x8448c</run_address>
         <size>0x1c</size>
         <input_file_ref idref="fl-6"/>
      </object_component>
      <object_component id="oc-26f">
         <name>.text:sendSYNCinternal</name>
         <load_address>0x844a8</load_address>
         <run_address>0x844a8</run_address>
         <size>0x1c</size>
         <input_file_ref idref="fl-3"/>
      </object_component>
      <object_component id="oc-468">
         <name>.text:XBAR_isBaseValid</name>
         <load_address>0x844c4</load_address>
         <run_address>0x844c4</run_address>
         <size>0x1b</size>
         <input_file_ref idref="fl-1a"/>
      </object_component>
      <object_component id="oc-3b8">
         <name>.text</name>
         <load_address>0x844df</load_address>
         <run_address>0x844df</run_address>
         <size>0x1b</size>
         <input_file_ref idref="fl-28"/>
      </object_component>
      <object_component id="oc-193">
         <name>.text:SysCtl_getLowSpeedClock</name>
         <load_address>0x844fa</load_address>
         <run_address>0x844fa</run_address>
         <size>0x1a</size>
         <input_file_ref idref="fl-19"/>
      </object_component>
      <object_component id="oc-c9">
         <name>.text:LED_HAL_setupProfilingGPIO</name>
         <load_address>0x84514</load_address>
         <run_address>0x84514</run_address>
         <size>0x19</size>
         <input_file_ref idref="fl-5"/>
      </object_component>
      <object_component id="oc-364">
         <name>.text:CPUTimer_isBaseValid</name>
         <load_address>0x8452d</load_address>
         <run_address>0x8452d</run_address>
         <size>0x17</size>
         <input_file_ref idref="fl-14"/>
      </object_component>
      <object_component id="oc-41c">
         <name>.text:SysCtl_enablePeripheral</name>
         <load_address>0x84544</load_address>
         <run_address>0x84544</run_address>
         <size>0x17</size>
         <input_file_ref idref="fl-19"/>
      </object_component>
      <object_component id="oc-4b">
         <name>.text:cpuTimer0ISR</name>
         <load_address>0x8455b</load_address>
         <run_address>0x8455b</run_address>
         <size>0x17</size>
         <input_file_ref idref="fl-6"/>
      </object_component>
      <object_component id="oc-145">
         <name>.text</name>
         <load_address>0x84572</load_address>
         <run_address>0x84572</run_address>
         <size>0x17</size>
         <input_file_ref idref="fl-26"/>
      </object_component>
      <object_component id="oc-43a">
         <name>.text:DCC_disableDoneSignal</name>
         <load_address>0x84589</load_address>
         <run_address>0x84589</run_address>
         <size>0x16</size>
         <input_file_ref idref="fl-19"/>
      </object_component>
      <object_component id="oc-23e">
         <name>.text:EPWM_setEmulationMode</name>
         <load_address>0x8459f</load_address>
         <run_address>0x8459f</run_address>
         <size>0x16</size>
         <input_file_ref idref="fl-15"/>
      </object_component>
      <object_component id="oc-57">
         <name>.text:Interrupt_defaultHandler</name>
         <load_address>0x845b5</load_address>
         <run_address>0x845b5</run_address>
         <size>0x16</size>
         <input_file_ref idref="fl-18"/>
      </object_component>
      <object_component id="oc-3a8">
         <name>.text</name>
         <load_address>0x845cb</load_address>
         <run_address>0x845cb</run_address>
         <size>0x16</size>
         <input_file_ref idref="fl-2a"/>
      </object_component>
      <object_component id="oc-428">
         <name>.text:DCC_clearDoneFlag</name>
         <load_address>0x845e1</load_address>
         <run_address>0x845e1</run_address>
         <size>0x15</size>
         <input_file_ref idref="fl-19"/>
      </object_component>
      <object_component id="oc-422">
         <name>.text:DCC_clearErrorFlag</name>
         <load_address>0x845f6</load_address>
         <run_address>0x845f6</run_address>
         <size>0x15</size>
         <input_file_ref idref="fl-19"/>
      </object_component>
      <object_component id="oc-434">
         <name>.text:DCC_disableErrorSignal</name>
         <load_address>0x8460b</load_address>
         <run_address>0x8460b</run_address>
         <size>0x15</size>
         <input_file_ref idref="fl-19"/>
      </object_component>
      <object_component id="oc-4e8">
         <name>.text:DCC_isBaseValid</name>
         <load_address>0x84620</load_address>
         <run_address>0x84620</run_address>
         <size>0x15</size>
         <input_file_ref idref="fl-19"/>
      </object_component>
      <object_component id="oc-42e">
         <name>.text:DCC_disableModule</name>
         <load_address>0x84635</load_address>
         <run_address>0x84635</run_address>
         <size>0x14</size>
         <input_file_ref idref="fl-19"/>
      </object_component>
      <object_component id="oc-458">
         <name>.text:DCC_enableModule</name>
         <load_address>0x84649</load_address>
         <run_address>0x84649</run_address>
         <size>0x14</size>
         <input_file_ref idref="fl-19"/>
      </object_component>
      <object_component id="oc-33c">
         <name>.text:GPIO_isPinValid</name>
         <load_address>0x8465d</load_address>
         <run_address>0x8465d</run_address>
         <size>0x14</size>
         <input_file_ref idref="fl-17"/>
      </object_component>
      <object_component id="oc-300">
         <name>.text:SysCtl_setPLLSysClk</name>
         <load_address>0x84671</load_address>
         <run_address>0x84671</run_address>
         <size>0x14</size>
         <input_file_ref idref="fl-19"/>
      </object_component>
      <object_component id="oc-24c">
         <name>.text:CPUTimer_setEmulationMode</name>
         <load_address>0x84685</load_address>
         <run_address>0x84685</run_address>
         <size>0x13</size>
         <input_file_ref idref="fl-14"/>
      </object_component>
      <object_component id="oc-f9">
         <name>.text:LED_Set_Chip_Index</name>
         <load_address>0x84698</load_address>
         <run_address>0x84698</run_address>
         <size>0x12</size>
         <input_file_ref idref="fl-3"/>
      </object_component>
      <object_component id="oc-1af">
         <name>.text:SYNC_init</name>
         <load_address>0x846aa</load_address>
         <run_address>0x846aa</run_address>
         <size>0x11</size>
         <input_file_ref idref="fl-8"/>
      </object_component>
      <object_component id="oc-b7">
         <name>.text:Device_initGPIO</name>
         <load_address>0x846bb</load_address>
         <run_address>0x846bb</run_address>
         <size>0x10</size>
         <input_file_ref idref="fl-c"/>
      </object_component>
      <object_component id="oc-2b3">
         <name>.text:Flash_isCtrlBaseValid</name>
         <load_address>0x846cb</load_address>
         <run_address>0x846cb</run_address>
         <size>0x10</size>
         <input_file_ref idref="fl-16"/>
      </object_component>
      <object_component id="oc-2ba">
         <name>.text:Flash_isECCBaseValid</name>
         <load_address>0x846db</load_address>
         <run_address>0x846db</run_address>
         <size>0x10</size>
         <input_file_ref idref="fl-16"/>
      </object_component>
      <object_component id="oc-4fa">
         <name>.text:CLB_isAddressValid</name>
         <load_address>0x846eb</load_address>
         <run_address>0x846eb</run_address>
         <size>0xe</size>
         <input_file_ref idref="fl-13"/>
      </object_component>
      <object_component id="oc-3b3">
         <name>.text</name>
         <load_address>0x846f9</load_address>
         <run_address>0x846f9</run_address>
         <size>0xe</size>
         <input_file_ref idref="fl-27"/>
      </object_component>
      <object_component id="oc-153">
         <name>.text:Interrupt_disableGlobal</name>
         <load_address>0x84707</load_address>
         <run_address>0x84707</run_address>
         <size>0xd</size>
         <input_file_ref idref="fl-18"/>
      </object_component>
      <object_component id="oc-15f">
         <name>.text:Interrupt_enableGlobal</name>
         <load_address>0x84714</load_address>
         <run_address>0x84714</run_address>
         <size>0xd</size>
         <input_file_ref idref="fl-18"/>
      </object_component>
      <object_component id="oc-7a">
         <name>.text:decompress:ZI:__TI_zero_init_nomemset</name>
         <load_address>0x84721</load_address>
         <run_address>0x84721</run_address>
         <size>0xd</size>
         <input_file_ref idref="fl-2f"/>
      </object_component>
      <object_component id="oc-25f">
         <name>.text:setData</name>
         <load_address>0x8472e</load_address>
         <run_address>0x8472e</run_address>
         <size>0xd</size>
         <input_file_ref idref="fl-3"/>
      </object_component>
      <object_component id="oc-299">
         <name>.text</name>
         <load_address>0x8473b</load_address>
         <run_address>0x8473b</run_address>
         <size>0xc</size>
         <input_file_ref idref="fl-34"/>
      </object_component>
      <object_component id="oc-2f3">
         <name>.text:SysCtl_isMCDClockFailureDetected</name>
         <load_address>0x84747</load_address>
         <run_address>0x84747</run_address>
         <size>0xb</size>
         <input_file_ref idref="fl-19"/>
      </object_component>
      <object_component id="oc-63">
         <name>.text:Interrupt_illegalOperationHandler</name>
         <load_address>0x84752</load_address>
         <run_address>0x84752</run_address>
         <size>0xa</size>
         <input_file_ref idref="fl-18"/>
      </object_component>
      <object_component id="oc-69">
         <name>.text:Interrupt_nmiHandler</name>
         <load_address>0x8475c</load_address>
         <run_address>0x8475c</run_address>
         <size>0xa</size>
         <input_file_ref idref="fl-18"/>
      </object_component>
      <object_component id="oc-4cd">
         <name>.text</name>
         <load_address>0x84766</load_address>
         <run_address>0x84766</run_address>
         <size>0x9</size>
         <input_file_ref idref="fl-33"/>
      </object_component>
      <object_component id="oc-36d">
         <name>.text:LED_HAL_ringBufferReset</name>
         <load_address>0x8476f</load_address>
         <run_address>0x8476f</run_address>
         <size>0x8</size>
         <input_file_ref idref="fl-5"/>
      </object_component>
      <object_component id="oc-1b">
         <name>.text:decompress:none</name>
         <load_address>0x84777</load_address>
         <run_address>0x84777</run_address>
         <size>0x8</size>
         <input_file_ref idref="fl-30"/>
      </object_component>
      <object_component id="oc-86">
         <name>.text</name>
         <load_address>0x8477f</load_address>
         <run_address>0x8477f</run_address>
         <size>0x8</size>
         <input_file_ref idref="fl-d"/>
      </object_component>
      <object_component id="oc-120">
         <name>.text:LED_Update_Chip_Status</name>
         <load_address>0x84787</load_address>
         <run_address>0x84787</run_address>
         <size>0x7</size>
         <input_file_ref idref="fl-3"/>
      </object_component>
      <object_component id="oc-4df">
         <name>.text:SysCtl_resetMCD</name>
         <load_address>0x8478e</load_address>
         <run_address>0x8478e</run_address>
         <size>0x7</size>
         <input_file_ref idref="fl-19"/>
      </object_component>
      <object_component id="oc-108">
         <name>.text:LED_Write_Black_ALL</name>
         <load_address>0x84795</load_address>
         <run_address>0x84795</run_address>
         <size>0x6</size>
         <input_file_ref idref="fl-3"/>
      </object_component>
      <object_component id="oc-1cd">
         <name>.text:myCLBINPUTXBARINPUT0_init</name>
         <load_address>0x8479b</load_address>
         <run_address>0x8479b</run_address>
         <size>0x6</size>
         <input_file_ref idref="fl-8"/>
      </object_component>
      <object_component id="oc-1d3">
         <name>.text:myCLBINPUTXBARINPUT1_init</name>
         <load_address>0x847a1</load_address>
         <run_address>0x847a1</run_address>
         <size>0x6</size>
         <input_file_ref idref="fl-8"/>
      </object_component>
      <object_component id="oc-1d9">
         <name>.text:myCLBINPUTXBARINPUT2_init</name>
         <load_address>0x847a7</load_address>
         <run_address>0x847a7</run_address>
         <size>0x6</size>
         <input_file_ref idref="fl-8"/>
      </object_component>
      <object_component id="oc-1df">
         <name>.text:myCLBINPUTXBARINPUT3_init</name>
         <load_address>0x847ad</load_address>
         <run_address>0x847ad</run_address>
         <size>0x6</size>
         <input_file_ref idref="fl-8"/>
      </object_component>
      <object_component id="oc-399">
         <name>.text:LED_HAL_SclkInHz</name>
         <load_address>0x847b3</load_address>
         <run_address>0x847b3</run_address>
         <size>0x4</size>
         <input_file_ref idref="fl-5"/>
      </object_component>
      <object_component id="oc-392">
         <name>.text:LED_HAL_clbSyncTransferStart</name>
         <load_address>0x847b7</load_address>
         <run_address>0x847b7</run_address>
         <size>0x4</size>
         <input_file_ref idref="fl-5"/>
      </object_component>
      <object_component id="oc-11a">
         <name>.text:sendSYNC</name>
         <load_address>0x847bb</load_address>
         <run_address>0x847bb</run_address>
         <size>0x4</size>
         <input_file_ref idref="fl-3"/>
      </object_component>
      <object_component id="oc-10e">
         <name>.text:sendSYNCnoWait</name>
         <load_address>0x847bf</load_address>
         <run_address>0x847bf</run_address>
         <size>0x4</size>
         <input_file_ref idref="fl-3"/>
      </object_component>
      <object_component id="oc-18d">
         <name>.text:__error__</name>
         <load_address>0x847c3</load_address>
         <run_address>0x847c3</run_address>
         <size>0x3</size>
         <input_file_ref idref="fl-c"/>
      </object_component>
      <object_component id="oc-292">
         <name>.text</name>
         <load_address>0x847c6</load_address>
         <run_address>0x847c6</run_address>
         <size>0x2</size>
         <input_file_ref idref="fl-2d"/>
      </object_component>
      <object_component id="oc-4b3">
         <name>.text</name>
         <load_address>0x847c8</load_address>
         <run_address>0x847c8</run_address>
         <size>0x1</size>
         <input_file_ref idref="fl-38"/>
      </object_component>
      <object_component id="oc-549">
         <name>.cinit..data.load</name>
         <load_address>0x81130</load_address>
         <run_address>0x81130</run_address>
         <size>0x23</size>
      </object_component>
      <object_component id="oc-546">
         <name>__TI_handler_table</name>
         <load_address>0x81154</load_address>
         <run_address>0x81154</run_address>
         <size>0x6</size>
      </object_component>
      <object_component id="oc-550">
         <name>.cinit..bss.load</name>
         <load_address>0x8115a</load_address>
         <run_address>0x8115a</run_address>
         <size>0x4</size>
      </object_component>
      <object_component id="oc-547">
         <name>__TI_cinit_table</name>
         <load_address>0x8115e</load_address>
         <run_address>0x8115e</run_address>
         <size>0x8</size>
      </object_component>
      <object_component id="oc-6f">
         <name>.stack</name>
         <uninitialized>true</uninitialized>
         <run_address>0x400</run_address>
         <size>0x0</size>
         <input_file_ref idref="fl-26"/>
      </object_component>
      <object_component id="oc-54a">
         <name>.stack</name>
         <uninitialized>true</uninitialized>
         <run_address>0x400</run_address>
         <size>0x0</size>
      </object_component>
      <object_component id="oc-172">
         <name>.bss:clbRxRingBuff</name>
         <uninitialized>true</uninitialized>
         <run_address>0xa058</run_address>
         <size>0x100</size>
         <input_file_ref idref="fl-5"/>
      </object_component>
      <object_component id="oc-105">
         <name>.bss:img_mono</name>
         <uninitialized>true</uninitialized>
         <run_address>0xa158</run_address>
         <size>0x79</size>
         <input_file_ref idref="fl-3"/>
      </object_component>
      <object_component id="oc-39f">
         <name>.bss:chip_status</name>
         <uninitialized>true</uninitialized>
         <run_address>0xa1d1</run_address>
         <size>0x62</size>
         <input_file_ref idref="fl-7"/>
      </object_component>
      <object_component id="oc-16c">
         <name>.bss:ringBuffHead</name>
         <uninitialized>true</uninitialized>
         <run_address>0xa233</run_address>
         <size>0x1</size>
         <input_file_ref idref="fl-5"/>
      </object_component>
      <object_component id="oc-f6">
         <name>.bss:ledXmtBuffer</name>
         <uninitialized>true</uninitialized>
         <run_address>0xa234</run_address>
         <size>0x8</size>
         <input_file_ref idref="fl-5"/>
      </object_component>
      <object_component id="oc-ae">
         <name>.bss</name>
         <uninitialized>true</uninitialized>
         <run_address>0xa23c</run_address>
         <size>0x4</size>
         <input_file_ref idref="fl-3"/>
      </object_component>
      <object_component id="oc-388">
         <name>.bss:data</name>
         <uninitialized>true</uninitialized>
         <run_address>0xa240</run_address>
         <size>0x4</size>
         <input_file_ref idref="fl-3"/>
      </object_component>
      <object_component id="oc-f3">
         <name>.bss:ledRcvBuffer</name>
         <uninitialized>true</uninitialized>
         <run_address>0xa244</run_address>
         <size>0x4</size>
         <input_file_ref idref="fl-5"/>
      </object_component>
      <object_component id="oc-92">
         <name>.bss:xmtBufPtr</name>
         <uninitialized>true</uninitialized>
         <run_address>0xa248</run_address>
         <size>0x2</size>
         <input_file_ref idref="fl-5"/>
      </object_component>
      <object_component id="oc-16f">
         <name>.bss:ringBuffTail</name>
         <uninitialized>true</uninitialized>
         <run_address>0xa24a</run_address>
         <size>0x1</size>
         <input_file_ref idref="fl-5"/>
      </object_component>
      <object_component id="oc-8f">
         <name>.bss:xmtCount</name>
         <uninitialized>true</uninitialized>
         <run_address>0xa24b</run_address>
         <size>0x1</size>
         <input_file_ref idref="fl-5"/>
      </object_component>
      <object_component id="oc-95">
         <name>.bss:xmtDone</name>
         <uninitialized>true</uninitialized>
         <run_address>0xa24c</run_address>
         <size>0x1</size>
         <input_file_ref idref="fl-5"/>
      </object_component>
      <object_component id="oc-8c">
         <name>.bss:xmtXferSize</name>
         <uninitialized>true</uninitialized>
         <run_address>0xa24d</run_address>
         <size>0x1</size>
         <input_file_ref idref="fl-5"/>
      </object_component>
      <object_component id="oc-226">
         <name>.data:txTileBase</name>
         <load_address>0xa04a</load_address>
         <run_address>0xa04a</run_address>
         <size>0x4</size>
         <input_file_ref idref="fl-5"/>
      </object_component>
      <object_component id="oc-223">
         <name>.data:rxTileBase</name>
         <load_address>0xa046</load_address>
         <run_address>0xa046</run_address>
         <size>0x4</size>
         <input_file_ref idref="fl-5"/>
      </object_component>
      <object_component id="oc-ab">
         <name>.data</name>
         <load_address>0xa052</load_address>
         <run_address>0xa052</run_address>
         <size>0x1</size>
         <input_file_ref idref="fl-6"/>
      </object_component>
      <object_component id="oc-350">
         <name>.data:TILE1HLCInstr</name>
         <load_address>0xa000</load_address>
         <run_address>0xa000</run_address>
         <size>0x20</size>
         <input_file_ref idref="fl-9"/>
      </object_component>
      <object_component id="oc-355">
         <name>.data:TILE2HLCInstr</name>
         <load_address>0xa020</load_address>
         <run_address>0xa020</run_address>
         <size>0x20</size>
         <input_file_ref idref="fl-9"/>
      </object_component>
      <object_component id="oc-3f8">
         <name>.data</name>
         <load_address>0xa040</load_address>
         <run_address>0xa040</run_address>
         <size>0x6</size>
         <input_file_ref idref="fl-32"/>
      </object_component>
      <object_component id="oc-3fb">
         <name>.data:_lock</name>
         <load_address>0xa04e</load_address>
         <run_address>0xa04e</run_address>
         <size>0x2</size>
         <input_file_ref idref="fl-33"/>
      </object_component>
      <object_component id="oc-50d">
         <name>.data:_unlock</name>
         <load_address>0xa050</load_address>
         <run_address>0xa050</run_address>
         <size>0x2</size>
         <input_file_ref idref="fl-33"/>
      </object_component>
      <object_component id="oc-2b9">
         <name>.const:.string</name>
         <load_address>0x847d0</load_address>
         <run_address>0x847d0</run_address>
         <size>0x9b</size>
         <input_file_ref idref="fl-16"/>
      </object_component>
      <object_component id="oc-129">
         <name>.const:CASCADED_UNITS</name>
         <load_address>0x8486b</load_address>
         <run_address>0x8486b</run_address>
         <size>0x1</size>
         <input_file_ref idref="fl-7"/>
      </object_component>
      <object_component id="oc-2f2">
         <name>.const:.string</name>
         <load_address>0x8486c</load_address>
         <run_address>0x8486c</run_address>
         <size>0x9a</size>
         <input_file_ref idref="fl-19"/>
      </object_component>
      <object_component id="oc-360">
         <name>.const:.string</name>
         <load_address>0x84906</load_address>
         <run_address>0x84906</run_address>
         <size>0x98</size>
         <input_file_ref idref="fl-15"/>
      </object_component>
      <object_component id="oc-312">
         <name>.const:.string</name>
         <load_address>0x8499e</load_address>
         <run_address>0x8499e</run_address>
         <size>0x98</size>
         <input_file_ref idref="fl-17"/>
      </object_component>
      <object_component id="oc-47a">
         <name>.const:.string</name>
         <load_address>0x84a36</load_address>
         <run_address>0x84a36</run_address>
         <size>0x97</size>
         <input_file_ref idref="fl-13"/>
      </object_component>
      <object_component id="oc-126">
         <name>.const</name>
         <load_address>0x84acd</load_address>
         <run_address>0x84acd</run_address>
         <size>0x1</size>
         <input_file_ref idref="fl-7"/>
      </object_component>
      <object_component id="oc-24b">
         <name>.const:.string</name>
         <load_address>0x84ace</load_address>
         <run_address>0x84ace</run_address>
         <size>0x53</size>
         <input_file_ref idref="fl-6"/>
      </object_component>
      <object_component id="oc-2a7">
         <name>.const:.string</name>
         <load_address>0x84b22</load_address>
         <run_address>0x84b22</run_address>
         <size>0x51</size>
         <input_file_ref idref="fl-18"/>
      </object_component>
      <object_component id="oc-36a">
         <name>.const:.string</name>
         <load_address>0x84b74</load_address>
         <run_address>0x84b74</run_address>
         <size>0x50</size>
         <input_file_ref idref="fl-14"/>
      </object_component>
      <object_component id="oc-466">
         <name>.const:.string</name>
         <load_address>0x84bc4</load_address>
         <run_address>0x84bc4</run_address>
         <size>0x4e</size>
         <input_file_ref idref="fl-8"/>
      </object_component>
      <object_component id="oc-349">
         <name>.const:.string</name>
         <load_address>0x84c12</load_address>
         <run_address>0x84c12</run_address>
         <size>0x4e</size>
         <input_file_ref idref="fl-9"/>
      </object_component>
      <object_component id="oc-235">
         <name>.const:.string</name>
         <load_address>0x84c60</load_address>
         <run_address>0x84c60</run_address>
         <size>0x4e</size>
         <input_file_ref idref="fl-5"/>
      </object_component>
      <object_component id="oc-46e">
         <name>.const:.string</name>
         <load_address>0x84cae</load_address>
         <run_address>0x84cae</run_address>
         <size>0x4c</size>
         <input_file_ref idref="fl-1a"/>
      </object_component>
      <object_component id="oc-3ad">
         <name>.const</name>
         <load_address>0x84cfa</load_address>
         <run_address>0x84cfa</run_address>
         <size>0xc</size>
         <input_file_ref idref="fl-3"/>
      </object_component>
      <object_component id="oc-17b">
         <name>.TI.ramfunc:Flash_initModule</name>
         <load_address>0x81000</load_address>
         <run_address>0x8000</run_address>
         <size>0x49</size>
         <input_file_ref idref="fl-16"/>
      </object_component>
      <object_component id="oc-2c0">
         <name>.TI.ramfunc:Flash_setBankPowerMode</name>
         <load_address>0x81049</load_address>
         <run_address>0x8049</run_address>
         <size>0x2c</size>
         <input_file_ref idref="fl-16"/>
      </object_component>
      <object_component id="oc-2d8">
         <name>.TI.ramfunc:Flash_setWaitstates</name>
         <load_address>0x81075</load_address>
         <run_address>0x8075</run_address>
         <size>0x24</size>
         <input_file_ref idref="fl-16"/>
      </object_component>
      <object_component id="oc-2c6">
         <name>.TI.ramfunc:Flash_setPumpPowerMode</name>
         <load_address>0x81099</load_address>
         <run_address>0x8099</run_address>
         <size>0x1d</size>
         <input_file_ref idref="fl-16"/>
      </object_component>
      <object_component id="oc-2cc">
         <name>.TI.ramfunc:Flash_disableCache</name>
         <load_address>0x810b6</load_address>
         <run_address>0x80b6</run_address>
         <size>0x18</size>
         <input_file_ref idref="fl-16"/>
      </object_component>
      <object_component id="oc-2d2">
         <name>.TI.ramfunc:Flash_disablePrefetch</name>
         <load_address>0x810ce</load_address>
         <run_address>0x80ce</run_address>
         <size>0x18</size>
         <input_file_ref idref="fl-16"/>
      </object_component>
      <object_component id="oc-2de">
         <name>.TI.ramfunc:Flash_enableCache</name>
         <load_address>0x810e6</load_address>
         <run_address>0x80e6</run_address>
         <size>0x17</size>
         <input_file_ref idref="fl-16"/>
      </object_component>
      <object_component id="oc-2e4">
         <name>.TI.ramfunc:Flash_enablePrefetch</name>
         <load_address>0x810fd</load_address>
         <run_address>0x80fd</run_address>
         <size>0x17</size>
         <input_file_ref idref="fl-16"/>
      </object_component>
      <object_component id="oc-2ea">
         <name>.TI.ramfunc:Flash_enableECC</name>
         <load_address>0x81114</load_address>
         <run_address>0x8114</run_address>
         <size>0x16</size>
         <input_file_ref idref="fl-16"/>
      </object_component>
      <object_component id="oc-2f9">
         <name>.TI.ramfunc</name>
         <load_address>0x8112a</load_address>
         <run_address>0x812a</run_address>
         <size>0x4</size>
         <input_file_ref idref="fl-19"/>
      </object_component>
      <object_component id="oc-386">
         <name>.debug_types</name>
         <load_address>0x0</load_address>
         <run_address>0x0</run_address>
         <size>0x68f</size>
         <input_file_ref idref="fl-2"/>
      </object_component>
      <object_component id="oc-17a">
         <name>.debug_types</name>
         <load_address>0x68f</load_address>
         <run_address>0x68f</run_address>
         <size>0x942</size>
         <input_file_ref idref="fl-3"/>
      </object_component>
      <object_component id="oc-a1">
         <name>.debug_types</name>
         <load_address>0xfd1</load_address>
         <run_address>0xfd1</run_address>
         <size>0xc75</size>
         <input_file_ref idref="fl-5"/>
      </object_component>
      <object_component id="oc-12d">
         <name>.debug_types</name>
         <load_address>0x1c46</load_address>
         <run_address>0x1c46</run_address>
         <size>0x243</size>
         <input_file_ref idref="fl-6"/>
      </object_component>
      <object_component id="oc-281">
         <name>.debug_types</name>
         <load_address>0x0</load_address>
         <run_address>0x0</run_address>
         <size>0x0</size>
         <input_file_ref idref="fl-7"/>
      </object_component>
      <object_component id="oc-9f">
         <name>.debug_types</name>
         <load_address>0x1e89</load_address>
         <run_address>0x1e89</run_address>
         <size>0x4567</size>
         <input_file_ref idref="fl-8"/>
      </object_component>
      <object_component id="oc-354">
         <name>.debug_types</name>
         <load_address>0x63f0</load_address>
         <run_address>0x63f0</run_address>
         <size>0x29d</size>
         <input_file_ref idref="fl-9"/>
      </object_component>
      <object_component id="oc-1a6">
         <name>.debug_types</name>
         <load_address>0x668d</load_address>
         <run_address>0x668d</run_address>
         <size>0x9bb</size>
         <input_file_ref idref="fl-c"/>
      </object_component>
      <object_component id="oc-482">
         <name>.debug_types</name>
         <load_address>0x7048</load_address>
         <run_address>0x7048</run_address>
         <size>0x2b</size>
         <input_file_ref idref="fl-13"/>
      </object_component>
      <object_component id="oc-36c">
         <name>.debug_types</name>
         <load_address>0x0</load_address>
         <run_address>0x0</run_address>
         <size>0x0</size>
         <input_file_ref idref="fl-14"/>
      </object_component>
      <object_component id="oc-362">
         <name>.debug_types</name>
         <load_address>0x7073</load_address>
         <run_address>0x7073</run_address>
         <size>0x1d4</size>
         <input_file_ref idref="fl-15"/>
      </object_component>
      <object_component id="oc-2f1">
         <name>.debug_types</name>
         <load_address>0x7247</load_address>
         <run_address>0x7247</run_address>
         <size>0x1fa</size>
         <input_file_ref idref="fl-16"/>
      </object_component>
      <object_component id="oc-314">
         <name>.debug_types</name>
         <load_address>0x7441</load_address>
         <run_address>0x7441</run_address>
         <size>0x165</size>
         <input_file_ref idref="fl-17"/>
      </object_component>
      <object_component id="oc-130">
         <name>.debug_types</name>
         <load_address>0x0</load_address>
         <run_address>0x0</run_address>
         <size>0x0</size>
         <input_file_ref idref="fl-18"/>
      </object_component>
      <object_component id="oc-30d">
         <name>.debug_types</name>
         <load_address>0x75a6</load_address>
         <run_address>0x75a6</run_address>
         <size>0x9cf</size>
         <input_file_ref idref="fl-19"/>
      </object_component>
      <object_component id="oc-339">
         <name>.debug_types</name>
         <load_address>0x7f75</load_address>
         <run_address>0x7f75</run_address>
         <size>0x1b6c</size>
         <input_file_ref idref="fl-1a"/>
      </object_component>
      <object_component id="oc-138">
         <name>.debug_types</name>
         <load_address>0x9ae1</load_address>
         <run_address>0x9ae1</run_address>
         <size>0x117</size>
         <input_file_ref idref="fl-2c"/>
      </object_component>
      <object_component id="oc-3c5">
         <name>.debug_types</name>
         <load_address>0x0</load_address>
         <run_address>0x0</run_address>
         <size>0x0</size>
         <input_file_ref idref="fl-2d"/>
      </object_component>
      <object_component id="oc-4ba">
         <name>.debug_types</name>
         <load_address>0x9bf8</load_address>
         <run_address>0x9bf8</run_address>
         <size>0x48e</size>
         <input_file_ref idref="fl-2e"/>
      </object_component>
      <object_component id="oc-13d">
         <name>.debug_types</name>
         <load_address>0xa086</load_address>
         <run_address>0xa086</run_address>
         <size>0x165</size>
         <input_file_ref idref="fl-2f"/>
      </object_component>
      <object_component id="oc-79">
         <name>.debug_types</name>
         <load_address>0x0</load_address>
         <run_address>0x0</run_address>
         <size>0x0</size>
         <input_file_ref idref="fl-30"/>
      </object_component>
      <object_component id="oc-71">
         <name>.debug_types</name>
         <load_address>0xa1eb</load_address>
         <run_address>0xa1eb</run_address>
         <size>0x191</size>
         <input_file_ref idref="fl-31"/>
      </object_component>
      <object_component id="oc-3ff">
         <name>.debug_types</name>
         <load_address>0xa37c</load_address>
         <run_address>0xa37c</run_address>
         <size>0x90</size>
         <input_file_ref idref="fl-32"/>
      </object_component>
      <object_component id="oc-4d5">
         <name>.debug_types</name>
         <load_address>0xa40c</load_address>
         <run_address>0xa40c</run_address>
         <size>0x2f</size>
         <input_file_ref idref="fl-33"/>
      </object_component>
      <object_component id="oc-3f7">
         <name>.debug_types</name>
         <load_address>0xa43b</load_address>
         <run_address>0xa43b</run_address>
         <size>0xe1</size>
         <input_file_ref idref="fl-34"/>
      </object_component>
      <object_component id="oc-507">
         <name>.debug_types</name>
         <load_address>0x0</load_address>
         <run_address>0x0</run_address>
         <size>0x0</size>
         <input_file_ref idref="fl-38"/>
      </object_component>
      <object_component id="oc-380">
         <name>.debug_info</name>
         <load_address>0x0</load_address>
         <run_address>0x0</run_address>
         <size>0x239</size>
         <input_file_ref idref="fl-2"/>
      </object_component>
      <object_component id="oc-38d">
         <name>.debug_info</name>
         <load_address>0x239</load_address>
         <run_address>0x239</run_address>
         <size>0x1d4</size>
         <input_file_ref idref="fl-2"/>
      </object_component>
      <object_component id="oc-259">
         <name>.debug_info</name>
         <load_address>0x40d</load_address>
         <run_address>0x40d</run_address>
         <size>0x27e</size>
         <input_file_ref idref="fl-2"/>
      </object_component>
      <object_component id="oc-3a3">
         <name>.debug_info</name>
         <load_address>0x68b</load_address>
         <run_address>0x68b</run_address>
         <size>0x1f0</size>
         <input_file_ref idref="fl-2"/>
      </object_component>
      <object_component id="oc-af">
         <name>.debug_info</name>
         <load_address>0x87b</load_address>
         <run_address>0x87b</run_address>
         <size>0x132</size>
         <input_file_ref idref="fl-3"/>
      </object_component>
      <object_component id="oc-389">
         <name>.debug_info</name>
         <load_address>0x9ad</load_address>
         <run_address>0x9ad</run_address>
         <size>0xf4</size>
         <input_file_ref idref="fl-3"/>
      </object_component>
      <object_component id="oc-106">
         <name>.debug_info</name>
         <load_address>0xaa1</load_address>
         <run_address>0xaa1</run_address>
         <size>0xfc</size>
         <input_file_ref idref="fl-3"/>
      </object_component>
      <object_component id="oc-260">
         <name>.debug_info</name>
         <load_address>0xb9d</load_address>
         <run_address>0xb9d</run_address>
         <size>0x1bf</size>
         <input_file_ref idref="fl-3"/>
      </object_component>
      <object_component id="oc-270">
         <name>.debug_info</name>
         <load_address>0xd5c</load_address>
         <run_address>0xd5c</run_address>
         <size>0x1ae</size>
         <input_file_ref idref="fl-3"/>
      </object_component>
      <object_component id="oc-10f">
         <name>.debug_info</name>
         <load_address>0xf0a</load_address>
         <run_address>0xf0a</run_address>
         <size>0x148</size>
         <input_file_ref idref="fl-3"/>
      </object_component>
      <object_component id="oc-11b">
         <name>.debug_info</name>
         <load_address>0x1052</load_address>
         <run_address>0x1052</run_address>
         <size>0x13c</size>
         <input_file_ref idref="fl-3"/>
      </object_component>
      <object_component id="oc-279">
         <name>.debug_info</name>
         <load_address>0x118e</load_address>
         <run_address>0x118e</run_address>
         <size>0x48b</size>
         <input_file_ref idref="fl-3"/>
      </object_component>
      <object_component id="oc-269">
         <name>.debug_info</name>
         <load_address>0x1619</load_address>
         <run_address>0x1619</run_address>
         <size>0x1d6</size>
         <input_file_ref idref="fl-3"/>
      </object_component>
      <object_component id="oc-115">
         <name>.debug_info</name>
         <load_address>0x17ef</load_address>
         <run_address>0x17ef</run_address>
         <size>0x158</size>
         <input_file_ref idref="fl-3"/>
      </object_component>
      <object_component id="oc-100">
         <name>.debug_info</name>
         <load_address>0x1947</load_address>
         <run_address>0x1947</run_address>
         <size>0x241</size>
         <input_file_ref idref="fl-3"/>
      </object_component>
      <object_component id="oc-109">
         <name>.debug_info</name>
         <load_address>0x1b88</load_address>
         <run_address>0x1b88</run_address>
         <size>0x158</size>
         <input_file_ref idref="fl-3"/>
      </object_component>
      <object_component id="oc-121">
         <name>.debug_info</name>
         <load_address>0x1ce0</load_address>
         <run_address>0x1ce0</run_address>
         <size>0x178</size>
         <input_file_ref idref="fl-3"/>
      </object_component>
      <object_component id="oc-fa">
         <name>.debug_info</name>
         <load_address>0x1e58</load_address>
         <run_address>0x1e58</run_address>
         <size>0x194</size>
         <input_file_ref idref="fl-3"/>
      </object_component>
      <object_component id="oc-16d">
         <name>.debug_info</name>
         <load_address>0x1fec</load_address>
         <run_address>0x1fec</run_address>
         <size>0xf8</size>
         <input_file_ref idref="fl-5"/>
      </object_component>
      <object_component id="oc-170">
         <name>.debug_info</name>
         <load_address>0x20e4</load_address>
         <run_address>0x20e4</run_address>
         <size>0xf8</size>
         <input_file_ref idref="fl-5"/>
      </object_component>
      <object_component id="oc-90">
         <name>.debug_info</name>
         <load_address>0x21dc</load_address>
         <run_address>0x21dc</run_address>
         <size>0xf0</size>
         <input_file_ref idref="fl-5"/>
      </object_component>
      <object_component id="oc-96">
         <name>.debug_info</name>
         <load_address>0x22cc</load_address>
         <run_address>0x22cc</run_address>
         <size>0xee</size>
         <input_file_ref idref="fl-5"/>
      </object_component>
      <object_component id="oc-8d">
         <name>.debug_info</name>
         <load_address>0x23ba</load_address>
         <run_address>0x23ba</run_address>
         <size>0xf6</size>
         <input_file_ref idref="fl-5"/>
      </object_component>
      <object_component id="oc-93">
         <name>.debug_info</name>
         <load_address>0x24b0</load_address>
         <run_address>0x24b0</run_address>
         <size>0xf2</size>
         <input_file_ref idref="fl-5"/>
      </object_component>
      <object_component id="oc-227">
         <name>.debug_info</name>
         <load_address>0x25a2</load_address>
         <run_address>0x25a2</run_address>
         <size>0xf4</size>
         <input_file_ref idref="fl-5"/>
      </object_component>
      <object_component id="oc-224">
         <name>.debug_info</name>
         <load_address>0x2696</load_address>
         <run_address>0x2696</run_address>
         <size>0xf4</size>
         <input_file_ref idref="fl-5"/>
      </object_component>
      <object_component id="oc-f4">
         <name>.debug_info</name>
         <load_address>0x278a</load_address>
         <run_address>0x278a</run_address>
         <size>0xf8</size>
         <input_file_ref idref="fl-5"/>
      </object_component>
      <object_component id="oc-f7">
         <name>.debug_info</name>
         <load_address>0x2882</load_address>
         <run_address>0x2882</run_address>
         <size>0xf8</size>
         <input_file_ref idref="fl-5"/>
      </object_component>
      <object_component id="oc-173">
         <name>.debug_info</name>
         <load_address>0x297a</load_address>
         <run_address>0x297a</run_address>
         <size>0xfa</size>
         <input_file_ref idref="fl-5"/>
      </object_component>
      <object_component id="oc-dc">
         <name>.debug_info</name>
         <load_address>0x2a74</load_address>
         <run_address>0x2a74</run_address>
         <size>0x143</size>
         <input_file_ref idref="fl-5"/>
      </object_component>
      <object_component id="oc-ca">
         <name>.debug_info</name>
         <load_address>0x2bb7</load_address>
         <run_address>0x2bb7</run_address>
         <size>0x1d4</size>
         <input_file_ref idref="fl-5"/>
      </object_component>
      <object_component id="oc-d6">
         <name>.debug_info</name>
         <load_address>0x2d8b</load_address>
         <run_address>0x2d8b</run_address>
         <size>0x12a</size>
         <input_file_ref idref="fl-5"/>
      </object_component>
      <object_component id="oc-36e">
         <name>.debug_info</name>
         <load_address>0x2eb5</load_address>
         <run_address>0x2eb5</run_address>
         <size>0x158</size>
         <input_file_ref idref="fl-5"/>
      </object_component>
      <object_component id="oc-237">
         <name>.debug_info</name>
         <load_address>0x300d</load_address>
         <run_address>0x300d</run_address>
         <size>0x1ae</size>
         <input_file_ref idref="fl-5"/>
      </object_component>
      <object_component id="oc-d0">
         <name>.debug_info</name>
         <load_address>0x31bb</load_address>
         <run_address>0x31bb</run_address>
         <size>0x20a</size>
         <input_file_ref idref="fl-5"/>
      </object_component>
      <object_component id="oc-374">
         <name>.debug_info</name>
         <load_address>0x33c5</load_address>
         <run_address>0x33c5</run_address>
         <size>0x1ac</size>
         <input_file_ref idref="fl-5"/>
      </object_component>
      <object_component id="oc-37a">
         <name>.debug_info</name>
         <load_address>0x3571</load_address>
         <run_address>0x3571</run_address>
         <size>0x2d1</size>
         <input_file_ref idref="fl-5"/>
      </object_component>
      <object_component id="oc-393">
         <name>.debug_info</name>
         <load_address>0x3842</load_address>
         <run_address>0x3842</run_address>
         <size>0x136</size>
         <input_file_ref idref="fl-5"/>
      </object_component>
      <object_component id="oc-a3">
         <name>.debug_info</name>
         <load_address>0x3978</load_address>
         <run_address>0x3978</run_address>
         <size>0x18b</size>
         <input_file_ref idref="fl-5"/>
      </object_component>
      <object_component id="oc-496">
         <name>.debug_info</name>
         <load_address>0x3b03</load_address>
         <run_address>0x3b03</run_address>
         <size>0x189</size>
         <input_file_ref idref="fl-5"/>
      </object_component>
      <object_component id="oc-39a">
         <name>.debug_info</name>
         <load_address>0x3c8c</load_address>
         <run_address>0x3c8c</run_address>
         <size>0x124</size>
         <input_file_ref idref="fl-5"/>
      </object_component>
      <object_component id="oc-34">
         <name>.debug_info</name>
         <load_address>0x3db0</load_address>
         <run_address>0x3db0</run_address>
         <size>0x1a5</size>
         <input_file_ref idref="fl-5"/>
      </object_component>
      <object_component id="oc-3a">
         <name>.debug_info</name>
         <load_address>0x3f55</load_address>
         <run_address>0x3f55</run_address>
         <size>0x1a1</size>
         <input_file_ref idref="fl-5"/>
      </object_component>
      <object_component id="oc-40">
         <name>.debug_info</name>
         <load_address>0x40f6</load_address>
         <run_address>0x40f6</run_address>
         <size>0x1a5</size>
         <input_file_ref idref="fl-5"/>
      </object_component>
      <object_component id="oc-46">
         <name>.debug_info</name>
         <load_address>0x429b</load_address>
         <run_address>0x429b</run_address>
         <size>0x1a1</size>
         <input_file_ref idref="fl-5"/>
      </object_component>
      <object_component id="oc-ac">
         <name>.debug_info</name>
         <load_address>0x443c</load_address>
         <run_address>0x443c</run_address>
         <size>0xff</size>
         <input_file_ref idref="fl-6"/>
      </object_component>
      <object_component id="oc-e2">
         <name>.debug_info</name>
         <load_address>0x453b</load_address>
         <run_address>0x453b</run_address>
         <size>0x138</size>
         <input_file_ref idref="fl-6"/>
      </object_component>
      <object_component id="oc-e8">
         <name>.debug_info</name>
         <load_address>0x4673</load_address>
         <run_address>0x4673</run_address>
         <size>0x244</size>
         <input_file_ref idref="fl-6"/>
      </object_component>
      <object_component id="oc-4d">
         <name>.debug_info</name>
         <load_address>0x48b7</load_address>
         <run_address>0x48b7</run_address>
         <size>0x35a</size>
         <input_file_ref idref="fl-6"/>
      </object_component>
      <object_component id="oc-52">
         <name>.debug_info</name>
         <load_address>0x4c11</load_address>
         <run_address>0x4c11</run_address>
         <size>0x110</size>
         <input_file_ref idref="fl-6"/>
      </object_component>
      <object_component id="oc-127">
         <name>.debug_info</name>
         <load_address>0x4d21</load_address>
         <run_address>0x4d21</run_address>
         <size>0xfb</size>
         <input_file_ref idref="fl-7"/>
      </object_component>
      <object_component id="oc-12a">
         <name>.debug_info</name>
         <load_address>0x4e1c</load_address>
         <run_address>0x4e1c</run_address>
         <size>0xff</size>
         <input_file_ref idref="fl-7"/>
      </object_component>
      <object_component id="oc-3a0">
         <name>.debug_info</name>
         <load_address>0x4f1b</load_address>
         <run_address>0x4f1b</run_address>
         <size>0xf9</size>
         <input_file_ref idref="fl-7"/>
      </object_component>
      <object_component id="oc-1e3">
         <name>.debug_info</name>
         <load_address>0x5014</load_address>
         <run_address>0x5014</run_address>
         <size>0x134</size>
         <input_file_ref idref="fl-8"/>
      </object_component>
      <object_component id="oc-1dd">
         <name>.debug_info</name>
         <load_address>0x5148</load_address>
         <run_address>0x5148</run_address>
         <size>0x134</size>
         <input_file_ref idref="fl-8"/>
      </object_component>
      <object_component id="oc-1d7">
         <name>.debug_info</name>
         <load_address>0x527c</load_address>
         <run_address>0x527c</run_address>
         <size>0x134</size>
         <input_file_ref idref="fl-8"/>
      </object_component>
      <object_component id="oc-1d1">
         <name>.debug_info</name>
         <load_address>0x53b0</load_address>
         <run_address>0x53b0</run_address>
         <size>0x134</size>
         <input_file_ref idref="fl-8"/>
      </object_component>
      <object_component id="oc-1b3">
         <name>.debug_info</name>
         <load_address>0x54e4</load_address>
         <run_address>0x54e4</run_address>
         <size>0x114</size>
         <input_file_ref idref="fl-8"/>
      </object_component>
      <object_component id="oc-1ad">
         <name>.debug_info</name>
         <load_address>0x55f8</load_address>
         <run_address>0x55f8</run_address>
         <size>0x223</size>
         <input_file_ref idref="fl-8"/>
      </object_component>
      <object_component id="oc-20d">
         <name>.debug_info</name>
         <load_address>0x581b</load_address>
         <run_address>0x581b</run_address>
         <size>0x13d</size>
         <input_file_ref idref="fl-8"/>
      </object_component>
      <object_component id="oc-32">
         <name>.debug_info</name>
         <load_address>0x5958</load_address>
         <run_address>0x5958</run_address>
         <size>0x17a</size>
         <input_file_ref idref="fl-8"/>
      </object_component>
      <object_component id="oc-207">
         <name>.debug_info</name>
         <load_address>0x5ad2</load_address>
         <run_address>0x5ad2</run_address>
         <size>0x114</size>
         <input_file_ref idref="fl-8"/>
[...]
         <value>0x84787</value>
         <object_component_ref idref="oc-120"/>
      </symbol>
      <symbol id="sm-fa">
         <name>LED_Write_Reg_Broadcast</name>
         <value>0x84451</value>
         <object_component_ref idref="oc-ff"/>
      </symbol>
      <symbol id="sm-fb">
         <name>vsyncDone</name>
         <value>0xa23c</value>
         <object_component_ref idref="oc-ae"/>
      </symbol>
      <symbol id="sm-fc">
         <name>img_mono</name>
         <value>0xa158</value>
         <object_component_ref idref="oc-105"/>
      </symbol>
      <symbol id="sm-fd">
         <name>sendSYNC</name>
         <value>0x847bb</value>
         <object_component_ref idref="oc-11a"/>
      </symbol>
      <symbol id="sm-fe">
         <name>data</name>
         <value>0xa240</value>
         <object_component_ref idref="oc-388"/>
      </symbol>
      <symbol id="sm-ff">
         <name>setData</name>
         <value>0x8472e</value>
         <object_component_ref idref="oc-25f"/>
      </symbol>
      <symbol id="sm-1f0">
         <name>LED_HAL_clbTransferNonBlocking</name>
         <value>0x82bc5</value>
         <object_component_ref idref="oc-379"/>
      </symbol>
      <symbol id="sm-1f1">
         <name>xmtDone</name>
         <value>0xa24c</value>
         <object_component_ref idref="oc-95"/>
      </symbol>
      <symbol id="sm-1f2">
         <name>xmtCount</name>
         <value>0xa24b</value>
         <object_component_ref idref="oc-8f"/>
      </symbol>
      <symbol id="sm-1f3">
         <name>LED_HAL_clbRxRingBuffWrite</name>
         <value>0x842fb</value>
         <object_component_ref idref="oc-a2"/>
      </symbol>
      <symbol id="sm-1f4">
         <name>LED_HAL_initClbLogic</name>
         <value>0x831e8</value>
         <object_component_ref idref="oc-cf"/>
      </symbol>
      <symbol id="sm-1f5">
         <name>ledRcvBuffer</name>
         <value>0xa244</value>
         <object_component_ref idref="oc-f3"/>
      </symbol>
      <symbol id="sm-1f6">
         <name>INT_CCSI1_RX_TILE_ISR</name>
         <value>0x83a52</value>
         <object_component_ref idref="oc-45"/>
      </symbol>
      <symbol id="sm-1f7">
         <name>ringBuffTail</name>
         <value>0xa24a</value>
         <object_component_ref idref="oc-16f"/>
      </symbol>
      <symbol id="sm-1f8">
         <name>INT_CCSI1_TX_TILE_ISR</name>
         <value>0x83808</value>
         <object_component_ref idref="oc-3f"/>
      </symbol>
      <symbol id="sm-1f9">
         <name>rxTileBase</name>
         <value>0xa046</value>
         <object_component_ref idref="oc-223"/>
      </symbol>
      <symbol id="sm-1fa">
         <name>txTileBase</name>
         <value>0xa04a</value>
         <object_component_ref idref="oc-226"/>
      </symbol>
      <symbol id="sm-1fb">
         <name>LED_HAL_ringBufferReset</name>
         <value>0x8476f</value>
         <object_component_ref idref="oc-36d"/>
      </symbol>
      <symbol id="sm-1fc">
         <name>LED_HAL_setupProfilingGPIO</name>
         <value>0x84514</value>
         <object_component_ref idref="oc-c9"/>
      </symbol>
      <symbol id="sm-1fd">
         <name>clbRxRingBuff</name>
         <value>0xa058</value>
         <object_component_ref idref="oc-172"/>
      </symbol>
      <symbol id="sm-1fe">
         <name>INT_CCSI2_RX_TILE_ISR</name>
         <value>0x83ab7</value>
         <object_component_ref idref="oc-39"/>
      </symbol>
      <symbol id="sm-1ff">
         <name>ledXmtBuffer</name>
         <value>0xa234</value>
         <object_component_ref idref="oc-f6"/>
      </symbol>
      <symbol id="sm-200">
         <name>INT_CCSI2_TX_TILE_ISR</name>
         <value>0x83885</value>
         <object_component_ref idref="oc-2d"/>
      </symbol>
      <symbol id="sm-201">
         <name>LED_HAL_disableClbReceiver</name>
         <value>0x83b81</value>
         <object_component_ref idref="oc-236"/>
      </symbol>
      <symbol id="sm-202">
         <name>xmtBufPtr</name>
         <value>0xa248</value>
         <object_component_ref idref="oc-92"/>
      </symbol>
      <symbol id="sm-203">
         <name>LED_HAL_startLedClocks</name>
         <value>0x83eb8</value>
         <object_component_ref idref="oc-db"/>
      </symbol>
      <symbol id="sm-204">
         <name>LED_HAL_setupInterrupts</name>
         <value>0x832d7</value>
         <object_component_ref idref="oc-d5"/>
      </symbol>
      <symbol id="sm-205">
         <name>LED_HAL_clbRxRingBuffRead</name>
         <value>0x8431f</value>
         <object_component_ref idref="oc-495"/>
      </symbol>
      <symbol id="sm-206">
         <name>LED_HAL_clbSyncTransferStart</name>
         <value>0x847b7</value>
         <object_component_ref idref="oc-392"/>
      </symbol>
      <symbol id="sm-207">
         <name>xmtXferSize</name>
         <value>0xa24d</value>
         <object_component_ref idref="oc-8c"/>
      </symbol>
      <symbol id="sm-208">
         <name>ringBuffHead</name>
         <value>0xa233</value>
         <object_component_ref idref="oc-16c"/>
      </symbol>
      <symbol id="sm-209">
         <name>LED_HAL_enableClbReceiver</name>
         <value>0x83c8f</value>
         <object_component_ref idref="oc-373"/>
      </symbol>
      <symbol id="sm-20a">
         <name>LED_HAL_SclkInHz</name>
         <value>0x847b3</value>
         <object_component_ref idref="oc-399"/>
      </symbol>
      <symbol id="sm-245">
         <name>configCPUTimer</name>
         <value>0x835e8</value>
         <object_component_ref idref="oc-e7"/>
      </symbol>
      <symbol id="sm-246">
         <name>cpuTimer0ISR</name>
         <value>0x8455b</value>
         <object_component_ref idref="oc-4b"/>
      </symbol>
      <symbol id="sm-247">
         <name>initCPUTimer</name>
         <value>0x8448c</value>
         <object_component_ref idref="oc-e1"/>
      </symbol>
      <symbol id="sm-248">
         <name>main</name>
         <value>0x832d8</value>
         <object_component_ref idref="oc-4c"/>
      </symbol>
      <symbol id="sm-249">
         <name>cpuTimer0IntCount</name>
         <value>0xa052</value>
         <object_component_ref idref="oc-ab"/>
      </symbol>
      <symbol id="sm-25e">
         <name>CASCADED_UNITS</name>
         <value>0x8486b</value>
         <object_component_ref idref="oc-129"/>
      </symbol>
      <symbol id="sm-25f">
         <name>chip_status</name>
         <value>0xa1d1</value>
         <object_component_ref idref="oc-39f"/>
      </symbol>
      <symbol id="sm-260">
         <name>FRAME_PERIOD</name>
         <value>0x84acd</value>
         <object_component_ref idref="oc-126"/>
      </symbol>
      <symbol id="sm-2f3">
         <name>INTERRUPT_init</name>
         <value>0x8422b</value>
         <object_component_ref idref="oc-2e"/>
      </symbol>
      <symbol id="sm-2f4">
         <name>CLB_SOUT_1_init</name>
         <value>0x8439d</value>
         <object_component_ref idref="oc-1f7"/>
      </symbol>
      <symbol id="sm-2f5">
         <name>CLB_SOUT_2_init</name>
         <value>0x843bb</value>
         <object_component_ref idref="oc-209"/>
      </symbol>
      <symbol id="sm-2f6">
         <name>CCSI2_RX_TILE_init</name>
         <value>0x8355a</value>
         <object_component_ref idref="oc-1c1"/>
      </symbol>
      <symbol id="sm-2f7">
         <name>OUTPUTXBAR_init</name>
         <value>0x843bb</value>
         <object_component_ref idref="oc-209"/>
      </symbol>
      <symbol id="sm-2f8">
         <name>PinMux_init</name>
         <value>0x83f75</value>
         <object_component_ref idref="oc-1a9"/>
      </symbol>
      <symbol id="sm-2f9">
         <name>CLB_SCLK_1_init</name>
         <value>0x84361</value>
         <object_component_ref idref="oc-1e5"/>
      </symbol>
      <symbol id="sm-2fa">
         <name>CLB_SCLK_2_init</name>
         <value>0x8437f</value>
         <object_component_ref idref="oc-1f1"/>
      </symbol>
      <symbol id="sm-2fb">
         <name>CCSI1_TX_TILE_init</name>
         <value>0x83000</value>
         <object_component_ref idref="oc-1bb"/>
      </symbol>
      <symbol id="sm-2fc">
         <name>Board_init</name>
         <value>0x8410b</value>
         <object_component_ref idref="oc-c3"/>
      </symbol>
      <symbol id="sm-2fd">
         <name>CCSI1_RX_TILE_init</name>
         <value>0x83434</value>
         <object_component_ref idref="oc-1b5"/>
      </symbol>
      <symbol id="sm-2fe">
         <name>SYNC_init</name>
         <value>0x846aa</value>
         <object_component_ref idref="oc-1af"/>
      </symbol>
      <symbol id="sm-2ff">
         <name>EPWM_init</name>
         <value>0x834c7</value>
         <object_component_ref idref="oc-203"/>
      </symbol>
      <symbol id="sm-300">
         <name>myCLBINPUTXBARINPUT1_init</name>
         <value>0x847a1</value>
         <object_component_ref idref="oc-1d3"/>
      </symbol>
      <symbol id="sm-301">
         <name>myCLBINPUTXBARINPUT0_init</name>
         <value>0x8479b</value>
         <object_component_ref idref="oc-1cd"/>
      </symbol>
      <symbol id="sm-302">
         <name>myCLBINPUTXBARINPUT3_init</name>
         <value>0x847ad</value>
         <object_component_ref idref="oc-1df"/>
      </symbol>
      <symbol id="sm-303">
         <name>myCLBINPUTXBARINPUT2_init</name>
         <value>0x847a7</value>
         <object_component_ref idref="oc-1d9"/>
      </symbol>
      <symbol id="sm-304">
         <name>CCSI2_TX_TILE_init</name>
         <value>0x830f4</value>
         <object_component_ref idref="oc-1c7"/>
      </symbol>
      <symbol id="sm-305">
         <name>CLB_SPICLK_1_init</name>
         <value>0x843d9</value>
         <object_component_ref idref="oc-1eb"/>
      </symbol>
      <symbol id="sm-3ed">
         <name>TILE2HLCInstr</name>
         <value>0xa020</value>
         <object_component_ref idref="oc-355"/>
      </symbol>
      <symbol id="sm-3ee">
         <name>initTILE2</name>
         <value>0x82461</value>
         <object_component_ref idref="oc-22f"/>
      </symbol>
      <symbol id="sm-3ef">
         <name>initTILE1</name>
         <value>0x82000</value>
         <object_component_ref idref="oc-229"/>
      </symbol>
      <symbol id="sm-3f0">
         <name>TILE1HLCInstr</name>
         <value>0xa000</value>
         <object_component_ref idref="oc-350"/>
      </symbol>
      <symbol id="sm-416">
         <name>Device_enableAllPeripherals</name>
         <value>0x82f24</value>
         <object_component_ref idref="oc-199"/>
      </symbol>
      <symbol id="sm-417">
         <name>Device_initGPIO</name>
         <value>0x846bb</value>
         <object_component_ref idref="oc-b7"/>
      </symbol>
      <symbol id="sm-418">
         <name>Device_init</name>
         <value>0x83bdc</value>
         <object_component_ref idref="oc-b1"/>
      </symbol>
      <symbol id="sm-419">
         <name>__error__</name>
         <value>0x847c3</value>
         <object_component_ref idref="oc-18d"/>
      </symbol>
      <symbol id="sm-428">
         <name>code_start</name>
         <value>0x80000</value>
         <object_component_ref idref="oc-22"/>
      </symbol>
      <symbol id="sm-45c">
         <name>CLB_configCounterLoadMatch</name>
         <value>0x83c36</value>
         <object_component_ref idref="oc-34a"/>
      </symbol>
      <symbol id="sm-476">
         <name>CPUTimer_setEmulationMode</name>
         <value>0x84685</value>
         <object_component_ref idref="oc-24c"/>
      </symbol>
      <symbol id="sm-491">
         <name>EPWM_setEmulationMode</name>
         <value>0x8459f</value>
         <object_component_ref idref="oc-23e"/>
      </symbol>
      <symbol id="sm-501">
         <name>Flash_initModule</name>
         <value>0x8000</value>
         <object_component_ref idref="oc-17b"/>
      </symbol>
      <symbol id="sm-549">
         <name>GPIO_setQualificationMode</name>
         <value>0x84037</value>
         <object_component_ref idref="oc-216"/>
      </symbol>
      <symbol id="sm-54a">
         <name>GPIO_setPadConfig</name>
         <value>0x83d3e</value>
         <object_component_ref idref="oc-318"/>
      </symbol>
      <symbol id="sm-54b">
         <name>GPIO_setAnalogMode</name>
         <value>0x839e8</value>
         <object_component_ref idref="oc-19f"/>
      </symbol>
      <symbol id="sm-54c">
         <name>GPIO_setDirectionMode</name>
         <value>0x8416d</value>
         <object_component_ref idref="oc-210"/>
      </symbol>
      <symbol id="sm-54d">
         <name>GPIO_setPinConfig</name>
         <value>0x84000</value>
         <object_component_ref idref="oc-21c"/>
      </symbol>
      <symbol id="sm-5c6">
         <name>Interrupt_defaultHandler</name>
         <value>0x845b5</value>
         <object_component_ref idref="oc-57"/>
      </symbol>
      <symbol id="sm-5c7">
         <name>Interrupt_disable</name>
         <value>0x83d90</value>
         <object_component_ref idref="oc-98"/>
      </symbol>
      <symbol id="sm-5c8">
         <name>Interrupt_initModule</name>
         <value>0x83efb</value>
         <object_component_ref idref="oc-bd"/>
      </symbol>
      <symbol id="sm-5c9">
         <name>Interrupt_nmiHandler</name>
         <value>0x8475c</value>
         <object_component_ref idref="oc-69"/>
      </symbol>
      <symbol id="sm-5ca">
         <name>Interrupt_enable</name>
         <value>0x8406e</value>
         <object_component_ref idref="oc-ed"/>
      </symbol>
      <symbol id="sm-5cb">
         <name>Interrupt_initVectorTable</name>
         <value>0x84433</value>
         <object_component_ref idref="oc-58"/>
      </symbol>
      <symbol id="sm-5cc">
         <name>Interrupt_illegalOperationHandler</name>
         <value>0x84752</value>
         <object_component_ref idref="oc-63"/>
      </symbol>
      <symbol id="sm-6de">
         <name>SysCtl_isPLLValid</name>
         <value>0x82e26</value>
         <object_component_ref idref="oc-306"/>
      </symbol>
      <symbol id="sm-6df">
         <name>SysCtl_delay</name>
         <value>0x812a</value>
         <object_component_ref idref="oc-2f9"/>
      </symbol>
      <symbol id="sm-6e0">
         <name>SysCtl_selectXTALSingleEnded</name>
         <value>0x84341</value>
         <object_component_ref idref="oc-414"/>
      </symbol>
      <symbol id="sm-6e1">
         <name>SysCtl_selectXTAL</name>
         <value>0x83f38</value>
         <object_component_ref idref="oc-40e"/>
      </symbol>
      <symbol id="sm-6e2">
         <name>SysCtl_selectOscSource</name>
         <value>0x83e2a</value>
         <object_component_ref idref="oc-2fa"/>
      </symbol>
      <symbol id="sm-6e3">
         <name>SysCtl_getLowSpeedClock</name>
         <value>0x844fa</value>
         <object_component_ref idref="oc-193"/>
      </symbol>
      <symbol id="sm-6e4">
         <name>SysCtl_setClock</name>
         <value>0x82d06</value>
         <object_component_ref idref="oc-181"/>
      </symbol>
      <symbol id="sm-6e5">
         <name>SysCtl_getClock</name>
         <value>0x83b1c</value>
         <object_component_ref idref="oc-187"/>
      </symbol>
      <symbol id="sm-70a">
         <name>XBAR_setCLBMuxConfig</name>
         <value>0x841ce</value>
         <object_component_ref idref="oc-1fd"/>
      </symbol>
      <symbol id="sm-70b">
         <name>XBAR_setOutputMuxConfig</name>
         <value>0x83fad</value>
         <object_component_ref idref="oc-32e"/>
      </symbol>
      <symbol id="sm-715">
         <name>_c_int00</name>
         <value>0x84572</value>
         <object_component_ref idref="oc-145"/>
      </symbol>
      <symbol id="sm-716">
         <name>__stack</name>
         <value>0x400</value>
         <object_component_ref idref="oc-6f"/>
      </symbol>
      <symbol id="sm-71e">
         <name>__c28xabi_subd</name>
         <value>0x846f9</value>
         <object_component_ref idref="oc-3b3"/>
      </symbol>
      <symbol id="sm-729">
         <name>__c28xabi_dtoul</name>
         <value>0x844df</value>
         <object_component_ref idref="oc-3b8"/>
      </symbol>
      <symbol id="sm-736">
         <name>__c28xabi_divf</name>
         <value>0x83701</value>
         <object_component_ref idref="oc-246"/>
      </symbol>
      <symbol id="sm-743">
         <name>__c28xabi_ultod</name>
         <value>0x845cb</value>
         <object_component_ref idref="oc-3a8"/>
      </symbol>
      <symbol id="sm-756">
         <name>__c28xabi_divd</name>
         <value>0x83676</value>
         <object_component_ref idref="oc-3ae"/>
      </symbol>
      <symbol id="sm-768">
         <name>memcpy</name>
         <value>0x8446f</value>
         <object_component_ref idref="oc-72"/>
      </symbol>
      <symbol id="sm-775">
         <name>_system_pre_init</name>
         <value>0x847c6</value>
         <object_component_ref idref="oc-292"/>
      </symbol>
      <symbol id="sm-784">
         <name>__TI_auto_init_nobinit_nopinit</name>
         <value>0x84283</value>
         <object_component_ref idref="oc-3c6"/>
      </symbol>
      <symbol id="sm-793">
         <name>__TI_zero_init_nomemset</name>
         <value>0x84721</value>
         <object_component_ref idref="oc-7a"/>
      </symbol>
      <symbol id="sm-7a0">
         <name>__TI_decompress_none</name>
         <value>0x84777</value>
         <object_component_ref idref="oc-1b"/>
      </symbol>
      <symbol id="sm-7b4">
         <name>__TI_decompress_lzss</name>
         <value>0x8419e</value>
         <object_component_ref idref="oc-15"/>
      </symbol>
      <symbol id="sm-7ca">
         <name>C$$EXIT</name>
         <value>0x842ae</value>
         <object_component_ref idref="oc-29f"/>
      </symbol>
      <symbol id="sm-7cb">
         <name>abort</name>
         <value>0x842ae</value>
         <object_component_ref idref="oc-29f"/>
      </symbol>
      <symbol id="sm-7cc">
         <name>exit</name>
         <value>0x842b0</value>
         <object_component_ref idref="oc-29f"/>
      </symbol>
      <symbol id="sm-7cd">
         <name>__TI_dtors_ptr</name>
         <value>0xa044</value>
         <object_component_ref idref="oc-3f8"/>
      </symbol>
      <symbol id="sm-7ce">
         <name>__TI_cleanup_ptr</name>
         <value>0xa042</value>
         <object_component_ref idref="oc-3f8"/>
      </symbol>
      <symbol id="sm-7cf">
         <name>__TI_enable_exit_profile_output</name>
         <value>0xa040</value>
         <object_component_ref idref="oc-3f8"/>
      </symbol>
      <symbol id="sm-7e6">
         <name>_nop</name>
         <value>0x8476e</value>
         <object_component_ref idref="oc-4cd"/>
      </symbol>
      <symbol id="sm-7e7">
         <name>_lock</name>
         <value>0xa04e</value>
         <object_component_ref idref="oc-3fb"/>
      </symbol>
      <symbol id="sm-7e8">
         <name>_unlock</name>
         <value>0xa050</value>
         <object_component_ref idref="oc-50d"/>
      </symbol>
      <symbol id="sm-7e9">
         <name>_register_lock</name>
         <value>0x8476a</value>
         <object_component_ref idref="oc-4cd"/>
      </symbol>
      <symbol id="sm-7ea">
         <name>_register_unlock</name>
         <value>0x84766</value>
         <object_component_ref idref="oc-4cd"/>
      </symbol>
      <symbol id="sm-7f9">
         <name>_args_main</name>
         <value>0x8473b</value>
         <object_component_ref idref="oc-299"/>
      </symbol>
      <symbol id="sm-811">
         <name>__c28xabi_addd</name>
         <value>0x83398</value>
         <object_component_ref idref="oc-4a9"/>
      </symbol>
      <symbol id="sm-81f">
         <name>_system_post_cinit</name>
         <value>0x847c8</value>
         <object_component_ref idref="oc-4b3"/>
      </symbol>
      <symbol id="sm-821">
         <name>__c_args__</name>
         <value>0x0</value>
      </symbol>
   </symbol_table>
   <title>Link successful</title>
</link_info>
